Component: ARM Compiler 5.06 update 1 (build 61) Tool: armlink [4d35a8]

==============================================================================

Section Cross References

    startup_stm32f103xb.o(STACK) refers (Special) to heapauxi.o(.text) for __use_two_region_memory
    startup_stm32f103xb.o(HEAP) refers (Special) to heapauxi.o(.text) for __use_two_region_memory
    startup_stm32f103xb.o(RESET) refers (Special) to heapauxi.o(.text) for __use_two_region_memory
    startup_stm32f103xb.o(RESET) refers to startup_stm32f103xb.o(STACK) for __initial_sp
    startup_stm32f103xb.o(RESET) refers to startup_stm32f103xb.o(.text) for Reset_Handler
    startup_stm32f103xb.o(RESET) refers to stm32f1xx_it.o(i.NMI_Handler) for NMI_Handler
    startup_stm32f103xb.o(RESET) refers to stm32f1xx_it.o(i.HardFault_Handler) for HardFault_Handler
    startup_stm32f103xb.o(RESET) refers to stm32f1xx_it.o(i.MemManage_Handler) for MemManage_Handler
    startup_stm32f103xb.o(RESET) refers to stm32f1xx_it.o(i.BusFault_Handler) for BusFault_Handler
    startup_stm32f103xb.o(RESET) refers to stm32f1xx_it.o(i.UsageFault_Handler) for UsageFault_Handler
    startup_stm32f103xb.o(RESET) refers to stm32f1xx_it.o(i.SVC_Handler) for SVC_Handler
    startup_stm32f103xb.o(RESET) refers to stm32f1xx_it.o(i.DebugMon_Handler) for DebugMon_Handler
    startup_stm32f103xb.o(RESET) refers to stm32f1xx_it.o(i.PendSV_Handler) for PendSV_Handler
    startup_stm32f103xb.o(RESET) refers to stm32f1xx_it.o(i.SysTick_Handler) for SysTick_Handler
    startup_stm32f103xb.o(RESET) refers to stm32f1xx_it.o(i.DMA1_Channel4_IRQHandler) for DMA1_Channel4_IRQHandler
    startup_stm32f103xb.o(RESET) refers to stm32f1xx_it.o(i.DMA1_Channel5_IRQHandler) for DMA1_Channel5_IRQHandler
    startup_stm32f103xb.o(RESET) refers to stm32f1xx_it.o(i.DMA1_Channel6_IRQHandler) for DMA1_Channel6_IRQHandler
    startup_stm32f103xb.o(RESET) refers to stm32f1xx_it.o(i.DMA1_Channel7_IRQHandler) for DMA1_Channel7_IRQHandler
    startup_stm32f103xb.o(RESET) refers to stm32f1xx_it.o(i.TIM3_IRQHandler) for TIM3_IRQHandler
    startup_stm32f103xb.o(RESET) refers to stm32f1xx_it.o(i.USART1_IRQHandler) for USART1_IRQHandler
    startup_stm32f103xb.o(RESET) refers to stm32f1xx_it.o(i.USART2_IRQHandler) for USART2_IRQHandler
    startup_stm32f103xb.o(.text) refers (Special) to heapauxi.o(.text) for __use_two_region_memory
    startup_stm32f103xb.o(.text) refers to system_stm32f1xx.o(i.SystemInit) for SystemInit
    startup_stm32f103xb.o(.text) refers to __main.o(!!!main) for __main
    startup_stm32f103xb.o(.text) refers to startup_stm32f103xb.o(HEAP) for Heap_Mem
    startup_stm32f103xb.o(.text) refers to startup_stm32f103xb.o(STACK) for Stack_Mem
    main.o(i.Config_WaitTime) refers to main.o(.data) for .data
    main.o(i.GetSpecData) refers to stm32f1xx_hal_uart.o(i.HAL_UART_Transmit) for HAL_UART_Transmit
    main.o(i.GetSpecData) refers to stm32f1xx_hal.o(i.HAL_Delay) for HAL_Delay
    main.o(i.GetSpecData) refers to memcmp.o(.text) for memcmp
    main.o(i.GetSpecData) refers to rt_memclr.o(.text) for __aeabi_memclr
    main.o(i.GetSpecData) refers to tim.o(i.PWM_PulseWidth) for PWM_PulseWidth
    main.o(i.GetSpecData) refers to main.o(i.ModBus_CRC16) for ModBus_CRC16
    main.o(i.GetSpecData) refers to stm32f1xx_hal_uart.o(i.HAL_UART_Receive_DMA) for HAL_UART_Receive_DMA
    main.o(i.GetSpecData) refers to usart.o(.bss) for huart2
    main.o(i.GetSpecData) refers to main.o(.data) for .data
    main.o(i.GetSpecData) refers to usart.o(.bss) for DATA_CACHE2
    main.o(i.GetSpecData) refers to usart.o(.bss) for DATA_CACHE1
    main.o(i.GetSpecData) refers to usart.o(.data) for USART_RX2_LENDEMO
    main.o(i.Judge_SpecStatus) refers to memcmp.o(.text) for memcmp
    main.o(i.Judge_SpecStatus) refers to stm32f1xx_hal_uart.o(i.HAL_UART_Transmit) for HAL_UART_Transmit
    main.o(i.Judge_SpecStatus) refers to main.o(.data) for .data
    main.o(i.Judge_SpecStatus) refers to usart.o(.bss) for DATA_CACHE2
    main.o(i.Judge_SpecStatus) refers to usart.o(.bss) for huart1
    main.o(i.Judge_SpecStatus) refers to usart.o(.data) for USART_RX2_LENDEMO
    main.o(i.ModBus_CRC16) refers to main.o(.data) for .data
    main.o(i.SPEC_Init) refers to stm32f1xx_hal_uart.o(i.HAL_UART_Transmit) for HAL_UART_Transmit
    main.o(i.SPEC_Init) refers to stm32f1xx_hal.o(i.HAL_Delay) for HAL_Delay
    main.o(i.SPEC_Init) refers to main.o(i.Judge_SpecStatus) for Judge_SpecStatus
    main.o(i.SPEC_Init) refers to main.o(i.Config_WaitTime) for Config_WaitTime
    main.o(i.SPEC_Init) refers to main.o(.data) for .data
    main.o(i.SPEC_Init) refers to usart.o(.bss) for huart2
    main.o(i.STM32_Init) refers to stm32f1xx_hal_uart.o(i.HAL_UART_Receive_DMA) for HAL_UART_Receive_DMA
    main.o(i.STM32_Init) refers to stm32f1xx_hal_tim.o(i.HAL_TIM_PWM_Start) for HAL_TIM_PWM_Start
    main.o(i.STM32_Init) refers to usart.o(.bss) for USART_RX1_BUFFER
    main.o(i.STM32_Init) refers to usart.o(.bss) for huart1
[...]
    locale$$data                             0x08006500   Section       28  lc_numeric_c.o(locale$$data)
    __lcnum_c_name                           0x08006504   Data           2  lc_numeric_c.o(locale$$data)
    __lcnum_c_start                          0x0800650c   Data           0  lc_numeric_c.o(locale$$data)
    __lcnum_c_point                          0x08006518   Data           0  lc_numeric_c.o(locale$$data)
    __lcnum_c_thousands                      0x0800651a   Data           0  lc_numeric_c.o(locale$$data)
    __lcnum_c_grouping                       0x0800651b   Data           0  lc_numeric_c.o(locale$$data)
    __lcnum_c_end                            0x0800651c   Data           0  lc_numeric_c.o(locale$$data)
    .data                                    0x20000000   Section      256  main.o(.data)
    .data                                    0x20000100   Section       12  adc.o(.data)
    .data                                    0x2000010c   Section        1  usart.o(.data)
    .data                                    0x2000010d   Section        1  usart.o(.data)
    .data                                    0x2000010e   Section        1  usart.o(.data)
    .data                                    0x20000110   Section       31  sht30_i2c_driver.o(.data)
    .data                                    0x20000130   Section       12  stm32f1xx_hal.o(.data)
    .data                                    0x2000013c   Section        4  system_stm32f1xx.o(.data)
    .data                                    0x20000140   Section        4  stdio_streams.o(.data)
    .data                                    0x20000144   Section        4  stdio_streams.o(.data)
    .data                                    0x20000148   Section        4  stdio_streams.o(.data)
    .bss                                     0x2000014c   Section       48  adc.o(.bss)
    .bss                                     0x2000017c   Section       84  i2c.o(.bss)
    .bss                                     0x200001d0   Section      144  tim.o(.bss)
    .bss                                     0x20000260   Section       16  usart.o(.bss)
    .bss                                     0x20000270   Section     6144  usart.o(.bss)
    .bss                                     0x20001a70   Section       16  usart.o(.bss)
    .bss                                     0x20001a80   Section     6144  usart.o(.bss)
    .bss                                     0x20003280   Section      408  usart.o(.bss)
    .bss                                     0x20003418   Section       84  stdio_streams.o(.bss)
    .bss                                     0x2000346c   Section       84  stdio_streams.o(.bss)
    .bss                                     0x200034c0   Section       84  stdio_streams.o(.bss)
    .bss                                     0x20003514   Section       96  libspace.o(.bss)
    HEAP                                     0x20003578   Section      512  startup_stm32f103xb.o(HEAP)
    Heap_Mem                                 0x20003578   Data         512  startup_stm32f103xb.o(HEAP)
    STACK                                    0x20003778   Section     1024  startup_stm32f103xb.o(STACK)
    Stack_Mem                                0x20003778   Data        1024  startup_stm32f103xb.o(STACK)
    __initial_sp                             0x20003b78   Data           0  startup_stm32f103xb.o(STACK)

    Global Symbols

    Symbol Name                              Value     Ov Type        Size  Object(Section)

    BuildAttributes$$THM_ISAv4$P$D$K$B$S$PE$A:L22UL41UL21$X:L11$S22US41US21$IEEE1$IW$USESV6$~STKCKD$USESV7$~SHL$OTIME$ROPI$IEEEJ$EBA8$UX$STANDARDLIB$REQ8$PRES8$EABIv2 0x00000000   Number         0  anon$$obj.o ABSOLUTE
    __ARM_use_no_argv                        0x00000000   Number         0  main.o ABSOLUTE
    _printf_flags                            0x00000000   Number         0  printf_stubs.o ABSOLUTE
    _printf_return_value                     0x00000000   Number         0  printf_stubs.o ABSOLUTE
    _printf_sizespec                         0x00000000   Number         0  printf_stubs.o ABSOLUTE
    _printf_widthprec                        0x00000000   Number         0  printf_stubs.o ABSOLUTE
    __ARM_exceptions_init                     - Undefined Weak Reference
    __alloca_initialize                       - Undefined Weak Reference
    __arm_preinit_                            - Undefined Weak Reference
    __cpp_initialize__aeabi_                  - Undefined Weak Reference
    __cxa_finalize                            - Undefined Weak Reference
    __sigvec_lookup                           - Undefined Weak Reference
    __user_heap_extent                        - Undefined Weak Reference
    _atexit_init                              - Undefined Weak Reference
    _call_atexit_fns                          - Undefined Weak Reference
    _clock_init                               - Undefined Weak Reference
    _fp_trap_init                             - Undefined Weak Reference
    _fp_trap_shutdown                         - Undefined Weak Reference
    _get_lc_collate                           - Undefined Weak Reference
    _get_lc_ctype                             - Undefined Weak Reference
    _get_lc_monetary                          - Undefined Weak Reference
    _get_lc_time                              - Undefined Weak Reference
    _getenv_init                              - Undefined Weak Reference
    _handle_redirection                       - Undefined Weak Reference
    _mutex_acquire                            - Undefined Weak Reference
    _mutex_free                               - Undefined Weak Reference
    _mutex_release                            - Undefined Weak Reference
    _printf_post_padding                      - Undefined Weak Reference
    _printf_pre_padding                       - Undefined Weak Reference
    _rand_init                                - Undefined Weak Reference
    _signal_finish                            - Undefined Weak Reference
    _signal_init                              - Undefined Weak Reference
    __Vectors_Size                           0x000000ec   Number         0  startup_stm32f103xb.o ABSOLUTE
    __Vectors                                0x08000000   Data           4  startup_stm32f103xb.o(RESET)
    __Vectors_End                            0x080000ec   Data           0  startup_stm32f103xb.o(RESET)
    __main                                   0x080000ed   Thumb Code     8  __main.o(!!!main)
    __scatterload                            0x080000f5   Thumb Code     0  __scatter.o(!!!scatter)
    __scatterload_rt2                        0x080000f5   Thumb Code    44  __scatter.o(!!!scatter)
    __scatterload_rt2_thumb_only             0x080000f5   Thumb Code     0  __scatter.o(!!!scatter)
    __scatterload_null                       0x08000103   Thumb Code     0  __scatter.o(!!!scatter)
    __decompress                             0x08000129   Thumb Code    90  __dczerorl2.o(!!dczerorl2)
    __decompress1                            0x08000129   Thumb Code     0  __dczerorl2.o(!!dczerorl2)
    __scatterload_zeroinit                   0x08000185   Thumb Code    28  __scatter_zi.o(!!handler_zi)
    _printf_f                                0x080001a1   Thumb Code     0  _printf_f.o(.ARM.Collect$$_printf_percent$$00000003)
    _printf_percent                          0x080001a1   Thumb Code     0  _printf_percent.o(.ARM.Collect$$_printf_percent$$00000000)
    _printf_percent_end                      0x080001a7   Thumb Code     0  _printf_percent_end.o(.ARM.Collect$$_printf_percent$$00000017)
    __rt_lib_init                            0x080001ab   Thumb Code     0  libinit.o(.ARM.Collect$$libinit$$00000000)
    __rt_lib_init_fp_1                       0x080001ad   Thumb Code     0  libinit2.o(.ARM.Collect$$libinit$$00000002)
    __rt_lib_init_heap_2                     0x080001ad   Thumb Code     0  libinit2.o(.ARM.Collect$$libinit$$00000005)
    __rt_lib_init_preinit_1                  0x080001ad   Thumb Code     0  libinit2.o(.ARM.Collect$$libinit$$00000004)
    __rt_lib_init_heap_1                     0x080001b5   Thumb Code     0  libinit2.o(.ARM.Collect$$libinit$$0000000A)
    __rt_lib_init_lc_common                  0x080001b5   Thumb Code     0  libinit2.o(.ARM.Collect$$libinit$$0000000F)
    __rt_lib_init_rand_1                     0x080001b5   Thumb Code     0  libinit2.o(.ARM.Collect$$libinit$$0000000E)
    __rt_lib_init_user_alloc_1               0x080001b5   Thumb Code     0  libinit2.o(.ARM.Collect$$libinit$$0000000C)
    __rt_lib_init_lc_collate_1               0x080001bb   Thumb Code     0  libinit2.o(.ARM.Collect$$libinit$$00000011)
    __rt_lib_init_lc_ctype_1                 0x080001bb   Thumb Code     0  libinit2.o(.ARM.Collect$$libinit$$00000013)
    __rt_lib_init_lc_monetary_1              0x080001bb   Thumb Code     0  libinit2.o(.ARM.Collect$$libinit$$00000015)
    __rt_lib_init_lc_numeric_2               0x080001bb   Thumb Code     0  libinit2.o(.ARM.Collect$$libinit$$00000016)
    __rt_lib_init_atexit_1                   0x080001c5   Thumb Code     0  libinit2.o(.ARM.Collect$$libinit$$0000001B)
    __rt_lib_init_clock_1                    0x080001c5   Thumb Code     0  libinit2.o(.ARM.Collect$$libinit$$00000021)
    __rt_lib_init_fp_trap_1                  0x080001c5   Thumb Code     0  libinit2.o(.ARM.Collect$$libinit$$0000001F)
    __rt_lib_init_getenv_1                   0x080001c5   Thumb Code     0  libinit2.o(.ARM.Collect$$libinit$$00000023)
    __rt_lib_init_lc_numeric_1               0x080001c5   Thumb Code     0  libinit2.o(.ARM.Collect$$libinit$$00000017)
    __rt_lib_init_lc_time_1                  0x080001c5   Thumb Code     0  libinit2.o(.ARM.Collect$$libinit$$00000019)
    __rt_lib_init_signal_1                   0x080001c5   Thumb Code     0  libinit2.o(.ARM.Collect$$libinit$$0000001D)
    __rt_lib_init_stdio_2                    0x080001c5   Thumb Code     0  libinit2.o(.ARM.Collect$$libinit$$00000024)
    __rt_lib_init_alloca_1                   0x080001c9   Thumb Code     0  libinit2.o(.ARM.Collect$$libinit$$0000002E)
    __rt_lib_init_argv_1                     0x080001c9   Thumb Code     0  libinit2.o(.ARM.Collect$$libinit$$0000002C)
    __rt_lib_init_cpp_1                      0x080001c9   Thumb Code     0  libinit2.o(.ARM.Collect$$libinit$$00000032)
    __rt_lib_init_exceptions_1               0x080001c9   Thumb Code     0  libinit2.o(.ARM.Collect$$libinit$$00000030)
    __rt_lib_init_return                     0x080001c9   Thumb Code     0  libinit2.o(.ARM.Collect$$libinit$$00000033)
    __rt_lib_init_stdio_1                    0x080001c9   Thumb Code     0  libinit2.o(.ARM.Collect$$libinit$$00000025)
    __rt_lib_shutdown                        0x080001cb   Thumb Code     0  libshutdown.o(.ARM.Collect$$libshutdown$$00000000)
    __rt_lib_shutdown_cpp_1                  0x080001cd   Thumb Code     0  libshutdown2.o(.ARM.Collect$$libshutdown$$00000002)
    __rt_lib_shutdown_stdio_2                0x080001cd   Thumb Code     0  libshutdown2.o(.ARM.Collect$$libshutdown$$00000003)
    __rt_lib_shutdown_fp_trap_1              0x080001d1   Thumb Code     0  libshutdown2.o(.ARM.Collect$$libshutdown$$00000007)
    __rt_lib_shutdown_heap_1                 0x080001d1   Thumb Code     0  libshutdown2.o(.ARM.Collect$$libshutdown$$0000000F)
    __rt_lib_shutdown_return                 0x080001d1   Thumb Code     0  libshutdown2.o(.ARM.Collect$$libshutdown$$00000010)
    __rt_lib_shutdown_signal_1               0x080001d1   Thumb Code     0  libshutdown2.o(.ARM.Collect$$libshutdown$$0000000A)
    __rt_lib_shutdown_stdio_1                0x080001d1   Thumb Code     0  libshutdown2.o(.ARM.Collect$$libshutdown$$00000004)
    __rt_lib_shutdown_user_alloc_1           0x080001d1   Thumb Code     0  libshutdown2.o(.ARM.Collect$$libshutdown$$0000000C)
    __rt_entry                               0x080001d3   Thumb Code     0  __rtentry.o(.ARM.Collect$$rtentry$$00000000)
    __rt_entry_presh_1                       0x080001d3   Thumb Code     0  __rtentry2.o(.ARM.Collect$$rtentry$$00000002)
    __rt_entry_sh                            0x080001d3   Thumb Code     0  __rtentry4.o(.ARM.Collect$$rtentry$$00000004)
    __rt_entry_li                            0x080001d9   Thumb Code     0  __rtentry2.o(.ARM.Collect$$rtentry$$0000000A)
    __rt_entry_postsh_1                      0x080001d9   Thumb Code     0  __rtentry2.o(.ARM.Collect$$rtentry$$00000009)
    __rt_entry_main                          0x080001dd   Thumb Code     0  __rtentry2.o(.ARM.Collect$$rtentry$$0000000D)
    __rt_entry_postli_1                      0x080001dd   Thumb Code     0  __rtentry2.o(.ARM.Collect$$rtentry$$0000000C)
    __rt_exit                                0x080001e5   Thumb Code     0  rtexit.o(.ARM.Collect$$rtexit$$00000000)
    __rt_exit_ls                             0x080001e7   Thumb Code     0  rtexit2.o(.ARM.Collect$$rtexit$$00000003)
    __rt_exit_prels_1                        0x080001e7   Thumb Code     0  rtexit2.o(.ARM.Collect$$rtexit$$00000002)
    __rt_exit_exit                           0x080001eb   Thumb Code     0  rtexit2.o(.ARM.Collect$$rtexit$$00000004)
    Reset_Handler                            0x080001f1   Thumb Code     8  startup_stm32f103xb.o(.text)
    _maybe_terminate_alloc                   0x080001f1   Thumb Code     0  maybetermalloc1.o(.emb_text)
    ADC1_2_IRQHandler                        0x0800020b   Thumb Code     0  startup_stm32f103xb.o(.text)
    CAN1_RX1_IRQHandler                      0x0800020b   Thumb Code     0  startup_stm32f103xb.o(.text)
    CAN1_SCE_IRQHandler                      0x0800020b   Thumb Code     0  startup_stm32f103xb.o(.text)
    DMA1_Channel1_IRQHandler                 0x0800020b   Thumb Code     0  startup_stm32f103xb.o(.text)
    DMA1_Channel2_IRQHandler                 0x0800020b   Thumb Code     0  startup_stm32f103xb.o(.text)
    DMA1_Channel3_IRQHandler                 0x0800020b   Thumb Code     0  startup_stm32f103xb.o(.text)
    EXTI0_IRQHandler                         0x0800020b   Thumb Code     0  startup_stm32f103xb.o(.text)
    EXTI15_10_IRQHandler                     0x0800020b   Thumb Code     0  startup_stm32f103xb.o(.text)
    EXTI1_IRQHandler                         0x0800020b   Thumb Code     0  startup_stm32f103xb.o(.text)
    EXTI2_IRQHandler                         0x0800020b   Thumb Code     0  startup_stm32f103xb.o(.text)
    EXTI3_IRQHandler                         0x0800020b   Thumb Code     0  startup_stm32f103xb.o(.text)
    EXTI4_IRQHandler                         0x0800020b   Thumb Code     0  startup_stm32f103xb.o(.text)
    EXTI9_5_IRQHandler                       0x0800020b   Thumb Code     0  startup_stm32f103xb.o(.text)
    FLASH_IRQHandler                         0x0800020b   Thumb Code     0  startup_stm32f103xb.o(.text)
    I2C1_ER_IRQHandler                       0x0800020b   Thumb Code     0  startup_stm32f103xb.o(.text)
    I2C1_EV_IRQHandler                       0x0800020b   Thumb Code     0  startup_stm32f103xb.o(.text)
    I2C2_ER_IRQHandler                       0x0800020b   Thumb Code     0  startup_stm32f103xb.o(.text)
    I2C2_EV_IRQHandler                       0x0800020b   Thumb Code     0  startup_stm32f103xb.o(.text)
    PVD_IRQHandler                           0x0800020b   Thumb Code     0  startup_stm32f103xb.o(.text)
    RCC_IRQHandler                           0x0800020b   Thumb Code     0  startup_stm32f103xb.o(.text)
    RTC_Alarm_IRQHandler                     0x0800020b   Thumb Code     0  startup_stm32f103xb.o(.text)
    RTC_IRQHandler                           0x0800020b   Thumb Code     0  startup_stm32f103xb.o(.text)
    SPI1_IRQHandler                          0x0800020b   Thumb Code     0  startup_stm32f103xb.o(.text)
    SPI2_IRQHandler                          0x0800020b   Thumb Code     0  startup_stm32f103xb.o(.text)
    TAMPER_IRQHandler                        0x0800020b   Thumb Code     0  startup_stm32f103xb.o(.text)
    TIM1_BRK_IRQHandler                      0x0800020b   Thumb Code     0  startup_stm32f103xb.o(.text)
    TIM1_CC_IRQHandler                       0x0800020b   Thumb Code     0  startup_stm32f103xb.o(.text)
    TIM1_TRG_COM_IRQHandler                  0x0800020b   Thumb Code     0  startup_stm32f103xb.o(.text)
    TIM1_UP_IRQHandler                       0x0800020b   Thumb Code     0  startup_stm32f103xb.o(.text)
    TIM2_IRQHandler                          0x0800020b   Thumb Code     0  startup_stm32f103xb.o(.text)
    TIM4_IRQHandler                          0x0800020b   Thumb Code     0  startup_stm32f103xb.o(.text)
    USART3_IRQHandler                        0x0800020b   Thumb Code     0  startup_stm32f103xb.o(.text)
    USBWakeUp_IRQHandler                     0x0800020b   Thumb Code     0  startup_stm32f103xb.o(.text)
    USB_HP_CAN1_TX_IRQHandler                0x0800020b   Thumb Code     0  startup_stm32f103xb.o(.text)
    USB_LP_CAN1_RX0_IRQHandler               0x0800020b   Thumb Code     0  startup_stm32f103xb.o(.text)
    WWDG_IRQHandler                          0x0800020b   Thumb Code     0  startup_stm32f103xb.o(.text)
    __user_initial_stackheap                 0x0800020d   Thumb Code     0  startup_stm32f103xb.o(.text)
    __2printf                                0x08000231   Thumb Code    20  noretval__2printf.o(.text)
    __2sprintf                               0x08000249   Thumb Code    34  noretval__2sprintf.o(.text)
    __printf                                 0x08000271   Thumb Code   270  __printf_wp.o(.text)
    memcmp                                   0x0800037f   Thumb Code    88  memcmp.o(.text)
    __aeabi_memcpy                           0x080003d7   Thumb Code     0  rt_memcpy_v6.o(.text)
    __rt_memcpy                              0x080003d7   Thumb Code   138  rt_memcpy_v6.o(.text)
    _memcpy_lastbytes                        0x0800043d   Thumb Code     0  rt_memcpy_v6.o(.text)
    __aeabi_memclr                           0x08000461   Thumb Code     0  rt_memclr.o(.text)
    __rt_memclr                              0x08000461   Thumb Code    68  rt_memclr.o(.text)
    _memset                                  0x08000465   Thumb Code     0  rt_memclr.o(.text)
    __aeabi_memclr4                          0x080004a5   Thumb Code     0  rt_memclr_w.o(.text)
    __aeabi_memclr8                          0x080004a5   Thumb Code     0  rt_memclr_w.o(.text)
    __rt_memclr_w                            0x080004a5   Thumb Code    78  rt_memclr_w.o(.text)
    _memset_w                                0x080004a9   Thumb Code     0  rt_memclr_w.o(.text)
    __use_two_region_memory                  0x080004f3   Thumb Code     2  heapauxi.o(.text)
    __rt_heap_escrow                         0x080004f5   Thumb Code     2  heapauxi.o(.text)
    __rt_heap_expand                         0x080004f7   Thumb Code     2  heapauxi.o(.text)
    __lib_sel_fp_printf                      0x080004f9   Thumb Code     2  _printf_fp_dec.o(.text)
    _printf_fp_dec_real                      0x080006a7   Thumb Code   620  _printf_fp_dec.o(.text)
    _printf_char_common                      0x0800091f   Thumb Code    32  _printf_char_common.o(.text)
    _sputc                                   0x08000945   Thumb Code    10  _sputc.o(.text)
    _printf_char_file                        0x08000951   Thumb Code    32  _printf_char_file.o(.text)
    __aeabi_memcpy4                          0x08000975   Thumb Code     0  rt_memcpy_w.o(.text)
    __aeabi_memcpy8                          0x08000975   Thumb Code     0  rt_memcpy_w.o(.text)
    __rt_memcpy_w                            0x08000975   Thumb Code   100  rt_memcpy_w.o(.text)
    _memcpy_lastbytes_aligned                0x080009bd   Thumb Code     0  rt_memcpy_w.o(.text)
    __rt_locale                              0x080009d9   Thumb Code     8  rt_locale_intlibspace.o(.text)
    _ll_udiv10                               0x080009e1   Thumb Code   138  lludiv10.o(.text)
    _printf_fp_infnan                        0x08000a6d   Thumb Code   112  _printf_fp_infnan.o(.text)
    _btod_etento                             0x08000aed   Thumb Code   216  bigflt0.o(.text)
    ferror                                   0x08000bc9   Thumb Code     8  ferror.o(.text)
    _initio                                  0x08000bd1   Thumb Code   210  initio.o(.text)
    _terminateio                             0x08000ca3   Thumb Code    56  initio.o(.text)
    _sys_open                                0x08000d09   Thumb Code    20  sys_io.o(.text)
    _sys_close                               0x08000d1d   Thumb Code    12  sys_io.o(.text)
    _sys_write                               0x08000d29   Thumb Code    16  sys_io.o(.text)
    _sys_read                                0x08000d39   Thumb Code    14  sys_io.o(.text)
    _sys_istty                               0x08000d47   Thumb Code    12  sys_io.o(.text)
    _sys_seek                                0x08000d53   Thumb Code    14  sys_io.o(.text)
    _sys_ensure                              0x08000d61   Thumb Code     2  sys_io.o(.text)
    _sys_flen                                0x08000d63   Thumb Code    12  sys_io.o(.text)
    __user_libspace                          0x08000d71   Thumb Code     8  libspace.o(.text)
    __user_perproc_libspace                  0x08000d71   Thumb Code     0  libspace.o(.text)
    __user_perthread_libspace                0x08000d71   Thumb Code     0  libspace.o(.text)
    __user_setup_stackheap                   0x08000d79   Thumb Code    74  sys_stackheap_outer.o(.text)
    free                                     0x08000dc3   Thumb Code    78  h1_free.o(.text)
    setvbuf                                  0x08000e11   Thumb Code    70  setvbuf.o(.text)
    freopen                                  0x08000e59   Thumb Code   158  fopen.o(.text)
    fopen                                    0x08000ef7   Thumb Code    74  fopen.o(.text)
    _fclose_internal                         0x08000f45   Thumb Code    76  fclose.o(.text)
    fclose                                   0x08000f45   Thumb Code     0  fclose.o(.text)
    exit                                     0x08000f91   Thumb Code    18  exit.o(.text)
    __rt_SIGRTRED                            0x08000fa3   Thumb Code    14  defsig_rtred_outer.o(.text)
    strcmp                                   0x08000fb1   Thumb Code   128  strcmpv7m.o(.text)
    __I$use$semihosting                      0x08001031   Thumb Code     0  use_no_semi.o(.text)
    __use_no_semihosting_swi                 0x08001031   Thumb Code     2  use_no_semi.o(.text)
    __semihosting_library_function           0x08001033   Thumb Code     0  indicate_semi.o(.text)
    __rt_heap_descriptor                     0x08001035   Thumb Code     8  rt_heap_descriptor_intlibspace.o(.text)
    __use_no_heap                            0x0800103d   Thumb Code     2  hguard.o(.text)
    __heap$guard                             0x0800103f   Thumb Code     2  hguard.o(.text)
    _terminate_user_alloc                    0x08001041   Thumb Code     2  init_alloc.o(.text)
    _init_user_alloc                         0x08001043   Thumb Code     2  init_alloc.o(.text)
    __Heap_Full                              0x08001045   Thumb Code    34  init_alloc.o(.text)
    __Heap_Broken                            0x08001067   Thumb Code     6  init_alloc.o(.text)
    _init_alloc                              0x0800106d   Thumb Code    94  init_alloc.o(.text)
    malloc                                   0x080010cb   Thumb Code    94  h1_alloc.o(.text)
    _fseek                                   0x08001129   Thumb Code   242  fseek.o(.text)
    fseek                                    0x08001129   Thumb Code     0  fseek.o(.text)
    _seterr                                  0x08001221   Thumb Code    20  stdio.o(.text)
    _writebuf                                0x08001235   Thumb Code    84  stdio.o(.text)
    _fflush                                  0x08001289   Thumb Code    70  stdio.o(.text)
    _deferredlazyseek                        0x080012cf   Thumb Code    60  stdio.o(.text)
    __sig_exit                               0x08001311   Thumb Code    10  defsig_exit.o(.text)
    __rt_SIGRTRED_inner                      0x0800131d   Thumb Code    14  defsig_rtred_inner.o(.text)
    strlen                                   0x08001351   Thumb Code    62  strlen.o(.text)
    _sys_exit                                0x08001391   Thumb Code     8  sys_exit.o(.text)
    __Heap_Initialize                        0x0800139d   Thumb Code    10  h1_init.o(.text)
    __Heap_DescSize                          0x080013a7   Thumb Code     4  h1_init.o(.text)
    __Heap_ProvideMemory                     0x080013ab   Thumb Code    52  h1_extend.o(.text)
    _ftell_internal                          0x080013df   Thumb Code    66  ftell.o(.text)
    ftell                                    0x080013df   Thumb Code     0  ftell.o(.text)
    __default_signal_display                 0x08001421   Thumb Code    50  defsig_general.o(.text)
    __rt_SIGRTMEM                            0x08001453   Thumb Code    14  defsig_rtmem_outer.o(.text)
    _ttywrch                                 0x08001461   Thumb Code    14  sys_wrch.o(.text)
    __aeabi_errno_addr                       0x08001471   Thumb Code     8  rt_errno_addr_intlibspace.o(.text)
    __errno$intlibspace                      0x08001471   Thumb Code     0  rt_errno_addr_intlibspace.o(.text)
    __rt_errno_addr$intlibspace              0x08001471   Thumb Code     0  rt_errno_addr_intlibspace.o(.text)
    __rt_SIGRTMEM_inner                      0x08001479   Thumb Code    22  defsig_rtmem_inner.o(.text)
    _btod_d2e                                0x080014c9   Thumb Code    62  btod.o(CL$$btod_d2e)
    _d2e_denorm_low                          0x08001507   Thumb Code    70  btod.o(CL$$btod_d2e_denorm_low)
    _d2e_norm_op1                            0x0800154d   Thumb Code    96  btod.o(CL$$btod_d2e_norm_op1)
    __btod_div_common                        0x080015ad   Thumb Code   696  btod.o(CL$$btod_div_common)
    _e2e                                     0x080018e5   Thumb Code   198  btod.o(CL$$btod_e2e)
    _btod_ediv                               0x080019ab   Thumb Code    40  btod.o(CL$$btod_ediv)
    _btod_emul                               0x080019d3   Thumb Code    40  btod.o(CL$$btod_emul)
    __btod_mult_common                       0x080019fb   Thumb Code   580  btod.o(CL$$btod_mult_common)
    ADC_ConversionStop_Disable               0x08001c41   Thumb Code    86  stm32f1xx_hal_adc.o(i.ADC_ConversionStop_Disable)
    ADC_Enable                               0x08001c99   Thumb Code   114  stm32f1xx_hal_adc.o(i.ADC_Enable)
    BusFault_Handler                         0x08001d15   Thumb Code     2  stm32f1xx_it.o(i.BusFault_Handler)
    CheckCrc8                                0x08001d17   Thumb Code    48  sht30_i2c_driver.o(i.CheckCrc8)
    Config_WaitTime                          0x08001d49   Thumb Code    44  main.o(i.Config_WaitTime)
    DMA1_Channel4_IRQHandler                 0x08001d79   Thumb Code     6  stm32f1xx_it.o(i.DMA1_Channel4_IRQHandler)
    DMA1_Channel5_IRQHandler                 0x08001d85   Thumb Code     6  stm32f1xx_it.o(i.DMA1_Channel5_IRQHandler)
    DMA1_Channel6_IRQHandler                 0x08001d91   Thumb Code     6  stm32f1xx_it.o(i.DMA1_Channel6_IRQHandler)
    DMA1_Channel7_IRQHandler                 0x08001d9d   Thumb Code     6  stm32f1xx_it.o(i.DMA1_Channel7_IRQHandler)
    DebugMon_Handler                         0x08001dd3   Thumb Code     2  stm32f1xx_it.o(i.DebugMon_Handler)
    Error_Handler                            0x08001dd5   Thumb Code     4  main.o(i.Error_Handler)
    GetSpecData                              0x08001dd9   Thumb Code   302  main.o(i.GetSpecData)
    HAL_ADC_ConfigChannel                    0x08001f21   Thumb Code   240  stm32f1xx_hal_adc.o(i.HAL_ADC_ConfigChannel)
    HAL_ADC_GetValue                         0x0800201d   Thumb Code     6  stm32f1xx_hal_adc.o(i.HAL_ADC_GetValue)
    HAL_ADC_Init                             0x08002025   Thumb Code   272  stm32f1xx_hal_adc.o(i.HAL_ADC_Init)
    HAL_ADC_MspInit                          0x08002141   Thumb Code    30  adc.o(i.HAL_ADC_MspInit)
    HAL_ADC_PollForConversion                0x08002169   Thumb Code   304  stm32f1xx_hal_adc.o(i.HAL_ADC_PollForConversion)
    HAL_ADC_Start                            0x080022a5   Thumb Code   184  stm32f1xx_hal_adc.o(i.HAL_ADC_Start)
    HAL_DMA_Abort                            0x08002365   Thumb Code    70  stm32f1xx_hal_dma.o(i.HAL_DMA_Abort)
    HAL_DMA_Abort_IT                         0x080023ad   Thumb Code   148  stm32f1xx_hal_dma.o(i.HAL_DMA_Abort_IT)
    HAL_DMA_IRQHandler                       0x08002445   Thumb Code   316  stm32f1xx_hal_dma.o(i.HAL_DMA_IRQHandler)
    HAL_DMA_Init                             0x08002599   Thumb Code    84  stm32f1xx_hal_dma.o(i.HAL_DMA_Init)
    HAL_DMA_Start_IT                         0x080025f5   Thumb Code   112  stm32f1xx_hal_dma.o(i.HAL_DMA_Start_IT)
    HAL_Delay                                0x08002665   Thumb Code    32  stm32f1xx_hal.o(i.HAL_Delay)
    HAL_GPIO_Init                            0x08002689   Thumb Code   446  stm32f1xx_hal_gpio.o(i.HAL_GPIO_Init)
    HAL_GPIO_TogglePin                       0x08002869   Thumb Code    16  stm32f1xx_hal_gpio.o(i.HAL_GPIO_TogglePin)
    HAL_GPIO_WritePin                        0x08002879   Thumb Code    10  stm32f1xx_hal_gpio.o(i.HAL_GPIO_WritePin)
    HAL_GetTick                              0x08002885   Thumb Code     6  stm32f1xx_hal.o(i.HAL_GetTick)
    HAL_I2C_Init                             0x08002891   Thumb Code   376  stm32f1xx_hal_i2c.o(i.HAL_I2C_Init)
    HAL_I2C_Master_Receive                   0x08002a19   Thumb Code   564  stm32f1xx_hal_i2c.o(i.HAL_I2C_Master_Receive)
    HAL_I2C_Master_Transmit                  0x08002c5d   Thumb Code   290  stm32f1xx_hal_i2c.o(i.HAL_I2C_Master_Transmit)
    HAL_I2C_MspInit                          0x08002d89   Thumb Code    80  i2c.o(i.HAL_I2C_MspInit)
    HAL_IncTick                              0x08002de5   Thumb Code    12  stm32f1xx_hal.o(i.HAL_IncTick)
    HAL_Init                                 0x08002df5   Thumb Code    32  stm32f1xx_hal.o(i.HAL_Init)
    HAL_InitTick                             0x08002e19   Thumb Code    54  stm32f1xx_hal.o(i.HAL_InitTick)
    HAL_MspInit                              0x08002e59   Thumb Code    52  stm32f1xx_hal_msp.o(i.HAL_MspInit)
    HAL_NVIC_EnableIRQ                       0x08002e95   Thumb Code    26  stm32f1xx_hal_cortex.o(i.HAL_NVIC_EnableIRQ)
    HAL_NVIC_SetPriority                     0x08002eb1   Thumb Code    60  stm32f1xx_hal_cortex.o(i.HAL_NVIC_SetPriority)
    HAL_NVIC_SetPriorityGrouping             0x08002ef1   Thumb Code    26  stm32f1xx_hal_cortex.o(i.HAL_NVIC_SetPriorityGrouping)
    HAL_RCCEx_GetPeriphCLKFreq               0x08002f15   Thumb Code   166  stm32f1xx_hal_rcc_ex.o(i.HAL_RCCEx_GetPeriphCLKFreq)
    HAL_RCCEx_PeriphCLKConfig                0x08002fdd   Thumb Code   224  stm32f1xx_hal_rcc_ex.o(i.HAL_RCCEx_PeriphCLKConfig)
    HAL_RCC_ClockConfig                      0x080030c9   Thumb Code   280  stm32f1xx_hal_rcc.o(i.HAL_RCC_ClockConfig)
    HAL_RCC_GetPCLK1Freq                     0x080031f5   Thumb Code    20  stm32f1xx_hal_rcc.o(i.HAL_RCC_GetPCLK1Freq)
    HAL_RCC_GetPCLK2Freq                     0x08003215   Thumb Code    20  stm32f1xx_hal_rcc.o(i.HAL_RCC_GetPCLK2Freq)
    HAL_RCC_GetSysClockFreq                  0x08003235   Thumb Code    74  stm32f1xx_hal_rcc.o(i.HAL_RCC_GetSysClockFreq)
    HAL_RCC_OscConfig                        0x080032a1   Thumb Code   778  stm32f1xx_hal_rcc.o(i.HAL_RCC_OscConfig)
    HAL_SYSTICK_Config                       0x080035c1   Thumb Code    40  stm32f1xx_hal_cortex.o(i.HAL_SYSTICK_Config)
    HAL_TIMEx_BreakCallback                  0x080035e9   Thumb Code     2  stm32f1xx_hal_tim_ex.o(i.HAL_TIMEx_BreakCallback)
    HAL_TIMEx_CommutCallback                 0x080035eb   Thumb Code     2  stm32f1xx_hal_tim_ex.o(i.HAL_TIMEx_CommutCallback)
    HAL_TIMEx_MasterConfigSynchronization    0x080035ed   Thumb Code    92  stm32f1xx_hal_tim_ex.o(i.HAL_TIMEx_MasterConfigSynchronization)
    HAL_TIM_Base_Init                        0x08003655   Thumb Code    90  stm32f1xx_hal_tim.o(i.HAL_TIM_Base_Init)
    HAL_TIM_Base_MspInit                     0x080036b1   Thumb Code    50  tim.o(i.HAL_TIM_Base_MspInit)
    HAL_TIM_ConfigClockSource                0x080036ed   Thumb Code   214  stm32f1xx_hal_tim.o(i.HAL_TIM_ConfigClockSource)
    HAL_TIM_IC_CaptureCallback               0x080037c3   Thumb Code     2  stm32f1xx_hal_tim.o(i.HAL_TIM_IC_CaptureCallback)
    HAL_TIM_IRQHandler                       0x080037c5   Thumb Code   358  stm32f1xx_hal_tim.o(i.HAL_TIM_IRQHandler)
    HAL_TIM_MspPostInit                      0x0800392d   Thumb Code    62  tim.o(i.HAL_TIM_MspPostInit)
    HAL_TIM_OC_DelayElapsedCallback          0x08003975   Thumb Code     2  stm32f1xx_hal_tim.o(i.HAL_TIM_OC_DelayElapsedCallback)
    HAL_TIM_PWM_ConfigChannel                0x08003977   Thumb Code   198  stm32f1xx_hal_tim.o(i.HAL_TIM_PWM_ConfigChannel)
    HAL_TIM_PWM_Init                         0x08003a3d   Thumb Code    90  stm32f1xx_hal_tim.o(i.HAL_TIM_PWM_Init)
    HAL_TIM_PWM_MspInit                      0x08003a99   Thumb Code    30  tim.o(i.HAL_TIM_PWM_MspInit)
    HAL_TIM_PWM_PulseFinishedCallback        0x08003abd   Thumb Code     2  stm32f1xx_hal_tim.o(i.HAL_TIM_PWM_PulseFinishedCallback)
    HAL_TIM_PWM_Start                        0x08003ac1   Thumb Code   144  stm32f1xx_hal_tim.o(i.HAL_TIM_PWM_Start)
    HAL_TIM_PeriodElapsedCallback            0x08003b5d   Thumb Code     2  stm32f1xx_hal_tim.o(i.HAL_TIM_PeriodElapsedCallback)
    HAL_TIM_TriggerCallback                  0x08003b5f   Thumb Code     2  stm32f1xx_hal_tim.o(i.HAL_TIM_TriggerCallback)
    HAL_UARTEx_RxEventCallback               0x08003b61   Thumb Code     2  stm32f1xx_hal_uart.o(i.HAL_UARTEx_RxEventCallback)
    HAL_UART_DMAStop                         0x08003b63   Thumb Code    88  stm32f1xx_hal_uart.o(i.HAL_UART_DMAStop)
    HAL_UART_ErrorCallback                   0x08003bbb   Thumb Code     2  stm32f1xx_hal_uart.o(i.HAL_UART_ErrorCallback)
    HAL_UART_IRQHandler                      0x08003bbd   Thumb Code   520  stm32f1xx_hal_uart.o(i.HAL_UART_IRQHandler)
    HAL_UART_Init                            0x08003dc9   Thumb Code    98  stm32f1xx_hal_uart.o(i.HAL_UART_Init)
    HAL_UART_MspInit                         0x08003e2d   Thumb Code   402  usart.o(i.HAL_UART_MspInit)
    HAL_UART_Receive_DMA                     0x08003fd9   Thumb Code    42  stm32f1xx_hal_uart.o(i.HAL_UART_Receive_DMA)
    HAL_UART_RxCpltCallback                  0x08004003   Thumb Code     2  stm32f1xx_hal_uart.o(i.HAL_UART_RxCpltCallback)
    HAL_UART_RxHalfCpltCallback              0x08004005   Thumb Code     2  stm32f1xx_hal_uart.o(i.HAL_UART_RxHalfCpltCallback)
    HAL_UART_Transmit                        0x08004009   Thumb Code   178  stm32f1xx_hal_uart.o(i.HAL_UART_Transmit)
    HAL_UART_TxCpltCallback                  0x080040bb   Thumb Code     2  stm32f1xx_hal_uart.o(i.HAL_UART_TxCpltCallback)
    HardFault_Handler                        0x080040bd   Thumb Code     2  stm32f1xx_it.o(i.HardFault_Handler)
    InsideTemperature                        0x08004471   Thumb Code    98  adc.o(i.InsideTemperature)
    Judge_SpecStatus                         0x080044fd   Thumb Code    90  main.o(i.Judge_SpecStatus)
    MX_ADC1_Init                             0x08004569   Thumb Code    72  adc.o(i.MX_ADC1_Init)
    MX_DMA_Init                              0x080045b9   Thumb Code    88  dma.o(i.MX_DMA_Init)
    MX_GPIO_Init                             0x08004615   Thumb Code   100  gpio.o(i.MX_GPIO_Init)
    MX_I2C1_Init                             0x08004681   Thumb Code    50  i2c.o(i.MX_I2C1_Init)
    MX_TIM2_Init                             0x080046c1   Thumb Code   106  tim.o(i.MX_TIM2_Init)
    MX_TIM3_Init                             0x08004731   Thumb Code    98  tim.o(i.MX_TIM3_Init)
    MX_USART1_UART_Init                      0x0800479d   Thumb Code    54  usart.o(i.MX_USART1_UART_Init)
    MX_USART2_UART_Init                      0x080047dd   Thumb Code    54  usart.o(i.MX_USART2_UART_Init)
    Measure_TR                               0x0800481d   Thumb Code   158  sht30_i2c_driver.o(i.Measure_TR)
    MemManage_Handler                        0x080048d5   Thumb Code     2  stm32f1xx_it.o(i.MemManage_Handler)
    ModBus_CRC16                             0x080048d9   Thumb Code    66  main.o(i.ModBus_CRC16)
    NMI_Handler                              0x08004921   Thumb Code     2  stm32f1xx_it.o(i.NMI_Handler)
    PWM_PulseWidth                           0x08004925   Thumb Code     8  tim.o(i.PWM_PulseWidth)
    PendSV_Handler                           0x08004931   Thumb Code     2  stm32f1xx_it.o(i.PendSV_Handler)
    SHT30_Dat_To_Float                       0x08004935   Thumb Code   102  sht30_i2c_driver.o(i.SHT30_Dat_To_Float)
    SHT30_ValGet                             0x080049a9   Thumb Code    64  sht30_i2c_driver.o(i.SHT30_ValGet)
    SPEC_Init                                0x080049ed   Thumb Code    78  main.o(i.SPEC_Init)
    STM32_Init                               0x08004a45   Thumb Code    44  main.o(i.STM32_Init)
    SVC_Handler                              0x08004a89   Thumb Code     2  stm32f1xx_it.o(i.SVC_Handler)
    SysTick_Handler                          0x08004a8b   Thumb Code     4  stm32f1xx_it.o(i.SysTick_Handler)
    SystemClock_Config                       0x08004a8f   Thumb Code   120  main.o(i.SystemClock_Config)
    SystemInit                               0x08004b07   Thumb Code     2  system_stm32f1xx.o(i.SystemInit)
    TIM3_IRQHandler                          0x08004b09   Thumb Code     6  stm32f1xx_it.o(i.TIM3_IRQHandler)
    TIM_Base_SetConfig                       0x08004b15   Thumb Code    94  stm32f1xx_hal_tim.o(i.TIM_Base_SetConfig)
    TIM_CCxChannelCmd                        0x08004b81   Thumb Code    26  stm32f1xx_hal_tim.o(i.TIM_CCxChannelCmd)
    TIM_ETR_SetConfig                        0x08004b9b   Thumb Code    20  stm32f1xx_hal_tim.o(i.TIM_ETR_SetConfig)
    TIM_OC2_SetConfig                        0x08004c11   Thumb Code    84  stm32f1xx_hal_tim.o(i.TIM_OC2_SetConfig)
    UART_Start_Receive_DMA                   0x08004fc9   Thumb Code    98  stm32f1xx_hal_uart.o(i.UART_Start_Receive_DMA)
    USART1_IRQHandler                        0x0800509d   Thumb Code    76  stm32f1xx_it.o(i.USART1_IRQHandler)
    USART2_IRQHandler                        0x080050fd   Thumb Code    86  stm32f1xx_it.o(i.USART2_IRQHandler)
    UsageFault_Handler                       0x0800516d   Thumb Code     2  stm32f1xx_it.o(i.UsageFault_Handler)
    WaitandClear                             0x08005171   Thumb Code   128  main.o(i.WaitandClear)
    __ARM_fpclassify                         0x08005205   Thumb Code    40  fpclassify.o(i.__ARM_fpclassify)
    _is_digit                                0x0800524d   Thumb Code    14  __printf_wp.o(i._is_digit)
    fputc                                    0x0800525d   Thumb Code    18  usart.o(i.fputc)
    main                                     0x08005275   Thumb Code  1060  main.o(i.main)
    memv                                     0x0800569d   Thumb Code    38  main.o(i.memv)
    _get_lc_numeric                          0x080056c9   Thumb Code    44  lc_numeric_c.o(locale$$code)
    __aeabi_d2f                              0x080056f5   Thumb Code     0  d2f.o(x$fpl$d2f)
    _d2f                                     0x080056f5   Thumb Code    98  d2f.o(x$fpl$d2f)
    __aeabi_dadd                             0x08005759   Thumb Code     0  daddsub_clz.o(x$fpl$dadd)
    _dadd                                    0x08005759   Thumb Code   332  daddsub_clz.o(x$fpl$dadd)
    __aeabi_ddiv                             0x080058a9   Thumb Code     0  ddiv.o(x$fpl$ddiv)
    _ddiv                                    0x080058a9   Thumb Code   552  ddiv.o(x$fpl$ddiv)
    __aeabi_i2d                              0x08005b59   Thumb Code     0  dflt_clz.o(x$fpl$dflt)
    _dflt                                    0x08005b59   Thumb Code    46  dflt_clz.o(x$fpl$dflt)
    __aeabi_dmul                             0x08005b89   Thumb Code     0  dmul.o(x$fpl$dmul)
    _dmul                                    0x08005b89   Thumb Code   332  dmul.o(x$fpl$dmul)
    __fpl_dnaninf                            0x08005cdd   Thumb Code   156  dnaninf.o(x$fpl$dnaninf)
    __fpl_dretinf                            0x08005d79   Thumb Code    12  dretinf.o(x$fpl$dretinf)
    __aeabi_drsub                            0x08005d85   Thumb Code     0  daddsub_clz.o(x$fpl$drsb)
    _drsb                                    0x08005d85   Thumb Code    22  daddsub_clz.o(x$fpl$drsb)
    __aeabi_dsub                             0x08005d9d   Thumb Code     0  daddsub_clz.o(x$fpl$dsub)
    _dsub                                    0x08005d9d   Thumb Code   464  daddsub_clz.o(x$fpl$dsub)
    __aeabi_f2d                              0x08005f71   Thumb Code     0  f2d.o(x$fpl$f2d)
    _f2d                                     0x08005f71   Thumb Code    86  f2d.o(x$fpl$f2d)
    __aeabi_fadd                             0x08005fc9   Thumb Code     0  faddsub_clz.o(x$fpl$fadd)
    _fadd                                    0x08005fc9   Thumb Code   196  faddsub_clz.o(x$fpl$fadd)
    __fpl_fcheck_NaN1                        0x0800608d   Thumb Code     6  fcheck1.o(x$fpl$fcheck1)
    __aeabi_ui2f                             0x08006099   Thumb Code     0  fflt_clz.o(x$fpl$ffltu)
    _ffltu                                   0x08006099   Thumb Code    38  fflt_clz.o(x$fpl$ffltu)
    __aeabi_fmul                             0x080060c1   Thumb Code     0  fmul.o(x$fpl$fmul)
    _fmul                                    0x080060c1   Thumb Code   258  fmul.o(x$fpl$fmul)
    __fpl_fnaninf                            0x080061c3   Thumb Code   140  fnaninf.o(x$fpl$fnaninf)
    __fpl_fretinf                            0x0800624f   Thumb Code    10  fretinf.o(x$fpl$fretinf)
    __aeabi_fsub                             0x08006259   Thumb Code     0  faddsub_clz.o(x$fpl$fsub)
    _fsub                                    0x08006259   Thumb Code   234  faddsub_clz.o(x$fpl$fsub)
    _printf_fp_dec                           0x08006343   Thumb Code     4  printf1.o(x$fpl$printf1)
    __fpl_return_NaN                         0x08006347   Thumb Code   100  retnan.o(x$fpl$retnan)
    __ARM_scalbnf                            0x080063ab   Thumb Code    76  scalbnf.o(x$fpl$scalbnf)
    __fpl_cmpreturn                          0x080063f7   Thumb Code    48  trapv.o(x$fpl$trapveneer)
    AHBPrescTable                            0x08006426   Data          16  system_stm32f1xx.o(.constdata)
    __I$use$fp                               0x08006426   Number         0  usenofp.o(x$fpl$usenofp)
    APBPrescTable                            0x08006436   Data           8  system_stm32f1xx.o(.constdata)
    __stdin_name                             0x080064d4   Data           4  sys_io.o(.constdata)
    __stdout_name                            0x080064d8   Data           4  sys_io.o(.constdata)
    __stderr_name                            0x080064dc   Data           4  sys_io.o(.constdata)
    Region$$Table$$Base                      0x080064e0   Number         0  anon$$obj.o(Region$$Table)
    Region$$Table$$Limit                     0x08006500   Number         0  anon$$obj.o(Region$$Table)
    crc                                      0x20000000   Data           2  main.o(.data)
    CRC16                                    0x20000002   Data           2  main.o(.data)
    USART1_Tsimen_OK                         0x20000004   Data           3  main.o(.data)
    USART1_Tsimen_ERROR                      0x20000007   Data           3  main.o(.data)
    USART2_Spec_Reset                        0x2000000a   Data           3  main.o(.data)
    USART2_Spec_Data                         0x2000000d   Data           3  main.o(.data)
    USART2_Spec_OK                           0x20000010   Data           3  main.o(.data)
    USART2_Spec_ERROR                        0x20000013   Data           3  main.o(.data)
    CRC_j                                    0x20000018   Data           4  main.o(.data)
    CRC_i                                    0x2000001c   Data           4  main.o(.data)
    WHILEA                                   0x20000020   Data           4  main.o(.data)
    memv_i                                   0x20000024   Data           4  main.o(.data)
    A                                        0x20000028   Data           4  main.o(.data)
    WAIT_TIME                                0x2000002c   Data           4  main.o(.data)
    PWM_DARK                                 0x20000030   Data           4  main.o(.data)
    PWM_REFERENCE                            0x20000034   Data           4  main.o(.data)
    PWM_SAMPLE                               0x20000038   Data           4  main.o(.data)
    USART2_Spec_CheckInt                     0x2000003c   Data           4  main.o(.data)
    USART2_Spec_CheckAve                     0x20000040   Data           4  main.o(.data)
    USART2_Spec_XenonOff                     0x20000044   Data           4  main.o(.data)
    USART2_Spec_XenonOnOne                   0x20000048   Data           4  main.o(.data)
    USART2_Spec_Ave                          0x2000004c   Data           5  main.o(.data)
    USART2_Spec_Ave_Default                  0x20000051   Data           5  main.o(.data)
    USART1_Tsimen_CRCERROR                   0x20000056   Data           6  main.o(.data)
    USART1_Tsimen_SpecOK                     0x2000005c   Data           7  main.o(.data)
    USART1_Tsimen_SpecERROR                  0x20000063   Data           7  main.o(.data)
    USART2_Spec_Int                          0x2000006a   Data           7  main.o(.data)
    USART2_Spec_Int_Default                  0x20000071   Data           7  main.o(.data)
    CRC_DATA                                 0x20000078   Data           8  main.o(.data)
    CHECKDATA                                0x20000080   Data           8  main.o(.data)
    USART1_Tsimen_Reset                      0x20000088   Data           8  main.o(.data)
    USART1_Tsimen_Ver                        0x20000090   Data           8  main.o(.data)
    USART1_Tsimen_Int                        0x20000098   Data           8  main.o(.data)
    USART1_Tsimen_CheckInt                   0x200000a0   Data           8  main.o(.data)
    USART1_Tsimen_Ave                        0x200000a8   Data           8  main.o(.data)
    USART1_Tsimen_CheckAve                   0x200000b0   Data           8  main.o(.data)
    USART1_Tsimen_DarSignal                  0x200000b8   Data           8  main.o(.data)
    USART1_Tsimen_RefSignal                  0x200000c0   Data           8  main.o(.data)
    USART1_Tsimen_SamSignal                  0x200000c8   Data           8  main.o(.data)
    USART1_Tsimen_FullData                   0x200000d0   Data           8  main.o(.data)
    USART1_Tsimen_TempData                   0x200000d8   Data           8  main.o(.data)
    USART1_Tsimen_Jump                       0x200000e0   Data           8  main.o(.data)
    USART1_Tsimen_Version                    0x200000e8   Data          15  main.o(.data)
    USART2_Spec_FormData                     0x200000f7   Data           9  main.o(.data)
    AD_Value                                 0x20000100   Data           4  adc.o(.data)
    Vol_Value                                0x20000104   Data           4  adc.o(.data)
    ADC_Temperature                          0x20000108   Data           4  adc.o(.data)
    USART_RX1_LEN                            0x2000010c   Data           1  usart.o(.data)
    USART_RX2_LEN                            0x2000010d   Data           1  usart.o(.data)
    USART_RX2_LENDEMO                        0x2000010e   Data           1  usart.o(.data)
    Error                                    0x20000110   Data           1  sht30_i2c_driver.o(.data)
    Temperature                              0x20000114   Data           4  sht30_i2c_driver.o(.data)
    Humidity                                 0x20000118   Data           4  sht30_i2c_driver.o(.data)
    th                                       0x2000011c   Data           5  sht30_i2c_driver.o(.data)
    I2CRXBuffer                              0x20000121   Data           6  sht30_i2c_driver.o(.data)
    ErrorMessage                             0x20000127   Data           8  sht30_i2c_driver.o(.data)
    uwTickFreq                               0x20000130   Data           1  stm32f1xx_hal.o(.data)
    uwTickPrio                               0x20000134   Data           4  stm32f1xx_hal.o(.data)
    uwTick                                   0x20000138   Data           4  stm32f1xx_hal.o(.data)
    SystemCoreClock                          0x2000013c   Data           4  system_stm32f1xx.o(.data)
    __aeabi_stdin                            0x20000140   Data           4  stdio_streams.o(.data)
    __aeabi_stdout                           0x20000144   Data           4  stdio_streams.o(.data)
    __aeabi_stderr                           0x20000148   Data           4  stdio_streams.o(.data)
    hadc1                                    0x2000014c   Data          48  adc.o(.bss)
    hi2c1                                    0x2000017c   Data          84  i2c.o(.bss)
    htim2                                    0x200001d0   Data          72  tim.o(.bss)
    htim3                                    0x20000218   Data          72  tim.o(.bss)
    USART_RX1_BUFFER                         0x20000260   Data          16  usart.o(.bss)
    USART_RX2_BUFFER                         0x20000270   Data        6144  usart.o(.bss)
    DATA_CACHE1                              0x20001a70   Data          16  usart.o(.bss)
    DATA_CACHE2                              0x20001a80   Data        6144  usart.o(.bss)
    huart1                                   0x20003280   Data          68  usart.o(.bss)
    huart2                                   0x200032c4   Data          68  usart.o(.bss)
    hdma_usart1_rx                           0x20003308   Data          68  usart.o(.bss)
    hdma_usart1_tx                           0x2000334c   Data          68  usart.o(.bss)
    hdma_usart2_rx                           0x20003390   Data          68  usart.o(.bss)
    hdma_usart2_tx                           0x200033d4   Data          68  usart.o(.bss)
    __stdin                                  0x20003418   Data          84  stdio_streams.o(.bss)
    __stdout                                 0x2000346c   Data          84  stdio_streams.o(.bss)
    __stderr                                 0x200034c0   Data          84  stdio_streams.o(.bss)
    __libspace_start                         0x20003514   Data          96  libspace.o(.bss)
    __temporary_stack_top$libspace           0x20003574   Data           0  libspace.o(.bss)



==============================================================================

Memory Map of the image

  Image Entry point : 0x080000ed

  Load Region LR_IROM1 (Base: 0x08000000, Size: 0x00006668, Max: 0x00010000, ABSOLUTE, COMPRESSED[0x000065e0])

    Execution Region ER_IROM1 (Base: 0x08000000, Size: 0x0000651c, Max: 0x00010000, ABSOLUTE)

    Base Addr    Size         Type   Attr      Idx    E Section Name        Object

    0x08000000   0x000000ec   Data   RO            3    RESET               startup_stm32f103xb.o
    0x080000ec   0x00000008   Code   RO         3860  * !!!main             c_w.l(__main.o)
    0x080000f4   0x00000034   Code   RO         4283    !!!scatter          c_w.l(__scatter.o)
    0x08000128   0x0000005a   Code   RO         4281    !!dczerorl2         c_w.l(__dczerorl2.o)
    0x08000182   0x00000002   PAD
    0x08000184   0x0000001c   Code   RO         4285    !!handler_zi        c_w.l(__scatter_zi.o)
    0x080001a0   0x00000000   Code   RO         3849    .ARM.Collect$$_printf_percent$$00000000  c_w.l(_printf_percent.o)
    0x080001a0   0x00000006   Code   RO         3848    .ARM.Collect$$_printf_percent$$00000003  c_w.l(_printf_f.o)
    0x080001a6   0x00000004   Code   RO         3911    .ARM.Collect$$_printf_percent$$00000017  c_w.l(_printf_percent_end.o)
    0x080001aa   0x00000002   Code   RO         4091    .ARM.Collect$$libinit$$00000000  c_w.l(libinit.o)
    0x080001ac   0x00000000   Code   RO         4093    .ARM.Collect$$libinit$$00000002  c_w.l(libinit2.o)
    0x080001ac   0x00000000   Code   RO         4095    .ARM.Collect$$libinit$$00000004  c_w.l(libinit2.o)
    0x080001ac   0x00000008   Code   RO         4096    .ARM.Collect$$libinit$$00000005  c_w.l(libinit2.o)
    0x080001b4   0x00000000   Code   RO         4098    .ARM.Collect$$libinit$$0000000A  c_w.l(libinit2.o)
    0x080001b4   0x00000000   Code   RO         4100    .ARM.Collect$$libinit$$0000000C  c_w.l(libinit2.o)
    0x080001b4   0x00000000   Code   RO         4102    .ARM.Collect$$libinit$$0000000E  c_w.l(libinit2.o)
    0x080001b4   0x00000006   Code   RO         4103    .ARM.Collect$$libinit$$0000000F  c_w.l(libinit2.o)
    0x080001ba   0x00000000   Code   RO         4105    .ARM.Collect$$libinit$$00000011  c_w.l(libinit2.o)
    0x080001ba   0x00000000   Code   RO         4107    .ARM.Collect$$libinit$$00000013  c_w.l(libinit2.o)
    0x080001ba   0x00000000   Code   RO         4109    .ARM.Collect$$libinit$$00000015  c_w.l(libinit2.o)
    0x080001ba   0x0000000a   Code   RO         4110    .ARM.Collect$$libinit$$00000016  c_w.l(libinit2.o)
    0x080001c4   0x00000000   Code   RO         4111    .ARM.Collect$$libinit$$00000017  c_w.l(libinit2.o)
    0x080001c4   0x00000000   Code   RO         4113    .ARM.Collect$$libinit$$00000019  c_w.l(libinit2.o)
    0x080001c4   0x00000000   Code   RO         4115    .ARM.Collect$$libinit$$0000001B  c_w.l(libinit2.o)
    0x080001c4   0x00000000   Code   RO         4117    .ARM.Collect$$libinit$$0000001D  c_w.l(libinit2.o)
    0x080001c4   0x00000000   Code   RO         4119    .ARM.Collect$$libinit$$0000001F  c_w.l(libinit2.o)
    0x080001c4   0x00000000   Code   RO         4121    .ARM.Collect$$libinit$$00000021  c_w.l(libinit2.o)
    0x080001c4   0x00000000   Code   RO         4123    .ARM.Collect$$libinit$$00000023  c_w.l(libinit2.o)
    0x080001c4   0x00000004   Code   RO         4124    .ARM.Collect$$libinit$$00000024  c_w.l(libinit2.o)
    0x080001c8   0x00000000   Code   RO         4125    .ARM.Collect$$libinit$$00000025  c_w.l(libinit2.o)
    0x080001c8   0x00000000   Code   RO         4129    .ARM.Collect$$libinit$$0000002C  c_w.l(libinit2.o)
    0x080001c8   0x00000000   Code   RO         4131    .ARM.Collect$$libinit$$0000002E  c_w.l(libinit2.o)
    0x080001c8   0x00000000   Code   RO         4133    .ARM.Collect$$libinit$$00000030  c_w.l(libinit2.o)
    0x080001c8   0x00000000   Code   RO         4135    .ARM.Collect$$libinit$$00000032  c_w.l(libinit2.o)
    0x080001c8   0x00000002   Code   RO         4136    .ARM.Collect$$libinit$$00000033  c_w.l(libinit2.o)
    0x080001ca   0x00000002   Code   RO         4260    .ARM.Collect$$libshutdown$$00000000  c_w.l(libshutdown.o)
    0x080001cc   0x00000000   Code   RO         4138    .ARM.Collect$$libshutdown$$00000002  c_w.l(libshutdown2.o)
    0x080001cc   0x00000004   Code   RO         4139    .ARM.Collect$$libshutdown$$00000003  c_w.l(libshutdown2.o)
    0x080001d0   0x00000000   Code   RO         4140    .ARM.Collect$$libshutdown$$00000004  c_w.l(libshutdown2.o)
    0x080001d0   0x00000000   Code   RO         4143    .ARM.Collect$$libshutdown$$00000007  c_w.l(libshutdown2.o)
    0x080001d0   0x00000000   Code   RO         4146    .ARM.Collect$$libshutdown$$0000000A  c_w.l(libshutdown2.o)
    0x080001d0   0x00000000   Code   RO         4148    .ARM.Collect$$libshutdown$$0000000C  c_w.l(libshutdown2.o)
    0x080001d0   0x00000000   Code   RO         4151    .ARM.Collect$$libshutdown$$0000000F  c_w.l(libshutdown2.o)
    0x080001d0   0x00000002   Code   RO         4152    .ARM.Collect$$libshutdown$$00000010  c_w.l(libshutdown2.o)
    0x080001d2   0x00000000   Code   RO         3902    .ARM.Collect$$rtentry$$00000000  c_w.l(__rtentry.o)
    0x080001d2   0x00000000   Code   RO         3932    .ARM.Collect$$rtentry$$00000002  c_w.l(__rtentry2.o)
    0x080001d2   0x00000006   Code   RO         3944    .ARM.Collect$$rtentry$$00000004  c_w.l(__rtentry4.o)
    0x080001d8   0x00000000   Code   RO         3934    .ARM.Collect$$rtentry$$00000009  c_w.l(__rtentry2.o)
    0x080001d8   0x00000004   Code   RO         3935    .ARM.Collect$$rtentry$$0000000A  c_w.l(__rtentry2.o)
    0x080001dc   0x00000000   Code   RO         3937    .ARM.Collect$$rtentry$$0000000C  c_w.l(__rtentry2.o)
    0x080001dc   0x00000008   Code   RO         3938    .ARM.Collect$$rtentry$$0000000D  c_w.l(__rtentry2.o)
    0x080001e4   0x00000002   Code   RO         4158    .ARM.Collect$$rtexit$$00000000  c_w.l(rtexit.o)
    0x080001e6   0x00000000   Code   RO         4206    .ARM.Collect$$rtexit$$00000002  c_w.l(rtexit2.o)
    0x080001e6   0x00000004   Code   RO         4207    .ARM.Collect$$rtexit$$00000003  c_w.l(rtexit2.o)
    0x080001ea   0x00000006   Code   RO         4208    .ARM.Collect$$rtexit$$00000004  c_w.l(rtexit2.o)
    0x080001f0   0x00000000   Code   RO         4212    .emb_text           c_w.l(maybetermalloc1.o)
    0x080001f0   0x00000040   Code   RO            4    .text               startup_stm32f103xb.o
    0x08000230   0x00000018   Code   RO         3822    .text               c_w.l(noretval__2printf.o)
    0x08000248   0x00000028   Code   RO         3824    .text               c_w.l(noretval__2sprintf.o)
    0x08000270   0x0000010e   Code   RO         3836    .text               c_w.l(__printf_wp.o)
    0x0800037e   0x00000058   Code   RO         3850    .text               c_w.l(memcmp.o)
    0x080003d6   0x0000008a   Code   RO         3852    .text               c_w.l(rt_memcpy_v6.o)
    0x08000460   0x00000044   Code   RO         3854    .text               c_w.l(rt_memclr.o)
    0x080004a4   0x0000004e   Code   RO         3856    .text               c_w.l(rt_memclr_w.o)
    0x080004f2   0x00000006   Code   RO         3858    .text               c_w.l(heapauxi.o)
    0x080004f8   0x0000041a   Code   RO         3903    .text               c_w.l(_printf_fp_dec.o)
    0x08000912   0x00000002   PAD
    0x08000914   0x00000030   Code   RO         3905    .text               c_w.l(_printf_char_common.o)
    0x08000944   0x0000000a   Code   RO         3907    .text               c_w.l(_sputc.o)
    0x0800094e   0x00000002   PAD
    0x08000950   0x00000024   Code   RO         3909    .text               c_w.l(_printf_char_file.o)
    0x08000974   0x00000064   Code   RO         3918    .text               c_w.l(rt_memcpy_w.o)
    0x080009d8   0x00000008   Code   RO         3949    .text               c_w.l(rt_locale_intlibspace.o)
    0x080009e0   0x0000008a   Code   RO         3951    .text               c_w.l(lludiv10.o)
    0x08000a6a   0x00000002   PAD
    0x08000a6c   0x00000080   Code   RO         3953    .text               c_w.l(_printf_fp_infnan.o)
    0x08000aec   0x000000dc   Code   RO         3957    .text               c_w.l(bigflt0.o)
    0x08000bc8   0x00000008   Code   RO         3982    .text               c_w.l(ferror.o)
    0x08000bd0   0x00000138   Code   RO         3984    .text               c_w.l(initio.o)
    0x08000d08   0x00000066   Code   RO         3999    .text               c_w.l(sys_io.o)
    0x08000d6e   0x00000002   PAD
    0x08000d70   0x00000008   Code   RO         4004    .text               c_w.l(libspace.o)
    0x08000d78   0x0000004a   Code   RO         4009    .text               c_w.l(sys_stackheap_outer.o)
    0x08000dc2   0x0000004e   Code   RO         4013    .text               c_w.l(h1_free.o)
    0x08000e10   0x00000046   Code   RO         4067    .text               c_w.l(setvbuf.o)
    0x08000e56   0x00000002   PAD
    0x08000e58   0x000000ec   Code   RO         4070    .text               c_w.l(fopen.o)
    0x08000f44   0x0000004c   Code   RO         4072    .text               c_w.l(fclose.o)
    0x08000f90   0x00000012   Code   RO         4078    .text               c_w.l(exit.o)
    0x08000fa2   0x0000000e   Code   RO         4080    .text               c_w.l(defsig_rtred_outer.o)
    0x08000fb0   0x00000080   Code   RO         4084    .text               c_w.l(strcmpv7m.o)
    0x08001030   0x00000002   Code   RO         4155    .text               c_w.l(use_no_semi.o)
    0x08001032   0x00000000   Code   RO         4157    .text               c_w.l(indicate_semi.o)
    0x08001032   0x00000002   PAD
    0x08001034   0x00000008   Code   RO         4165    .text               c_w.l(rt_heap_descriptor_intlibspace.o)
    0x0800103c   0x00000004   Code   RO         4167    .text               c_w.l(hguard.o)
    0x08001040   0x0000008a   Code   RO         4169    .text               c_w.l(init_alloc.o)
    0x080010ca   0x0000005e   Code   RO         4175    .text               c_w.l(h1_alloc.o)
    0x08001128   0x000000f8   Code   RO         4189    .text               c_w.l(fseek.o)
    0x08001220   0x000000f0   Code   RO         4191    .text               c_w.l(stdio.o)
    0x08001310   0x0000000a   Code   RO         4193    .text               c_w.l(defsig_exit.o)
    0x0800131a   0x00000002   PAD
    0x0800131c   0x00000034   Code   RO         4195    .text               c_w.l(defsig_rtred_inner.o)
    0x08001350   0x0000003e   Code   RO         4197    .text               c_w.l(strlen.o)
    0x0800138e   0x00000002   PAD
    0x08001390   0x0000000c   Code   RO         4203    .text               c_w.l(sys_exit.o)
    0x0800139c   0x0000000e   Code   RO         4214    .text               c_w.l(h1_init.o)
    0x080013aa   0x00000034   Code   RO         4216    .text               c_w.l(h1_extend.o)
    0x080013de   0x00000042   Code   RO         4222    .text               c_w.l(ftell.o)
    0x08001420   0x00000032   Code   RO         4226    .text               c_w.l(defsig_general.o)
    0x08001452   0x0000000e   Code   RO         4228    .text               c_w.l(defsig_rtmem_outer.o)
    0x08001460   0x0000000e   Code   RO         4241    .text               c_w.l(sys_wrch.o)
    0x0800146e   0x00000002   PAD
    0x08001470   0x00000008   Code   RO         4248    .text               c_w.l(rt_errno_addr_intlibspace.o)
    0x08001478   0x00000050   Code   RO         4254    .text               c_w.l(defsig_rtmem_inner.o)
    0x080014c8   0x0000003e   Code   RO         3960    CL$$btod_d2e        c_w.l(btod.o)
    0x08001506   0x00000046   Code   RO         3962    CL$$btod_d2e_denorm_low  c_w.l(btod.o)
    0x0800154c   0x00000060   Code   RO         3961    CL$$btod_d2e_norm_op1  c_w.l(btod.o)
    0x080015ac   0x00000338   Code   RO         3970    CL$$btod_div_common  c_w.l(btod.o)
    0x080018e4   0x000000c6   Code   RO         3967    CL$$btod_e2e        c_w.l(btod.o)
    0x080019aa   0x00000028   Code   RO         3964    CL$$btod_ediv       c_w.l(btod.o)
    0x080019d2   0x00000028   Code   RO         3963    CL$$btod_emul       c_w.l(btod.o)
    0x080019fa   0x00000244   Code   RO         3969    CL$$btod_mult_common  c_w.l(btod.o)
    0x08001c3e   0x00000002   PAD
    0x08001c40   0x00000056   Code   RO          766    i.ADC_ConversionStop_Disable  stm32f1xx_hal_adc.o
    0x08001c96   0x00000002   PAD
    0x08001c98   0x0000007c   Code   RO          770    i.ADC_Enable        stm32f1xx_hal_adc.o
    0x08001d14   0x00000002   Code   RO          517    i.BusFault_Handler  stm32f1xx_it.o
    0x08001d16   0x00000030   Code   RO          659    i.CheckCrc8         sht30_i2c_driver.o
    0x08001d46   0x00000002   PAD
    0x08001d48   0x00000030   Code   RO           13    i.Config_WaitTime   main.o
    0x08001d78   0x0000000c   Code   RO          518    i.DMA1_Channel4_IRQHandler  stm32f1xx_it.o
    0x08001d84   0x0000000c   Code   RO          519    i.DMA1_Channel5_IRQHandler  stm32f1xx_it.o
    0x08001d90   0x0000000c   Code   RO          520    i.DMA1_Channel6_IRQHandler  stm32f1xx_it.o
    0x08001d9c   0x0000000c   Code   RO          521    i.DMA1_Channel7_IRQHandler  stm32f1xx_it.o
    0x08001da8   0x0000002a   Code   RO         1420    i.DMA_SetConfig     stm32f1xx_hal_dma.o
    0x08001dd2   0x00000002   Code   RO          522    i.DebugMon_Handler  stm32f1xx_it.o
    0x08001dd4   0x00000004   Code   RO           14    i.Error_Handler     main.o
    0x08001dd8   0x00000148   Code   RO           15    i.GetSpecData       main.o
    0x08001f20   0x000000fc   Code   RO          772    i.HAL_ADC_ConfigChannel  stm32f1xx_hal_adc.o
    0x0800201c   0x00000006   Code   RO          779    i.HAL_ADC_GetValue  stm32f1xx_hal_adc.o
    0x08002022   0x00000002   PAD
    0x08002024   0x0000011c   Code   RO          781    i.HAL_ADC_Init      stm32f1xx_hal_adc.o
    0x08002140   0x00000028   Code   RO          264    i.HAL_ADC_MspInit   adc.o
    0x08002168   0x0000013c   Code   RO          785    i.HAL_ADC_PollForConversion  stm32f1xx_hal_adc.o
    0x080022a4   0x000000c0   Code   RO          787    i.HAL_ADC_Start     stm32f1xx_hal_adc.o
    0x08002364   0x00000046   Code   RO         1421    i.HAL_DMA_Abort     stm32f1xx_hal_dma.o
    0x080023aa   0x00000002   PAD
    0x080023ac   0x00000098   Code   RO         1422    i.HAL_DMA_Abort_IT  stm32f1xx_hal_dma.o
    0x08002444   0x00000154   Code   RO         1426    i.HAL_DMA_IRQHandler  stm32f1xx_hal_dma.o
    0x08002598   0x0000005c   Code   RO         1427    i.HAL_DMA_Init      stm32f1xx_hal_dma.o
    0x080025f4   0x00000070   Code   RO         1431    i.HAL_DMA_Start_IT  stm32f1xx_hal_dma.o
    0x08002664   0x00000024   Code   RO         1049    i.HAL_Delay         stm32f1xx_hal.o
    0x08002688   0x000001e0   Code   RO         1357    i.HAL_GPIO_Init     stm32f1xx_hal_gpio.o
    0x08002868   0x00000010   Code   RO         1360    i.HAL_GPIO_TogglePin  stm32f1xx_hal_gpio.o
    0x08002878   0x0000000a   Code   RO         1361    i.HAL_GPIO_WritePin  stm32f1xx_hal_gpio.o
    0x08002882   0x00000002   PAD
    0x08002884   0x0000000c   Code   RO         1053    i.HAL_GetTick       stm32f1xx_hal.o
    0x08002890   0x00000188   Code   RO         2028    i.HAL_I2C_Init      stm32f1xx_hal_i2c.o
    0x08002a18   0x00000244   Code   RO         2034    i.HAL_I2C_Master_Receive  stm32f1xx_hal_i2c.o
    0x08002c5c   0x0000012c   Code   RO         2041    i.HAL_I2C_Master_Transmit  stm32f1xx_hal_i2c.o
    0x08002d88   0x0000005c   Code   RO          343    i.HAL_I2C_MspInit   i2c.o
    0x08002de4   0x00000010   Code   RO         1059    i.HAL_IncTick       stm32f1xx_hal.o
    0x08002df4   0x00000024   Code   RO         1060    i.HAL_Init          stm32f1xx_hal.o
    0x08002e18   0x00000040   Code   RO         1061    i.HAL_InitTick      stm32f1xx_hal.o
    0x08002e58   0x0000003c   Code   RO          635    i.HAL_MspInit       stm32f1xx_hal_msp.o
    0x08002e94   0x0000001a   Code   RO         1517    i.HAL_NVIC_EnableIRQ  stm32f1xx_hal_cortex.o
    0x08002eae   0x00000002   PAD
    0x08002eb0   0x00000040   Code   RO         1523    i.HAL_NVIC_SetPriority  stm32f1xx_hal_cortex.o
    0x08002ef0   0x00000024   Code   RO         1524    i.HAL_NVIC_SetPriorityGrouping  stm32f1xx_hal_cortex.o
    0x08002f14   0x000000c8   Code   RO         1319    i.HAL_RCCEx_GetPeriphCLKFreq  stm32f1xx_hal_rcc_ex.o
    0x08002fdc   0x000000ec   Code   RO         1320    i.HAL_RCCEx_PeriphCLKConfig  stm32f1xx_hal_rcc_ex.o
    0x080030c8   0x0000012c   Code   RO         1217    i.HAL_RCC_ClockConfig  stm32f1xx_hal_rcc.o
    0x080031f4   0x00000020   Code   RO         1224    i.HAL_RCC_GetPCLK1Freq  stm32f1xx_hal_rcc.o
    0x08003214   0x00000020   Code   RO         1225    i.HAL_RCC_GetPCLK2Freq  stm32f1xx_hal_rcc.o
    0x08003234   0x0000006c   Code   RO         1226    i.HAL_RCC_GetSysClockFreq  stm32f1xx_hal_rcc.o
    0x080032a0   0x00000320   Code   RO         1229    i.HAL_RCC_OscConfig  stm32f1xx_hal_rcc.o
    0x080035c0   0x00000028   Code   RO         1528    i.HAL_SYSTICK_Config  stm32f1xx_hal_cortex.o
    0x080035e8   0x00000002   Code   RO         3155    i.HAL_TIMEx_BreakCallback  stm32f1xx_hal_tim_ex.o
    0x080035ea   0x00000002   Code   RO         3156    i.HAL_TIMEx_CommutCallback  stm32f1xx_hal_tim_ex.o
    0x080035ec   0x00000068   Code   RO         3174    i.HAL_TIMEx_MasterConfigSynchronization  stm32f1xx_hal_tim_ex.o
    0x08003654   0x0000005a   Code   RO         2451    i.HAL_TIM_Base_Init  stm32f1xx_hal_tim.o
    0x080036ae   0x00000002   PAD
    0x080036b0   0x0000003c   Code   RO          385    i.HAL_TIM_Base_MspInit  tim.o
    0x080036ec   0x000000d6   Code   RO         2460    i.HAL_TIM_ConfigClockSource  stm32f1xx_hal_tim.o
    0x080037c2   0x00000002   Code   RO         2485    i.HAL_TIM_IC_CaptureCallback  stm32f1xx_hal_tim.o
    0x080037c4   0x00000166   Code   RO         2499    i.HAL_TIM_IRQHandler  stm32f1xx_hal_tim.o
    0x0800392a   0x00000002   PAD
    0x0800392c   0x00000048   Code   RO          386    i.HAL_TIM_MspPostInit  tim.o
    0x08003974   0x00000002   Code   RO         2502    i.HAL_TIM_OC_DelayElapsedCallback  stm32f1xx_hal_tim.o
    0x08003976   0x000000c6   Code   RO         2523    i.HAL_TIM_PWM_ConfigChannel  stm32f1xx_hal_tim.o
    0x08003a3c   0x0000005a   Code   RO         2526    i.HAL_TIM_PWM_Init  stm32f1xx_hal_tim.o
    0x08003a96   0x00000002   PAD
    0x08003a98   0x00000024   Code   RO          388    i.HAL_TIM_PWM_MspInit  tim.o
    0x08003abc   0x00000002   Code   RO         2529    i.HAL_TIM_PWM_PulseFinishedCallback  stm32f1xx_hal_tim.o
    0x08003abe   0x00000002   PAD
    0x08003ac0   0x0000009c   Code   RO         2531    i.HAL_TIM_PWM_Start  stm32f1xx_hal_tim.o
    0x08003b5c   0x00000002   Code   RO         2537    i.HAL_TIM_PeriodElapsedCallback  stm32f1xx_hal_tim.o
    0x08003b5e   0x00000002   Code   RO         2542    i.HAL_TIM_TriggerCallback  stm32f1xx_hal_tim.o
    0x08003b60   0x00000002   Code   RO         3433    i.HAL_UARTEx_RxEventCallback  stm32f1xx_hal_uart.o
    0x08003b62   0x00000058   Code   RO         3445    i.HAL_UART_DMAStop  stm32f1xx_hal_uart.o
    0x08003bba   0x00000002   Code   RO         3447    i.HAL_UART_ErrorCallback  stm32f1xx_hal_uart.o
    0x08003bbc   0x0000020c   Code   RO         3450    i.HAL_UART_IRQHandler  stm32f1xx_hal_uart.o
    0x08003dc8   0x00000062   Code   RO         3451    i.HAL_UART_Init     stm32f1xx_hal_uart.o
    0x08003e2a   0x00000002   PAD
    0x08003e2c   0x000001ac   Code   RO          457    i.HAL_UART_MspInit  usart.o
    0x08003fd8   0x0000002a   Code   RO         3455    i.HAL_UART_Receive_DMA  stm32f1xx_hal_uart.o
    0x08004002   0x00000002   Code   RO         3457    i.HAL_UART_RxCpltCallback  stm32f1xx_hal_uart.o
    0x08004004   0x00000002   Code   RO         3458    i.HAL_UART_RxHalfCpltCallback  stm32f1xx_hal_uart.o
    0x08004006   0x00000002   PAD
    0x08004008   0x000000b2   Code   RO         3459    i.HAL_UART_Transmit  stm32f1xx_hal_uart.o
    0x080040ba   0x00000002   Code   RO         3462    i.HAL_UART_TxCpltCallback  stm32f1xx_hal_uart.o
    0x080040bc   0x00000002   Code   RO          523    i.HardFault_Handler  stm32f1xx_it.o
    0x080040be   0x0000002e   Code   RO         2070    i.I2C_IsAcknowledgeFailed  stm32f1xx_hal_i2c.o
    0x080040ec   0x000000ec   Code   RO         2073    i.I2C_MasterRequestRead  stm32f1xx_hal_i2c.o
    0x080041d8   0x0000009c   Code   RO         2074    i.I2C_MasterRequestWrite  stm32f1xx_hal_i2c.o
    0x08004274   0x0000004c   Code   RO         2085    i.I2C_WaitOnBTFFlagUntilTimeout  stm32f1xx_hal_i2c.o
    0x080042c0   0x00000068   Code   RO         2086    i.I2C_WaitOnFlagUntilTimeout  stm32f1xx_hal_i2c.o
    0x08004328   0x00000096   Code   RO         2087    i.I2C_WaitOnMasterAddressFlagUntilTimeout  stm32f1xx_hal_i2c.o
    0x080043be   0x00000066   Code   RO         2088    i.I2C_WaitOnRXNEFlagUntilTimeout  stm32f1xx_hal_i2c.o
    0x08004424   0x0000004c   Code   RO         2089    i.I2C_WaitOnTXEFlagUntilTimeout  stm32f1xx_hal_i2c.o
    0x08004470   0x0000008c   Code   RO          265    i.InsideTemperature  adc.o
    0x080044fc   0x0000006c   Code   RO           16    i.Judge_SpecStatus  main.o
    0x08004568   0x00000050   Code   RO          267    i.MX_ADC1_Init      adc.o
    0x080045b8   0x0000005c   Code   RO          318    i.MX_DMA_Init       dma.o
    0x08004614   0x0000006c   Code   RO          239    i.MX_GPIO_Init      gpio.o
    0x08004680   0x00000040   Code   RO          344    i.MX_I2C1_Init      i2c.o
    0x080046c0   0x00000070   Code   RO          389    i.MX_TIM2_Init      tim.o
    0x08004730   0x0000006c   Code   RO          390    i.MX_TIM3_Init      tim.o
    0x0800479c   0x00000040   Code   RO          458    i.MX_USART1_UART_Init  usart.o
    0x080047dc   0x00000040   Code   RO          459    i.MX_USART2_UART_Init  usart.o
    0x0800481c   0x000000b8   Code   RO          660    i.Measure_TR        sht30_i2c_driver.o
    0x080048d4   0x00000002   Code   RO          524    i.MemManage_Handler  stm32f1xx_it.o
    0x080048d6   0x00000002   PAD
    0x080048d8   0x00000048   Code   RO           17    i.ModBus_CRC16      main.o
    0x08004920   0x00000002   Code   RO          525    i.NMI_Handler       stm32f1xx_it.o
    0x08004922   0x00000002   PAD
    0x08004924   0x0000000c   Code   RO          391    i.PWM_PulseWidth    tim.o
    0x08004930   0x00000002   Code   RO          526    i.PendSV_Handler    stm32f1xx_it.o
    0x08004932   0x00000002   PAD
    0x08004934   0x00000074   Code   RO          662    i.SHT30_Dat_To_Float  sht30_i2c_driver.o
    0x080049a8   0x00000044   Code   RO          663    i.SHT30_ValGet      sht30_i2c_driver.o
    0x080049ec   0x00000058   Code   RO           18    i.SPEC_Init         main.o
    0x08004a44   0x00000044   Code   RO           19    i.STM32_Init        main.o
    0x08004a88   0x00000002   Code   RO          527    i.SVC_Handler       stm32f1xx_it.o
    0x08004a8a   0x00000004   Code   RO          528    i.SysTick_Handler   stm32f1xx_it.o
    0x08004a8e   0x00000078   Code   RO           20    i.SystemClock_Config  main.o
    0x08004b06   0x00000002   Code   RO         3780    i.SystemInit        system_stm32f1xx.o
    0x08004b08   0x0000000c   Code   RO          529    i.TIM3_IRQHandler   stm32f1xx_it.o
    0x08004b14   0x0000006c   Code   RO         2544    i.TIM_Base_SetConfig  stm32f1xx_hal_tim.o
    0x08004b80   0x0000001a   Code   RO         2545    i.TIM_CCxChannelCmd  stm32f1xx_hal_tim.o
    0x08004b9a   0x00000014   Code   RO         2555    i.TIM_ETR_SetConfig  stm32f1xx_hal_tim.o
    0x08004bae   0x00000010   Code   RO         2556    i.TIM_ITRx_SetConfig  stm32f1xx_hal_tim.o
    0x08004bbe   0x00000002   PAD
    0x08004bc0   0x00000050   Code   RO         2557    i.TIM_OC1_SetConfig  stm32f1xx_hal_tim.o
    0x08004c10   0x00000058   Code   RO         2558    i.TIM_OC2_SetConfig  stm32f1xx_hal_tim.o
    0x08004c68   0x00000058   Code   RO         2559    i.TIM_OC3_SetConfig  stm32f1xx_hal_tim.o
    0x08004cc0   0x00000044   Code   RO         2560    i.TIM_OC4_SetConfig  stm32f1xx_hal_tim.o
    0x08004d04   0x00000022   Code   RO         2562    i.TIM_TI1_ConfigInputStage  stm32f1xx_hal_tim.o
    0x08004d26   0x00000024   Code   RO         2564    i.TIM_TI2_ConfigInputStage  stm32f1xx_hal_tim.o
    0x08004d4a   0x00000010   Code   RO         3464    i.UART_DMAAbortOnError  stm32f1xx_hal_uart.o
    0x08004d5a   0x0000004a   Code   RO         3465    i.UART_DMAError     stm32f1xx_hal_uart.o
    0x08004da4   0x0000005a   Code   RO         3466    i.UART_DMAReceiveCplt  stm32f1xx_hal_uart.o
    0x08004dfe   0x0000001a   Code   RO         3468    i.UART_DMARxHalfCplt  stm32f1xx_hal_uart.o
    0x08004e18   0x00000030   Code   RO         3474    i.UART_EndRxTransfer  stm32f1xx_hal_uart.o
    0x08004e48   0x00000012   Code   RO         3475    i.UART_EndTxTransfer  stm32f1xx_hal_uart.o
    0x08004e5a   0x000000b6   Code   RO         3476    i.UART_Receive_IT   stm32f1xx_hal_uart.o
    0x08004f10   0x000000b8   Code   RO         3477    i.UART_SetConfig    stm32f1xx_hal_uart.o
    0x08004fc8   0x00000070   Code   RO         3478    i.UART_Start_Receive_DMA  stm32f1xx_hal_uart.o
    0x08005038   0x00000064   Code   RO         3480    i.UART_WaitOnFlagUntilTimeout  stm32f1xx_hal_uart.o
    0x0800509c   0x00000060   Code   RO          530    i.USART1_IRQHandler  stm32f1xx_it.o
    0x080050fc   0x00000070   Code   RO          531    i.USART2_IRQHandler  stm32f1xx_it.o
    0x0800516c   0x00000002   Code   RO          532    i.UsageFault_Handler  stm32f1xx_it.o
    0x0800516e   0x00000002   PAD
    0x08005170   0x00000094   Code   RO           21    i.WaitandClear      main.o
    0x08005204   0x00000028   Code   RO         3997    i.__ARM_fpclassify  m_ws.l(fpclassify.o)
    0x0800522c   0x00000020   Code   RO         1530    i.__NVIC_SetPriority  stm32f1xx_hal_cortex.o
    0x0800524c   0x0000000e   Code   RO         3838    i._is_digit         c_w.l(__printf_wp.o)
    0x0800525a   0x00000002   PAD
    0x0800525c   0x00000018   Code   RO          460    i.fputc             usart.o
    0x08005274   0x00000428   Code   RO           22    i.main              main.o
    0x0800569c   0x0000002c   Code   RO           23    i.memv              main.o
    0x080056c8   0x0000002c   Code   RO         3991    locale$$code        c_w.l(lc_numeric_c.o)
    0x080056f4   0x00000062   Code   RO         3862    x$fpl$d2f           fz_ws.l(d2f.o)
    0x08005756   0x00000002   PAD
    0x08005758   0x00000150   Code   RO         3864    x$fpl$dadd          fz_ws.l(daddsub_clz.o)
    0x080058a8   0x000002b0   Code   RO         3871    x$fpl$ddiv          fz_ws.l(ddiv.o)
    0x08005b58   0x0000002e   Code   RO         3875    x$fpl$dflt          fz_ws.l(dflt_clz.o)
    0x08005b86   0x00000002   PAD
    0x08005b88   0x00000154   Code   RO         3880    x$fpl$dmul          fz_ws.l(dmul.o)
    0x08005cdc   0x0000009c   Code   RO         3920    x$fpl$dnaninf       fz_ws.l(dnaninf.o)
    0x08005d78   0x0000000c   Code   RO         3922    x$fpl$dretinf       fz_ws.l(dretinf.o)
    0x08005d84   0x00000016   Code   RO         3865    x$fpl$drsb          fz_ws.l(daddsub_clz.o)
    0x08005d9a   0x00000002   PAD
    0x08005d9c   0x000001d4   Code   RO         3866    x$fpl$dsub          fz_ws.l(daddsub_clz.o)
    0x08005f70   0x00000056   Code   RO         3882    x$fpl$f2d           fz_ws.l(f2d.o)
    0x08005fc6   0x00000002   PAD
    0x08005fc8   0x000000c4   Code   RO         3884    x$fpl$fadd          fz_ws.l(faddsub_clz.o)
    0x0800608c   0x0000000c   Code   RO         3924    x$fpl$fcheck1       fz_ws.l(fcheck1.o)
    0x08006098   0x00000026   Code   RO         3890    x$fpl$ffltu         fz_ws.l(fflt_clz.o)
    0x080060be   0x00000002   PAD
    0x080060c0   0x00000102   Code   RO         3896    x$fpl$fmul          fz_ws.l(fmul.o)
    0x080061c2   0x0000008c   Code   RO         3926    x$fpl$fnaninf       fz_ws.l(fnaninf.o)
    0x0800624e   0x0000000a   Code   RO         3928    x$fpl$fretinf       fz_ws.l(fretinf.o)
    0x08006258   0x000000ea   Code   RO         3886    x$fpl$fsub          fz_ws.l(faddsub_clz.o)
    0x08006342   0x00000004   Code   RO         3898    x$fpl$printf1       fz_ws.l(printf1.o)
    0x08006346   0x00000064   Code   RO         3995    x$fpl$retnan        fz_ws.l(retnan.o)
    0x080063aa   0x0000004c   Code   RO         3900    x$fpl$scalbnf       fz_ws.l(scalbnf.o)
    0x080063f6   0x00000030   Code   RO         4153    x$fpl$trapveneer    fz_ws.l(trapv.o)
    0x08006426   0x00000000   Code   RO         3930    x$fpl$usenofp       fz_ws.l(usenofp.o)
    0x08006426   0x00000010   Data   RO         3781    .constdata          system_stm32f1xx.o
    0x08006436   0x00000008   Data   RO         3782    .constdata          system_stm32f1xx.o
    0x0800643e   0x00000002   PAD
    0x08006440   0x00000094   Data   RO         3958    .constdata          c_w.l(bigflt0.o)
    0x080064d4   0x00000004   Data   RO         4000    .constdata          c_w.l(sys_io.o)
    0x080064d8   0x00000004   Data   RO         4001    .constdata          c_w.l(sys_io.o)
    0x080064dc   0x00000004   Data   RO         4002    .constdata          c_w.l(sys_io.o)
    0x080064e0   0x00000020   Data   RO         4279    Region$$Table       anon$$obj.o
    0x08006500   0x0000001c   Data   RO         3990    locale$$data        c_w.l(lc_numeric_c.o)


    Execution Region RW_IRAM1 (Base: 0x20000000, Size: 0x00003b78, Max: 0x00005000, ABSOLUTE, COMPRESSED[0x000000c4])

    Base Addr    Size         Type   Attr      Idx    E Section Name        Object

    0x20000000   0x00000100   Data   RW           25    .data               main.o
    0x20000100   0x0000000c   Data   RW          269    .data               adc.o
    0x2000010c   0x00000001   Data   RW          466    .data               usart.o
    0x2000010d   0x00000001   Data   RW          467    .data               usart.o
    0x2000010e   0x00000001   Data   RW          468    .data               usart.o
    0x2000010f   0x00000001   PAD
    0x20000110   0x0000001f   Data   RW          665    .data               sht30_i2c_driver.o
    0x2000012f   0x00000001   PAD
    0x20000130   0x0000000c   Data   RW         1067    .data               stm32f1xx_hal.o
    0x2000013c   0x00000004   Data   RW         3783    .data               system_stm32f1xx.o
    0x20000140   0x00000004   Data   RW         3915    .data               c_w.l(stdio_streams.o)
    0x20000144   0x00000004   Data   RW         3916    .data               c_w.l(stdio_streams.o)
    0x20000148   0x00000004   Data   RW         3917    .data               c_w.l(stdio_streams.o)
    0x2000014c   0x00000030   Zero   RW          268    .bss                adc.o
    0x2000017c   0x00000054   Zero   RW          345    .bss                i2c.o
    0x200001d0   0x00000090   Zero   RW          392    .bss                tim.o
    0x20000260   0x00000010   Zero   RW          461    .bss                usart.o
    0x20000270   0x00001800   Zero   RW          462    .bss                usart.o
    0x20001a70   0x00000010   Zero   RW          463    .bss                usart.o
    0x20001a80   0x00001800   Zero   RW          464    .bss                usart.o
    0x20003280   0x00000198   Zero   RW          465    .bss                usart.o
    0x20003418   0x00000054   Zero   RW         3912    .bss                c_w.l(stdio_streams.o)
    0x2000346c   0x00000054   Zero   RW         3913    .bss                c_w.l(stdio_streams.o)
    0x200034c0   0x00000054   Zero   RW         3914    .bss                c_w.l(stdio_streams.o)
    0x20003514   0x00000060   Zero   RW         4005    .bss                c_w.l(libspace.o)
    0x20003574   0x00000004   PAD
    0x20003578   0x00000200   Zero   RW            2    HEAP                startup_stm32f103xb.o
    0x20003778   0x00000400   Zero   RW            1    STACK               startup_stm32f103xb.o


==============================================================================

Image component sizes


      Code (inc. data)   RO Data    RW Data    ZI Data      Debug   Object Name

       260         60          0         12         48       2244   adc.o
        92          4          0          0          0        790   dma.o
       108          8          0          0          0        919   gpio.o
       156         26          0          0         84       1649   i2c.o
      2092        152          0        256          0     459568   main.o
       416         44          0         31          0       4420   sht30_i2c_driver.o
        64         26        236          0       1536        816   startup_stm32f103xb.o
       164         28          0         12          0       5941   stm32f1xx_hal.o
      1260         54          0          0          0       6560   stm32f1xx_hal_adc.o
       198         14          0          0          0      28987   stm32f1xx_hal_cortex.o
       808         36          0          0          0       5022   stm32f1xx_hal_dma.o
       506         34          0          0          0       3521   stm32f1xx_hal_gpio.o
      2218         54          0          0          0      12398   stm32f1xx_hal_i2c.o
        60          8          0          0          0        882   stm32f1xx_hal_msp.o
      1272        100          0          0          0       5224   stm32f1xx_hal_rcc.o
       436         46          0          0          0       2549   stm32f1xx_hal_rcc_ex.o
      1680         46          0          0          0      15288   stm32f1xx_hal_tim.o
       108         12          0          0          0       2389   stm32f1xx_hal_tim_ex.o
      1790         24          0          0          0      14789   stm32f1xx_hal_uart.o
       288         76          0          0          0       7940   stm32f1xx_it.o
         2          0         24          4          0       1131   system_stm32f1xx.o
       400         46          0          0        144       3928   tim.o
       580         52          0          3      12728       3631   usart.o

    ----------------------------------------------------------------------
     14992        950        294        320      14540     590586   Object Totals
         0          0         32          0          0          0   (incl. Generated)
        34          0          2          2          0          0   (incl. Padding)

    ----------------------------------------------------------------------

      Code (inc. data)   RO Data    RW Data    ZI Data      Debug   Library Member Name

        90          0          0          0          0          0   __dczerorl2.o
         8          0          0          0          0         68   __main.o
       284          0          0          0          0        156   __printf_wp.o
         0          0          0          0          0          0   __rtentry.o
        12          0          0          0          0          0   __rtentry2.o
         6          0          0          0          0          0   __rtentry4.o
        52          8          0          0          0          0   __scatter.o
        28          0          0          0          0          0   __scatter_zi.o
        48          6          0          0          0         96   _printf_char_common.o
        36          4          0          0          0         80   _printf_char_file.o
         6          0          0          0          0          0   _printf_f.o
      1050          0          0          0          0        216   _printf_fp_dec.o
       128         16          0          0          0         84   _printf_fp_infnan.o
         0          0          0          0          0          0   _printf_percent.o
         4          0          0          0          0          0   _printf_percent_end.o
        10          0          0          0          0         68   _sputc.o
       220          4        148          0          0         96   bigflt0.o
      1910        128          0          0          0        672   btod.o
        10          0          0          0          0         68   defsig_exit.o
        50          0          0          0          0         88   defsig_general.o
        80         58          0          0          0         76   defsig_rtmem_inner.o
        14          0          0          0          0         80   defsig_rtmem_outer.o
        52         38          0          0          0         76   defsig_rtred_inner.o
        14          0          0          0          0         80   defsig_rtred_outer.o
        18          0          0          0          0         80   exit.o
        76          0          0          0          0         88   fclose.o
         8          0          0          0          0         68   ferror.o
       236          4          0          0          0        128   fopen.o
       248          6          0          0          0         84   fseek.o
        66          0          0          0          0         76   ftell.o
        94          0          0          0          0         80   h1_alloc.o
        52          0          0          0          0         68   h1_extend.o
        78          0          0          0          0         80   h1_free.o
        14          0          0          0          0         84   h1_init.o
         6          0          0          0          0        152   heapauxi.o
         4          0          0          0          0        136   hguard.o
         0          0          0          0          0          0   indicate_semi.o
       138          0          0          0          0        168   init_alloc.o
       312         46          0          0          0        112   initio.o
        44         10         28          0          0         76   lc_numeric_c.o
         2          0          0          0          0          0   libinit.o
        30          0          0          0          0          0   libinit2.o
         2          0          0          0          0          0   libshutdown.o
         6          0          0          0          0          0   libshutdown2.o
         8          4          0          0         96         68   libspace.o
       138          0          0          0          0         80   lludiv10.o
         0          0          0          0          0          0   maybetermalloc1.o
        88          0          0          0          0         76   memcmp.o
        24          4          0          0          0         84   noretval__2printf.o
        40          6          0          0          0         84   noretval__2sprintf.o
         8          4          0          0          0         68   rt_errno_addr_intlibspace.o
         8          4          0          0          0         68   rt_heap_descriptor_intlibspace.o
         8          4          0          0          0         68   rt_locale_intlibspace.o
        68          0          0          0          0         68   rt_memclr.o
        78          0          0          0          0         80   rt_memclr_w.o
       138          0          0          0          0         68   rt_memcpy_v6.o
       100          0          0          0          0         80   rt_memcpy_w.o
         2          0          0          0          0          0   rtexit.o
        10          0          0          0          0          0   rtexit2.o
        70          0          0          0          0         80   setvbuf.o
       240          6          0          0          0        156   stdio.o
         0          0          0         12        252          0   stdio_streams.o
       128          0          0          0          0         68   strcmpv7m.o
        62          0          0          0          0         76   strlen.o
        12          4          0          0          0         68   sys_exit.o
       102          0         12          0          0        240   sys_io.o
        74          0          0          0          0         80   sys_stackheap_outer.o
        14          0          0          0          0         76   sys_wrch.o
         2          0          0          0          0         68   use_no_semi.o
        98          4          0          0          0         92   d2f.o
       826         16          0          0          0        348   daddsub_clz.o
       688        140          0          0          0        208   ddiv.o
        46          0          0          0          0         68   dflt_clz.o
       340         12          0          0          0        104   dmul.o
       156          4          0          0          0         92   dnaninf.o
        12          0          0          0          0         68   dretinf.o
        86          4          0          0          0         84   f2d.o
       430          8          0          0          0        168   faddsub_clz.o
        12          4          0          0          0         68   fcheck1.o
        38          0          0          0          0         68   fflt_clz.o
       258          4          0          0          0         84   fmul.o
       140          4          0          0          0         84   fnaninf.o
        10          0          0          0          0         68   fretinf.o
         4          0          0          0          0         68   printf1.o
       100          0          0          0          0         68   retnan.o
        76          0          0          0          0         68   scalbnf.o
        48          0          0          0          0         68   trapv.o
         0          0          0          0          0          0   usenofp.o
        40          0          0          0          0         68   fpclassify.o

    ----------------------------------------------------------------------
     10410        564        188         12        352       7232   Library Totals
        34          0          0          0          4          0   (incl. Padding)

    ----------------------------------------------------------------------

      Code (inc. data)   RO Data    RW Data    ZI Data      Debug   Library Name

      6968        364        188         12        348       5288   c_w.l
      3368        200          0          0          0       1876   fz_ws.l
        40          0          0          0          0         68   m_ws.l

    ----------------------------------------------------------------------
     10410        564        188         12        352       7232   Library Totals

    ----------------------------------------------------------------------

==============================================================================


      Code (inc. data)   RO Data    RW Data    ZI Data      Debug   

     25402       1514        482        332      14892     586842   Grand Totals
     25402       1514        482        196      14892     586842   ELF Image Totals (compressed)
     25402       1514        482        196          0          0   ROM Totals

==============================================================================

    Total RO  Size (Code + RO Data)                25884 (  25.28kB)
    Total RW  Size (RW Data + ZI Data)             15224 (  14.87kB)
    Total ROM Size (Code + RO Data + RW Data)      26080 (  25.47kB)

==============================================================================

