Component: ARM Compiler 5.06 update 1 (build 61) Tool: armlink [4d35a8]

==============================================================================

Section Cross References

    startup_stm32f103xb.o(STACK) refers (Special) to heapauxi.o(.text) for __use_two_region_memory
    startup_stm32f103xb.o(HEAP) refers (Special) to heapauxi.o(.text) for __use_two_region_memory
    startup_stm32f103xb.o(RESET) refers (Special) to heapauxi.o(.text) for __use_two_region_memory
    startup_stm32f103xb.o(RESET) refers to startup_stm32f103xb.o(STACK) for __initial_sp
    startup_stm32f103xb.o(RESET) refers to startup_stm32f103xb.o(.text) for Reset_Handler
    startup_stm32f103xb.o(RESET) refers to stm32f1xx_it.o(i.NMI_Handler) for NMI_Handler
    startup_stm32f103xb.o(RESET) refers to stm32f1xx_it.o(i.HardFault_Handler) for HardFault_Handler
    startup_stm32f103xb.o(RESET) refers to stm32f1xx_it.o(i.MemManage_Handler) for MemManage_Handler
    startup_stm32f103xb.o(RESET) refers to stm32f1xx_it.o(i.BusFault_Handler) for BusFault_Handler
    startup_stm32f103xb.o(RESET) refers to stm32f1xx_it.o(i.UsageFault_Handler) for UsageFault_Handler
    startup_stm32f103xb.o(RESET) refers to stm32f1xx_it.o(i.SVC_Handler) for SVC_Handler
    startup_stm32f103xb.o(RESET) refers to stm32f1xx_it.o(i.DebugMon_Handler) for DebugMon_Handler
    startup_stm32f103xb.o(RESET) refers to stm32f1xx_it.o(i.PendSV_Handler) for PendSV_Handler
    startup_stm32f103xb.o(RESET) refers to stm32f1xx_it.o(i.SysTick_Handler) for SysTick_Handler
    startup_stm32f103xb.o(RESET) refers to stm32f1xx_it.o(i.DMA1_Channel4_IRQHandler) for DMA1_Channel4_IRQHandler
    startup_stm32f103xb.o(RESET) refers to stm32f1xx_it.o(i.DMA1_Channel5_IRQHandler) for DMA1_Channel5_IRQHandler
    startup_stm32f103xb.o(RESET) refers to stm32f1xx_it.o(i.DMA1_Channel6_IRQHandler) for DMA1_Channel6_IRQHandler
    startup_stm32f103xb.o(RESET) refers to stm32f1xx_it.o(i.DMA1_Channel7_IRQHandler) for DMA1_Channel7_IRQHandler
    startup_stm32f103xb.o(RESET) refers to stm32f1xx_it.o(i.TIM2_IRQHandler) for TIM2_IRQHandler
    startup_stm32f103xb.o(RESET) refers to stm32f1xx_it.o(i.USART1_IRQHandler) for USART1_IRQHandler
    startup_stm32f103xb.o(RESET) refers to stm32f1xx_it.o(i.USART2_IRQHandler) for USART2_IRQHandler
    startup_stm32f103xb.o(.text) refers (Special) to heapauxi.o(.text) for __use_two_region_memory
    startup_stm32f103xb.o(.text) refers to system_stm32f1xx.o(i.SystemInit) for SystemInit
    startup_stm32f103xb.o(.text) refers to __main.o(!!!main) for __main
    startup_stm32f103xb.o(.text) refers to startup_stm32f103xb.o(HEAP) for Heap_Mem
    startup_stm32f103xb.o(.text) refers to startup_stm32f103xb.o(STACK) for Stack_Mem
    main.o(i.ModBus_CRC16) refers to main.o(.data) for .data
    main.o(i.SystemClock_Config) refers to rt_memclr_w.o(.text) for __aeabi_memclr4
    main.o(i.SystemClock_Config) refers to stm32f1xx_hal_rcc.o(i.HAL_RCC_OscConfig) for HAL_RCC_OscConfig
    main.o(i.SystemClock_Config) refers to stm32f1xx_hal_rcc.o(i.HAL_RCC_ClockConfig) for HAL_RCC_ClockConfig
    main.o(i.SystemClock_Config) refers to stm32f1xx_hal_rcc_ex.o(i.HAL_RCCEx_PeriphCLKConfig) for HAL_RCCEx_PeriphCLKConfig
    main.o(i.main) refers to stm32f1xx_hal.o(i.HAL_Init) for HAL_Init
    main.o(i.main) refers to main.o(i.SystemClock_Config) for SystemClock_Config
    main.o(i.main) refers to gpio.o(i.MX_GPIO_Init) for MX_GPIO_Init
    main.o(i.main) refers to dma.o(i.MX_DMA_Init) for MX_DMA_Init
    main.o(i.main) refers to usart.o(i.MX_USART1_UART_Init) for MX_USART1_UART_Init
    main.o(i.main) refers to adc.o(i.MX_ADC1_Init) for MX_ADC1_Init
    main.o(i.main) refers to i2c.o(i.MX_I2C1_Init) for MX_I2C1_Init
    main.o(i.main) refers to tim.o(i.MX_TIM2_Init) for MX_TIM2_Init
    main.o(i.main) refers to usart.o(i.MX_USART2_UART_Init) for MX_USART2_UART_Init
    main.o(i.main) refers to stm32f1xx_hal_uart.o(i.HAL_UART_Receive_DMA) for HAL_UART_Receive_DMA
    main.o(i.main) refers to stm32f1xx_hal_tim.o(i.HAL_TIM_PWM_Start) for HAL_TIM_PWM_Start
    main.o(i.main) refers to stm32f1xx_hal.o(i.HAL_Delay) for HAL_Delay
    main.o(i.main) refers to stm32f1xx_hal_gpio.o(i.HAL_GPIO_WritePin) for HAL_GPIO_WritePin
    main.o(i.main) refers to memcmp.o(.text) for memcmp
    main.o(i.main) refers to main.o(i.ModBus_CRC16) for ModBus_CRC16
    main.o(i.main) refers to stm32f1xx_hal_uart.o(i.HAL_UART_Transmit) for HAL_UART_Transmit
    main.o(i.main) refers to main.o(i.memv) for memv
    main.o(i.main) refers to strcat.o(.text) for strcat
    main.o(i.main) refers to rt_memclr.o(.text) for __aeabi_memclr
    main.o(i.main) refers to sht30_i2c_driver.o(.data) for I2CRXBuffer
    main.o(i.main) refers to usart.o(.bss) for Rx1_Buffer
    main.o(i.main) refers to usart.o(.bss) for huart1
    main.o(i.main) refers to usart.o(.bss) for Rx2_Buffer
    main.o(i.main) refers to tim.o(.bss) for htim2
    main.o(i.main) refers to usart.o(.bss) for Dec
[...]
    UART_DMAReceiveCplt                      0x0800442d   Thumb Code    90  stm32f1xx_hal_uart.o(i.UART_DMAReceiveCplt)
    i.UART_DMARxHalfCplt                     0x08004486   Section        0  stm32f1xx_hal_uart.o(i.UART_DMARxHalfCplt)
    UART_DMARxHalfCplt                       0x08004487   Thumb Code    26  stm32f1xx_hal_uart.o(i.UART_DMARxHalfCplt)
    i.UART_EndRxTransfer                     0x080044a0   Section        0  stm32f1xx_hal_uart.o(i.UART_EndRxTransfer)
    UART_EndRxTransfer                       0x080044a1   Thumb Code    48  stm32f1xx_hal_uart.o(i.UART_EndRxTransfer)
    i.UART_EndTxTransfer                     0x080044d0   Section        0  stm32f1xx_hal_uart.o(i.UART_EndTxTransfer)
    UART_EndTxTransfer                       0x080044d1   Thumb Code    18  stm32f1xx_hal_uart.o(i.UART_EndTxTransfer)
    i.UART_Receive_IT                        0x080044e2   Section        0  stm32f1xx_hal_uart.o(i.UART_Receive_IT)
    UART_Receive_IT                          0x080044e3   Thumb Code   182  stm32f1xx_hal_uart.o(i.UART_Receive_IT)
    i.UART_SetConfig                         0x08004598   Section        0  stm32f1xx_hal_uart.o(i.UART_SetConfig)
    UART_SetConfig                           0x08004599   Thumb Code   178  stm32f1xx_hal_uart.o(i.UART_SetConfig)
    i.UART_Start_Receive_DMA                 0x08004650   Section        0  stm32f1xx_hal_uart.o(i.UART_Start_Receive_DMA)
    i.UART_WaitOnFlagUntilTimeout            0x080046c0   Section        0  stm32f1xx_hal_uart.o(i.UART_WaitOnFlagUntilTimeout)
    UART_WaitOnFlagUntilTimeout              0x080046c1   Thumb Code   100  stm32f1xx_hal_uart.o(i.UART_WaitOnFlagUntilTimeout)
    i.USART1_IRQHandler                      0x08004724   Section        0  stm32f1xx_it.o(i.USART1_IRQHandler)
    i.USART2_IRQHandler                      0x08004784   Section        0  stm32f1xx_it.o(i.USART2_IRQHandler)
    i.UsageFault_Handler                     0x080047f4   Section        0  stm32f1xx_it.o(i.UsageFault_Handler)
    i.__ARM_fpclassify                       0x080047f6   Section        0  fpclassify.o(i.__ARM_fpclassify)
    i.__NVIC_SetPriority                     0x0800481e   Section        0  stm32f1xx_hal_cortex.o(i.__NVIC_SetPriority)
    __NVIC_SetPriority                       0x0800481f   Thumb Code    32  stm32f1xx_hal_cortex.o(i.__NVIC_SetPriority)
    i._is_digit                              0x0800483e   Section        0  __printf_wp.o(i._is_digit)
    i.fputc                                  0x0800484c   Section        0  usart.o(i.fputc)
    i.main                                   0x08004864   Section        0  main.o(i.main)
    i.memv                                   0x080055a0   Section        0  main.o(i.memv)
    locale$$code                             0x080055c8   Section       44  lc_numeric_c.o(locale$$code)
    x$fpl$d2f                                0x080055f4   Section       98  d2f.o(x$fpl$d2f)
    x$fpl$dadd                               0x08005658   Section      336  daddsub_clz.o(x$fpl$dadd)
    _dadd1                                   0x08005669   Thumb Code     0  daddsub_clz.o(x$fpl$dadd)
    x$fpl$ddiv                               0x080057a8   Section      688  ddiv.o(x$fpl$ddiv)
    ddiv_entry                               0x080057af   Thumb Code     0  ddiv.o(x$fpl$ddiv)
    x$fpl$dflt                               0x08005a58   Section       46  dflt_clz.o(x$fpl$dflt)
    x$fpl$dmul                               0x08005a88   Section      340  dmul.o(x$fpl$dmul)
    x$fpl$dnaninf                            0x08005bdc   Section      156  dnaninf.o(x$fpl$dnaninf)
    x$fpl$dretinf                            0x08005c78   Section       12  dretinf.o(x$fpl$dretinf)
    x$fpl$drsb                               0x08005c84   Section       22  daddsub_clz.o(x$fpl$drsb)
    x$fpl$dsub                               0x08005c9c   Section      468  daddsub_clz.o(x$fpl$dsub)
    _dsub1                                   0x08005cad   Thumb Code     0  daddsub_clz.o(x$fpl$dsub)
    x$fpl$f2d                                0x08005e70   Section       86  f2d.o(x$fpl$f2d)
    x$fpl$fnaninf                            0x08005ec6   Section      140  fnaninf.o(x$fpl$fnaninf)
    x$fpl$fretinf                            0x08005f52   Section       10  fretinf.o(x$fpl$fretinf)
    x$fpl$printf1                            0x08005f5c   Section        4  printf1.o(x$fpl$printf1)
    .constdata                               0x08005f60   Section       16  system_stm32f1xx.o(.constdata)
    x$fpl$usenofp                            0x08005f60   Section        0  usenofp.o(x$fpl$usenofp)
    .constdata                               0x08005f70   Section        8  system_stm32f1xx.o(.constdata)
    .constdata                               0x08005f78   Section      148  bigflt0.o(.constdata)
    tenpwrs_x                                0x08005f78   Data          60  bigflt0.o(.constdata)
    tenpwrs_i                                0x08005fb4   Data          64  bigflt0.o(.constdata)
    .constdata                               0x0800600c   Section        4  sys_io.o(.constdata)
    .constdata                               0x08006010   Section        4  sys_io.o(.constdata)
    .constdata                               0x08006014   Section        4  sys_io.o(.constdata)
    locale$$data                             0x08006038   Section       28  lc_numeric_c.o(locale$$data)
    __lcnum_c_name                           0x0800603c   Data           2  lc_numeric_c.o(locale$$data)
    __lcnum_c_start                          0x08006044   Data           0  lc_numeric_c.o(locale$$data)
    __lcnum_c_point                          0x08006050   Data           0  lc_numeric_c.o(locale$$data)
    __lcnum_c_thousands                      0x08006052   Data           0  lc_numeric_c.o(locale$$data)
    __lcnum_c_grouping                       0x08006053   Data           0  lc_numeric_c.o(locale$$data)
    __lcnum_c_end                            0x08006054   Data           0  lc_numeric_c.o(locale$$data)
    .data                                    0x20000000   Section      239  main.o(.data)
    .data                                    0x200000f0   Section       12  adc.o(.data)
    .data                                    0x200000fc   Section        1  usart.o(.data)
    .data                                    0x200000fd   Section        1  usart.o(.data)
    .data                                    0x200000fe   Section        1  usart.o(.data)
    .data                                    0x20000100   Section       18  sht30_i2c_driver.o(.data)
    .data                                    0x20000114   Section       12  stm32f1xx_hal.o(.data)
    .data                                    0x20000120   Section        4  system_stm32f1xx.o(.data)
    .data                                    0x20000124   Section        4  stdio_streams.o(.data)
    .data                                    0x20000128   Section        4  stdio_streams.o(.data)
    .data                                    0x2000012c   Section        4  stdio_streams.o(.data)
    .bss                                     0x20000130   Section       63  main.o(.bss)
    .bss                                     0x20000170   Section       48  adc.o(.bss)
    .bss                                     0x200001a0   Section       84  i2c.o(.bss)
    .bss                                     0x200001f4   Section       72  tim.o(.bss)
    .bss                                     0x2000023c   Section       16  usart.o(.bss)
    .bss                                     0x2000024c   Section     6144  usart.o(.bss)
    .bss                                     0x20001a4c   Section       16  usart.o(.bss)
    .bss                                     0x20001a5c   Section     6144  usart.o(.bss)
    .bss                                     0x2000325c   Section      408  usart.o(.bss)
    .bss                                     0x200033f4   Section       84  stdio_streams.o(.bss)
    .bss                                     0x20003448   Section       84  stdio_streams.o(.bss)
    .bss                                     0x2000349c   Section       84  stdio_streams.o(.bss)
    .bss                                     0x200034f0   Section       96  libspace.o(.bss)
    HEAP                                     0x20003550   Section      512  startup_stm32f103xb.o(HEAP)
    Heap_Mem                                 0x20003550   Data         512  startup_stm32f103xb.o(HEAP)
    STACK                                    0x20003750   Section     1024  startup_stm32f103xb.o(STACK)
    Stack_Mem                                0x20003750   Data        1024  startup_stm32f103xb.o(STACK)
    __initial_sp                             0x20003b50   Data           0  startup_stm32f103xb.o(STACK)

    Global Symbols

    Symbol Name                              Value     Ov Type        Size  Object(Section)

    BuildAttributes$$THM_ISAv4$P$D$K$B$S$PE$A:L22UL41UL21$X:L11$S22US41US21$IEEE1$IW$USESV6$~STKCKD$USESV7$~SHL$OTIME$ROPI$IEEEJ$EBA8$UX$STANDARDLIB$REQ8$PRES8$EABIv2 0x00000000   Number         0  anon$$obj.o ABSOLUTE
    __ARM_use_no_argv                        0x00000000   Number         0  main.o ABSOLUTE
    _printf_flags                            0x00000000   Number         0  printf_stubs.o ABSOLUTE
    _printf_return_value                     0x00000000   Number         0  printf_stubs.o ABSOLUTE
    _printf_sizespec                         0x00000000   Number         0  printf_stubs.o ABSOLUTE
    _printf_widthprec                        0x00000000   Number         0  printf_stubs.o ABSOLUTE
    __ARM_exceptions_init                     - Undefined Weak Reference
    __alloca_initialize                       - Undefined Weak Reference
    __arm_preinit_                            - Undefined Weak Reference
    __cpp_initialize__aeabi_                  - Undefined Weak Reference
    __cxa_finalize                            - Undefined Weak Reference
    __sigvec_lookup                           - Undefined Weak Reference
    __user_heap_extent                        - Undefined Weak Reference
    _atexit_init                              - Undefined Weak Reference
    _call_atexit_fns                          - Undefined Weak Reference
    _clock_init                               - Undefined Weak Reference
    _fp_trap_init                             - Undefined Weak Reference
    _fp_trap_shutdown                         - Undefined Weak Reference
    _get_lc_collate                           - Undefined Weak Reference
    _get_lc_ctype                             - Undefined Weak Reference
    _get_lc_monetary                          - Undefined Weak Reference
    _get_lc_time                              - Undefined Weak Reference
    _getenv_init                              - Undefined Weak Reference
    _handle_redirection                       - Undefined Weak Reference
    _mutex_acquire                            - Undefined Weak Reference
    _mutex_free                               - Undefined Weak Reference
    _mutex_release                            - Undefined Weak Reference
    _printf_post_padding                      - Undefined Weak Reference
    _printf_pre_padding                       - Undefined Weak Reference
    _printf_truncate_signed                   - Undefined Weak Reference
    _printf_truncate_unsigned                 - Undefined Weak Reference
    _rand_init                                - Undefined Weak Reference
    _signal_finish                            - Undefined Weak Reference
    _signal_init                              - Undefined Weak Reference
    __Vectors_Size                           0x000000ec   Number         0  startup_stm32f103xb.o ABSOLUTE
    __Vectors                                0x08000000   Data           4  startup_stm32f103xb.o(RESET)
    __Vectors_End                            0x080000ec   Data           0  startup_stm32f103xb.o(RESET)
    __main                                   0x080000ed   Thumb Code     8  __main.o(!!!main)
    __scatterload                            0x080000f5   Thumb Code     0  __scatter.o(!!!scatter)
    __scatterload_rt2                        0x080000f5   Thumb Code    44  __scatter.o(!!!scatter)
    __scatterload_rt2_thumb_only             0x080000f5   Thumb Code     0  __scatter.o(!!!scatter)
    __scatterload_null                       0x08000103   Thumb Code     0  __scatter.o(!!!scatter)
    __decompress                             0x08000129   Thumb Code    58  __dczerorl.o(!!dczerorl)
    __decompress0                            0x08000129   Thumb Code     0  __dczerorl.o(!!dczerorl)
    __scatterload_zeroinit                   0x08000165   Thumb Code    28  __scatter_zi.o(!!handler_zi)
    _printf_f                                0x08000181   Thumb Code     0  _printf_f.o(.ARM.Collect$$_printf_percent$$00000003)
    _printf_percent                          0x08000181   Thumb Code     0  _printf_percent.o(.ARM.Collect$$_printf_percent$$00000000)
    _printf_d                                0x08000187   Thumb Code     0  _printf_d.o(.ARM.Collect$$_printf_percent$$00000009)
    _printf_percent_end                      0x0800018d   Thumb Code     0  _printf_percent_end.o(.ARM.Collect$$_printf_percent$$00000017)
    __rt_lib_init                            0x08000191   Thumb Code     0  libinit.o(.ARM.Collect$$libinit$$00000000)
    __rt_lib_init_fp_1                       0x08000193   Thumb Code     0  libinit2.o(.ARM.Collect$$libinit$$00000002)
    __rt_lib_init_heap_2                     0x08000193   Thumb Code     0  libinit2.o(.ARM.Collect$$libinit$$00000005)
    __rt_lib_init_preinit_1                  0x08000193   Thumb Code     0  libinit2.o(.ARM.Collect$$libinit$$00000004)
    __rt_lib_init_heap_1                     0x0800019b   Thumb Code     0  libinit2.o(.ARM.Collect$$libinit$$0000000A)
    __rt_lib_init_lc_common                  0x0800019b   Thumb Code     0  libinit2.o(.ARM.Collect$$libinit$$0000000F)
    __rt_lib_init_rand_1                     0x0800019b   Thumb Code     0  libinit2.o(.ARM.Collect$$libinit$$0000000E)
    __rt_lib_init_user_alloc_1               0x0800019b   Thumb Code     0  libinit2.o(.ARM.Collect$$libinit$$0000000C)
    __rt_lib_init_lc_collate_1               0x080001a1   Thumb Code     0  libinit2.o(.ARM.Collect$$libinit$$00000011)
    __rt_lib_init_lc_ctype_1                 0x080001a1   Thumb Code     0  libinit2.o(.ARM.Collect$$libinit$$00000013)
    __rt_lib_init_lc_monetary_1              0x080001a1   Thumb Code     0  libinit2.o(.ARM.Collect$$libinit$$00000015)
    __rt_lib_init_lc_numeric_2               0x080001a1   Thumb Code     0  libinit2.o(.ARM.Collect$$libinit$$00000016)
    __rt_lib_init_atexit_1                   0x080001ab   Thumb Code     0  libinit2.o(.ARM.Collect$$libinit$$0000001B)
    __rt_lib_init_clock_1                    0x080001ab   Thumb Code     0  libinit2.o(.ARM.Collect$$libinit$$00000021)
    __rt_lib_init_fp_trap_1                  0x080001ab   Thumb Code     0  libinit2.o(.ARM.Collect$$libinit$$0000001F)
    __rt_lib_init_getenv_1                   0x080001ab   Thumb Code     0  libinit2.o(.ARM.Collect$$libinit$$00000023)
    __rt_lib_init_lc_numeric_1               0x080001ab   Thumb Code     0  libinit2.o(.ARM.Collect$$libinit$$00000017)
    __rt_lib_init_lc_time_1                  0x080001ab   Thumb Code     0  libinit2.o(.ARM.Collect$$libinit$$00000019)
    __rt_lib_init_signal_1                   0x080001ab   Thumb Code     0  libinit2.o(.ARM.Collect$$libinit$$0000001D)
    __rt_lib_init_stdio_2                    0x080001ab   Thumb Code     0  libinit2.o(.ARM.Collect$$libinit$$00000024)
    __rt_lib_init_alloca_1                   0x080001af   Thumb Code     0  libinit2.o(.ARM.Collect$$libinit$$0000002E)
    __rt_lib_init_argv_1                     0x080001af   Thumb Code     0  libinit2.o(.ARM.Collect$$libinit$$0000002C)
    __rt_lib_init_cpp_1                      0x080001af   Thumb Code     0  libinit2.o(.ARM.Collect$$libinit$$00000032)
    __rt_lib_init_exceptions_1               0x080001af   Thumb Code     0  libinit2.o(.ARM.Collect$$libinit$$00000030)
    __rt_lib_init_return                     0x080001af   Thumb Code     0  libinit2.o(.ARM.Collect$$libinit$$00000033)
    __rt_lib_init_stdio_1                    0x080001af   Thumb Code     0  libinit2.o(.ARM.Collect$$libinit$$00000025)
    __rt_lib_shutdown                        0x080001b1   Thumb Code     0  libshutdown.o(.ARM.Collect$$libshutdown$$00000000)
    __rt_lib_shutdown_cpp_1                  0x080001b3   Thumb Code     0  libshutdown2.o(.ARM.Collect$$libshutdown$$00000002)
    __rt_lib_shutdown_stdio_2                0x080001b3   Thumb Code     0  libshutdown2.o(.ARM.Collect$$libshutdown$$00000003)
    __rt_lib_shutdown_fp_trap_1              0x080001b7   Thumb Code     0  libshutdown2.o(.ARM.Collect$$libshutdown$$00000007)
    __rt_lib_shutdown_heap_1                 0x080001b7   Thumb Code     0  libshutdown2.o(.ARM.Collect$$libshutdown$$0000000F)
    __rt_lib_shutdown_return                 0x080001b7   Thumb Code     0  libshutdown2.o(.ARM.Collect$$libshutdown$$00000010)
    __rt_lib_shutdown_signal_1               0x080001b7   Thumb Code     0  libshutdown2.o(.ARM.Collect$$libshutdown$$0000000A)
    __rt_lib_shutdown_stdio_1                0x080001b7   Thumb Code     0  libshutdown2.o(.ARM.Collect$$libshutdown$$00000004)
    __rt_lib_shutdown_user_alloc_1           0x080001b7   Thumb Code     0  libshutdown2.o(.ARM.Collect$$libshutdown$$0000000C)
    __rt_entry                               0x080001b9   Thumb Code     0  __rtentry.o(.ARM.Collect$$rtentry$$00000000)
    __rt_entry_presh_1                       0x080001b9   Thumb Code     0  __rtentry2.o(.ARM.Collect$$rtentry$$00000002)
    __rt_entry_sh                            0x080001b9   Thumb Code     0  __rtentry4.o(.ARM.Collect$$rtentry$$00000004)
    __rt_entry_li                            0x080001bf   Thumb Code     0  __rtentry2.o(.ARM.Collect$$rtentry$$0000000A)
    __rt_entry_postsh_1                      0x080001bf   Thumb Code     0  __rtentry2.o(.ARM.Collect$$rtentry$$00000009)
    __rt_entry_main                          0x080001c3   Thumb Code     0  __rtentry2.o(.ARM.Collect$$rtentry$$0000000D)
    __rt_entry_postli_1                      0x080001c3   Thumb Code     0  __rtentry2.o(.ARM.Collect$$rtentry$$0000000C)
    __rt_exit                                0x080001cb   Thumb Code     0  rtexit.o(.ARM.Collect$$rtexit$$00000000)
    __rt_exit_ls                             0x080001cd   Thumb Code     0  rtexit2.o(.ARM.Collect$$rtexit$$00000003)
    __rt_exit_prels_1                        0x080001cd   Thumb Code     0  rtexit2.o(.ARM.Collect$$rtexit$$00000002)
    __rt_exit_exit                           0x080001d1   Thumb Code     0  rtexit2.o(.ARM.Collect$$rtexit$$00000004)
    Reset_Handler                            0x080001d9   Thumb Code     8  startup_stm32f103xb.o(.text)
    _maybe_terminate_alloc                   0x080001d9   Thumb Code     0  maybetermalloc1.o(.emb_text)
    ADC1_2_IRQHandler                        0x080001f3   Thumb Code     0  startup_stm32f103xb.o(.text)
    CAN1_RX1_IRQHandler                      0x080001f3   Thumb Code     0  startup_stm32f103xb.o(.text)
    CAN1_SCE_IRQHandler                      0x080001f3   Thumb Code     0  startup_stm32f103xb.o(.text)
    DMA1_Channel1_IRQHandler                 0x080001f3   Thumb Code     0  startup_stm32f103xb.o(.text)
    DMA1_Channel2_IRQHandler                 0x080001f3   Thumb Code     0  startup_stm32f103xb.o(.text)
    DMA1_Channel3_IRQHandler                 0x080001f3   Thumb Code     0  startup_stm32f103xb.o(.text)
    EXTI0_IRQHandler                         0x080001f3   Thumb Code     0  startup_stm32f103xb.o(.text)
    EXTI15_10_IRQHandler                     0x080001f3   Thumb Code     0  startup_stm32f103xb.o(.text)
    EXTI1_IRQHandler                         0x080001f3   Thumb Code     0  startup_stm32f103xb.o(.text)
    EXTI2_IRQHandler                         0x080001f3   Thumb Code     0  startup_stm32f103xb.o(.text)
    EXTI3_IRQHandler                         0x080001f3   Thumb Code     0  startup_stm32f103xb.o(.text)
    EXTI4_IRQHandler                         0x080001f3   Thumb Code     0  startup_stm32f103xb.o(.text)
    EXTI9_5_IRQHandler                       0x080001f3   Thumb Code     0  startup_stm32f103xb.o(.text)
    FLASH_IRQHandler                         0x080001f3   Thumb Code     0  startup_stm32f103xb.o(.text)
    I2C1_ER_IRQHandler                       0x080001f3   Thumb Code     0  startup_stm32f103xb.o(.text)
    I2C1_EV_IRQHandler                       0x080001f3   Thumb Code     0  startup_stm32f103xb.o(.text)
    I2C2_ER_IRQHandler                       0x080001f3   Thumb Code     0  startup_stm32f103xb.o(.text)
    I2C2_EV_IRQHandler                       0x080001f3   Thumb Code     0  startup_stm32f103xb.o(.text)
    PVD_IRQHandler                           0x080001f3   Thumb Code     0  startup_stm32f103xb.o(.text)
    RCC_IRQHandler                           0x080001f3   Thumb Code     0  startup_stm32f103xb.o(.text)
    RTC_Alarm_IRQHandler                     0x080001f3   Thumb Code     0  startup_stm32f103xb.o(.text)
    RTC_IRQHandler                           0x080001f3   Thumb Code     0  startup_stm32f103xb.o(.text)
    SPI1_IRQHandler                          0x080001f3   Thumb Code     0  startup_stm32f103xb.o(.text)
    SPI2_IRQHandler                          0x080001f3   Thumb Code     0  startup_stm32f103xb.o(.text)
    TAMPER_IRQHandler                        0x080001f3   Thumb Code     0  startup_stm32f103xb.o(.text)
    TIM1_BRK_IRQHandler                      0x080001f3   Thumb Code     0  startup_stm32f103xb.o(.text)
    TIM1_CC_IRQHandler                       0x080001f3   Thumb Code     0  startup_stm32f103xb.o(.text)
    TIM1_TRG_COM_IRQHandler                  0x080001f3   Thumb Code     0  startup_stm32f103xb.o(.text)
    TIM1_UP_IRQHandler                       0x080001f3   Thumb Code     0  startup_stm32f103xb.o(.text)
    TIM3_IRQHandler                          0x080001f3   Thumb Code     0  startup_stm32f103xb.o(.text)
    TIM4_IRQHandler                          0x080001f3   Thumb Code     0  startup_stm32f103xb.o(.text)
    USART3_IRQHandler                        0x080001f3   Thumb Code     0  startup_stm32f103xb.o(.text)
    USBWakeUp_IRQHandler                     0x080001f3   Thumb Code     0  startup_stm32f103xb.o(.text)
    USB_HP_CAN1_TX_IRQHandler                0x080001f3   Thumb Code     0  startup_stm32f103xb.o(.text)
    USB_LP_CAN1_RX0_IRQHandler               0x080001f3   Thumb Code     0  startup_stm32f103xb.o(.text)
    WWDG_IRQHandler                          0x080001f3   Thumb Code     0  startup_stm32f103xb.o(.text)
    __user_initial_stackheap                 0x080001f5   Thumb Code     0  startup_stm32f103xb.o(.text)
    __2printf                                0x08000219   Thumb Code    20  noretval__2printf.o(.text)
    _printf_int_dec                          0x08000231   Thumb Code   104  _printf_dec.o(.text)
    __printf                                 0x080002a9   Thumb Code   270  __printf_wp.o(.text)
    memcmp                                   0x080003b7   Thumb Code    88  memcmp.o(.text)
    strcat                                   0x0800040f   Thumb Code    24  strcat.o(.text)
    __aeabi_memcpy                           0x08000427   Thumb Code     0  rt_memcpy_v6.o(.text)
    __rt_memcpy                              0x08000427   Thumb Code   138  rt_memcpy_v6.o(.text)
    _memcpy_lastbytes                        0x0800048d   Thumb Code     0  rt_memcpy_v6.o(.text)
    __aeabi_memclr                           0x080004b1   Thumb Code     0  rt_memclr.o(.text)
    __rt_memclr                              0x080004b1   Thumb Code    68  rt_memclr.o(.text)
    _memset                                  0x080004b5   Thumb Code     0  rt_memclr.o(.text)
    __aeabi_memclr4                          0x080004f5   Thumb Code     0  rt_memclr_w.o(.text)
    __aeabi_memclr8                          0x080004f5   Thumb Code     0  rt_memclr_w.o(.text)
    __rt_memclr_w                            0x080004f5   Thumb Code    78  rt_memclr_w.o(.text)
    _memset_w                                0x080004f9   Thumb Code     0  rt_memclr_w.o(.text)
    __use_two_region_memory                  0x08000543   Thumb Code     2  heapauxi.o(.text)
    __rt_heap_escrow                         0x08000545   Thumb Code     2  heapauxi.o(.text)
    __rt_heap_expand                         0x08000547   Thumb Code     2  heapauxi.o(.text)
    _printf_int_common                       0x08000549   Thumb Code   178  _printf_intcommon.o(.text)
    __lib_sel_fp_printf                      0x080005fb   Thumb Code     2  _printf_fp_dec.o(.text)
    _printf_fp_dec_real                      0x080007a9   Thumb Code   620  _printf_fp_dec.o(.text)
    _printf_char_file                        0x08000a15   Thumb Code    32  _printf_char_file.o(.text)
    __aeabi_memcpy4                          0x08000a39   Thumb Code     0  rt_memcpy_w.o(.text)
    __aeabi_memcpy8                          0x08000a39   Thumb Code     0  rt_memcpy_w.o(.text)
    __rt_memcpy_w                            0x08000a39   Thumb Code   100  rt_memcpy_w.o(.text)
    _memcpy_lastbytes_aligned                0x08000a81   Thumb Code     0  rt_memcpy_w.o(.text)
    __rt_locale                              0x08000a9d   Thumb Code     8  rt_locale_intlibspace.o(.text)
    _ll_udiv10                               0x08000aa5   Thumb Code   138  lludiv10.o(.text)
    _printf_char_common                      0x08000b3b   Thumb Code    32  _printf_char_common.o(.text)
    _printf_fp_infnan                        0x08000b61   Thumb Code   112  _printf_fp_infnan.o(.text)
    _btod_etento                             0x08000be1   Thumb Code   216  bigflt0.o(.text)
    ferror                                   0x08000cbd   Thumb Code     8  ferror.o(.text)
    _initio                                  0x08000cc5   Thumb Code   210  initio.o(.text)
    _terminateio                             0x08000d97   Thumb Code    56  initio.o(.text)
    _sys_open                                0x08000dfd   Thumb Code    20  sys_io.o(.text)
    _sys_close                               0x08000e11   Thumb Code    12  sys_io.o(.text)
    _sys_write                               0x08000e1d   Thumb Code    16  sys_io.o(.text)
    _sys_read                                0x08000e2d   Thumb Code    14  sys_io.o(.text)
    _sys_istty                               0x08000e3b   Thumb Code    12  sys_io.o(.text)
    _sys_seek                                0x08000e47   Thumb Code    14  sys_io.o(.text)
    _sys_ensure                              0x08000e55   Thumb Code     2  sys_io.o(.text)
    _sys_flen                                0x08000e57   Thumb Code    12  sys_io.o(.text)
    __user_libspace                          0x08000e65   Thumb Code     8  libspace.o(.text)
    __user_perproc_libspace                  0x08000e65   Thumb Code     0  libspace.o(.text)
    __user_perthread_libspace                0x08000e65   Thumb Code     0  libspace.o(.text)
    __user_setup_stackheap                   0x08000e6d   Thumb Code    74  sys_stackheap_outer.o(.text)
    free                                     0x08000eb7   Thumb Code    78  h1_free.o(.text)
    setvbuf                                  0x08000f05   Thumb Code    70  setvbuf.o(.text)
    freopen                                  0x08000f4d   Thumb Code   158  fopen.o(.text)
    fopen                                    0x08000feb   Thumb Code    74  fopen.o(.text)
    _fclose_internal                         0x08001039   Thumb Code    76  fclose.o(.text)
    fclose                                   0x08001039   Thumb Code     0  fclose.o(.text)
    exit                                     0x08001085   Thumb Code    18  exit.o(.text)
    __rt_SIGRTRED                            0x08001097   Thumb Code    14  defsig_rtred_outer.o(.text)
    strcmp                                   0x080010a5   Thumb Code   128  strcmpv7m.o(.text)
    __I$use$semihosting                      0x08001125   Thumb Code     0  use_no_semi.o(.text)
    __use_no_semihosting_swi                 0x08001125   Thumb Code     2  use_no_semi.o(.text)
    __semihosting_library_function           0x08001127   Thumb Code     0  indicate_semi.o(.text)
    __rt_heap_descriptor                     0x08001129   Thumb Code     8  rt_heap_descriptor_intlibspace.o(.text)
    __use_no_heap                            0x08001131   Thumb Code     2  hguard.o(.text)
    __heap$guard                             0x08001133   Thumb Code     2  hguard.o(.text)
    _terminate_user_alloc                    0x08001135   Thumb Code     2  init_alloc.o(.text)
    _init_user_alloc                         0x08001137   Thumb Code     2  init_alloc.o(.text)
    __Heap_Full                              0x08001139   Thumb Code    34  init_alloc.o(.text)
    __Heap_Broken                            0x0800115b   Thumb Code     6  init_alloc.o(.text)
    _init_alloc                              0x08001161   Thumb Code    94  init_alloc.o(.text)
    malloc                                   0x080011bf   Thumb Code    94  h1_alloc.o(.text)
    _fseek                                   0x0800121d   Thumb Code   242  fseek.o(.text)
    fseek                                    0x0800121d   Thumb Code     0  fseek.o(.text)
    _seterr                                  0x08001315   Thumb Code    20  stdio.o(.text)
    _writebuf                                0x08001329   Thumb Code    84  stdio.o(.text)
    _fflush                                  0x0800137d   Thumb Code    70  stdio.o(.text)
    _deferredlazyseek                        0x080013c3   Thumb Code    60  stdio.o(.text)
    __sig_exit                               0x08001405   Thumb Code    10  defsig_exit.o(.text)
    __rt_SIGRTRED_inner                      0x08001411   Thumb Code    14  defsig_rtred_inner.o(.text)
    strlen                                   0x08001445   Thumb Code    62  strlen.o(.text)
    _sys_exit                                0x08001485   Thumb Code     8  sys_exit.o(.text)
    __Heap_Initialize                        0x08001491   Thumb Code    10  h1_init.o(.text)
    __Heap_DescSize                          0x0800149b   Thumb Code     4  h1_init.o(.text)
    __Heap_ProvideMemory                     0x0800149f   Thumb Code    52  h1_extend.o(.text)
    _ftell_internal                          0x080014d3   Thumb Code    66  ftell.o(.text)
    ftell                                    0x080014d3   Thumb Code     0  ftell.o(.text)
    __default_signal_display                 0x08001515   Thumb Code    50  defsig_general.o(.text)
    __rt_SIGRTMEM                            0x08001547   Thumb Code    14  defsig_rtmem_outer.o(.text)
    _ttywrch                                 0x08001555   Thumb Code    14  sys_wrch.o(.text)
    __aeabi_errno_addr                       0x08001565   Thumb Code     8  rt_errno_addr_intlibspace.o(.text)
    __errno$intlibspace                      0x08001565   Thumb Code     0  rt_errno_addr_intlibspace.o(.text)
    __rt_errno_addr$intlibspace              0x08001565   Thumb Code     0  rt_errno_addr_intlibspace.o(.text)
    __rt_SIGRTMEM_inner                      0x0800156d   Thumb Code    22  defsig_rtmem_inner.o(.text)
    _btod_d2e                                0x080015bd   Thumb Code    62  btod.o(CL$$btod_d2e)
    _d2e_denorm_low                          0x080015fb   Thumb Code    70  btod.o(CL$$btod_d2e_denorm_low)
    _d2e_norm_op1                            0x08001641   Thumb Code    96  btod.o(CL$$btod_d2e_norm_op1)
    __btod_div_common                        0x080016a1   Thumb Code   696  btod.o(CL$$btod_div_common)
    _e2e                                     0x080019d9   Thumb Code   198  btod.o(CL$$btod_e2e)
    _btod_ediv                               0x08001a9f   Thumb Code    40  btod.o(CL$$btod_ediv)
    _btod_emul                               0x08001ac7   Thumb Code    40  btod.o(CL$$btod_emul)
    __btod_mult_common                       0x08001aef   Thumb Code   580  btod.o(CL$$btod_mult_common)
    ADC_ConversionStop_Disable               0x08001d35   Thumb Code    86  stm32f1xx_hal_adc.o(i.ADC_ConversionStop_Disable)
    ADC_Enable                               0x08001d8d   Thumb Code   114  stm32f1xx_hal_adc.o(i.ADC_Enable)
    BusFault_Handler                         0x08001e09   Thumb Code     2  stm32f1xx_it.o(i.BusFault_Handler)
    DMA1_Channel4_IRQHandler                 0x08001e0d   Thumb Code     6  stm32f1xx_it.o(i.DMA1_Channel4_IRQHandler)
    DMA1_Channel5_IRQHandler                 0x08001e19   Thumb Code     6  stm32f1xx_it.o(i.DMA1_Channel5_IRQHandler)
    DMA1_Channel6_IRQHandler                 0x08001e25   Thumb Code     6  stm32f1xx_it.o(i.DMA1_Channel6_IRQHandler)
    DMA1_Channel7_IRQHandler                 0x08001e31   Thumb Code     6  stm32f1xx_it.o(i.DMA1_Channel7_IRQHandler)
    DebugMon_Handler                         0x08001e67   Thumb Code     2  stm32f1xx_it.o(i.DebugMon_Handler)
    Error_Handler                            0x08001e69   Thumb Code     4  main.o(i.Error_Handler)
    HAL_ADC_ConfigChannel                    0x08001e6d   Thumb Code   240  stm32f1xx_hal_adc.o(i.HAL_ADC_ConfigChannel)
    HAL_ADC_GetValue                         0x08001f69   Thumb Code     6  stm32f1xx_hal_adc.o(i.HAL_ADC_GetValue)
    HAL_ADC_Init                             0x08001f71   Thumb Code   272  stm32f1xx_hal_adc.o(i.HAL_ADC_Init)
    HAL_ADC_MspInit                          0x0800208d   Thumb Code    30  adc.o(i.HAL_ADC_MspInit)
    HAL_ADC_PollForConversion                0x080020b5   Thumb Code   304  stm32f1xx_hal_adc.o(i.HAL_ADC_PollForConversion)
    HAL_ADC_Start                            0x080021f1   Thumb Code   184  stm32f1xx_hal_adc.o(i.HAL_ADC_Start)
    HAL_DMA_Abort                            0x080022b1   Thumb Code    70  stm32f1xx_hal_dma.o(i.HAL_DMA_Abort)
    HAL_DMA_Abort_IT                         0x080022f9   Thumb Code   148  stm32f1xx_hal_dma.o(i.HAL_DMA_Abort_IT)
    HAL_DMA_IRQHandler                       0x08002391   Thumb Code   316  stm32f1xx_hal_dma.o(i.HAL_DMA_IRQHandler)
    HAL_DMA_Init                             0x080024e5   Thumb Code    84  stm32f1xx_hal_dma.o(i.HAL_DMA_Init)
    HAL_DMA_Start_IT                         0x08002541   Thumb Code   112  stm32f1xx_hal_dma.o(i.HAL_DMA_Start_IT)
    HAL_Delay                                0x080025b1   Thumb Code    32  stm32f1xx_hal.o(i.HAL_Delay)
    HAL_GPIO_Init                            0x080025d5   Thumb Code   446  stm32f1xx_hal_gpio.o(i.HAL_GPIO_Init)
    HAL_GPIO_WritePin                        0x080027b5   Thumb Code    10  stm32f1xx_hal_gpio.o(i.HAL_GPIO_WritePin)
    HAL_GetTick                              0x080027c1   Thumb Code     6  stm32f1xx_hal.o(i.HAL_GetTick)
    HAL_I2C_Init                             0x080027cd   Thumb Code   376  stm32f1xx_hal_i2c.o(i.HAL_I2C_Init)
    HAL_I2C_MspInit                          0x08002955   Thumb Code    80  i2c.o(i.HAL_I2C_MspInit)
    HAL_IncTick                              0x080029b1   Thumb Code    12  stm32f1xx_hal.o(i.HAL_IncTick)
    HAL_Init                                 0x080029c1   Thumb Code    32  stm32f1xx_hal.o(i.HAL_Init)
    HAL_InitTick                             0x080029e5   Thumb Code    54  stm32f1xx_hal.o(i.HAL_InitTick)
    HAL_MspInit                              0x08002a25   Thumb Code    52  stm32f1xx_hal_msp.o(i.HAL_MspInit)
    HAL_NVIC_EnableIRQ                       0x08002a61   Thumb Code    26  stm32f1xx_hal_cortex.o(i.HAL_NVIC_EnableIRQ)
    HAL_NVIC_SetPriority                     0x08002a7d   Thumb Code    60  stm32f1xx_hal_cortex.o(i.HAL_NVIC_SetPriority)
    HAL_NVIC_SetPriorityGrouping             0x08002abd   Thumb Code    26  stm32f1xx_hal_cortex.o(i.HAL_NVIC_SetPriorityGrouping)
    HAL_RCCEx_GetPeriphCLKFreq               0x08002ae1   Thumb Code   166  stm32f1xx_hal_rcc_ex.o(i.HAL_RCCEx_GetPeriphCLKFreq)
    HAL_RCCEx_PeriphCLKConfig                0x08002ba9   Thumb Code   224  stm32f1xx_hal_rcc_ex.o(i.HAL_RCCEx_PeriphCLKConfig)
    HAL_RCC_ClockConfig                      0x08002c95   Thumb Code   280  stm32f1xx_hal_rcc.o(i.HAL_RCC_ClockConfig)
    HAL_RCC_GetPCLK1Freq                     0x08002dc1   Thumb Code    20  stm32f1xx_hal_rcc.o(i.HAL_RCC_GetPCLK1Freq)
    HAL_RCC_GetPCLK2Freq                     0x08002de1   Thumb Code    20  stm32f1xx_hal_rcc.o(i.HAL_RCC_GetPCLK2Freq)
    HAL_RCC_GetSysClockFreq                  0x08002e01   Thumb Code    74  stm32f1xx_hal_rcc.o(i.HAL_RCC_GetSysClockFreq)
    HAL_RCC_OscConfig                        0x08002e6d   Thumb Code   778  stm32f1xx_hal_rcc.o(i.HAL_RCC_OscConfig)
    HAL_SYSTICK_Config                       0x0800318d   Thumb Code    40  stm32f1xx_hal_cortex.o(i.HAL_SYSTICK_Config)
    HAL_TIMEx_BreakCallback                  0x080031b5   Thumb Code     2  stm32f1xx_hal_tim_ex.o(i.HAL_TIMEx_BreakCallback)
    HAL_TIMEx_CommutCallback                 0x080031b7   Thumb Code     2  stm32f1xx_hal_tim_ex.o(i.HAL_TIMEx_CommutCallback)
    HAL_TIMEx_MasterConfigSynchronization    0x080031b9   Thumb Code    92  stm32f1xx_hal_tim_ex.o(i.HAL_TIMEx_MasterConfigSynchronization)
    HAL_TIM_Base_Init                        0x08003221   Thumb Code    90  stm32f1xx_hal_tim.o(i.HAL_TIM_Base_Init)
    HAL_TIM_Base_MspInit                     0x0800327d   Thumb Code    50  tim.o(i.HAL_TIM_Base_MspInit)
    HAL_TIM_ConfigClockSource                0x080032b5   Thumb Code   214  stm32f1xx_hal_tim.o(i.HAL_TIM_ConfigClockSource)
    HAL_TIM_IC_CaptureCallback               0x0800338b   Thumb Code     2  stm32f1xx_hal_tim.o(i.HAL_TIM_IC_CaptureCallback)
    HAL_TIM_IRQHandler                       0x0800338d   Thumb Code   358  stm32f1xx_hal_tim.o(i.HAL_TIM_IRQHandler)
    HAL_TIM_MspPostInit                      0x080034f5   Thumb Code    62  tim.o(i.HAL_TIM_MspPostInit)
    HAL_TIM_OC_DelayElapsedCallback          0x0800353d   Thumb Code     2  stm32f1xx_hal_tim.o(i.HAL_TIM_OC_DelayElapsedCallback)
    HAL_TIM_PWM_ConfigChannel                0x0800353f   Thumb Code   198  stm32f1xx_hal_tim.o(i.HAL_TIM_PWM_ConfigChannel)
    HAL_TIM_PWM_Init                         0x08003605   Thumb Code    90  stm32f1xx_hal_tim.o(i.HAL_TIM_PWM_Init)
    HAL_TIM_PWM_MspInit                      0x0800365f   Thumb Code     2  stm32f1xx_hal_tim.o(i.HAL_TIM_PWM_MspInit)
    HAL_TIM_PWM_PulseFinishedCallback        0x08003661   Thumb Code     2  stm32f1xx_hal_tim.o(i.HAL_TIM_PWM_PulseFinishedCallback)
    HAL_TIM_PWM_Start                        0x08003665   Thumb Code   144  stm32f1xx_hal_tim.o(i.HAL_TIM_PWM_Start)
    HAL_TIM_PeriodElapsedCallback            0x08003701   Thumb Code     2  stm32f1xx_hal_tim.o(i.HAL_TIM_PeriodElapsedCallback)
    HAL_TIM_TriggerCallback                  0x08003703   Thumb Code     2  stm32f1xx_hal_tim.o(i.HAL_TIM_TriggerCallback)
    HAL_UARTEx_RxEventCallback               0x08003705   Thumb Code     2  stm32f1xx_hal_uart.o(i.HAL_UARTEx_RxEventCallback)
    HAL_UART_DMAStop                         0x08003707   Thumb Code    88  stm32f1xx_hal_uart.o(i.HAL_UART_DMAStop)
    HAL_UART_ErrorCallback                   0x0800375f   Thumb Code     2  stm32f1xx_hal_uart.o(i.HAL_UART_ErrorCallback)
    HAL_UART_IRQHandler                      0x08003761   Thumb Code   520  stm32f1xx_hal_uart.o(i.HAL_UART_IRQHandler)
    HAL_UART_Init                            0x0800396d   Thumb Code    98  stm32f1xx_hal_uart.o(i.HAL_UART_Init)
    HAL_UART_MspInit                         0x080039d1   Thumb Code   402  usart.o(i.HAL_UART_MspInit)
    HAL_UART_Receive                         0x08003b7d   Thumb Code   192  stm32f1xx_hal_uart.o(i.HAL_UART_Receive)
    HAL_UART_Receive_DMA                     0x08003c3d   Thumb Code    42  stm32f1xx_hal_uart.o(i.HAL_UART_Receive_DMA)
    HAL_UART_RxCpltCallback                  0x08003c67   Thumb Code     2  stm32f1xx_hal_uart.o(i.HAL_UART_RxCpltCallback)
    HAL_UART_RxHalfCpltCallback              0x08003c69   Thumb Code     2  stm32f1xx_hal_uart.o(i.HAL_UART_RxHalfCpltCallback)
    HAL_UART_Transmit                        0x08003c6d   Thumb Code   178  stm32f1xx_hal_uart.o(i.HAL_UART_Transmit)
    HAL_UART_TxCpltCallback                  0x08003d1f   Thumb Code     2  stm32f1xx_hal_uart.o(i.HAL_UART_TxCpltCallback)
    HardFault_Handler                        0x08003d21   Thumb Code     2  stm32f1xx_it.o(i.HardFault_Handler)
    InsideTemperature                        0x08003d25   Thumb Code   124  adc.o(i.InsideTemperature)
    MX_ADC1_Init                             0x08003e15   Thumb Code    72  adc.o(i.MX_ADC1_Init)
    MX_DMA_Init                              0x08003e65   Thumb Code    88  dma.o(i.MX_DMA_Init)
    MX_GPIO_Init                             0x08003ec1   Thumb Code   118  gpio.o(i.MX_GPIO_Init)
    MX_I2C1_Init                             0x08003f41   Thumb Code    50  i2c.o(i.MX_I2C1_Init)
    MX_TIM2_Init                             0x08003f81   Thumb Code   146  tim.o(i.MX_TIM2_Init)
    MX_USART1_UART_Init                      0x08004019   Thumb Code    54  usart.o(i.MX_USART1_UART_Init)
    MX_USART2_UART_Init                      0x08004059   Thumb Code    54  usart.o(i.MX_USART2_UART_Init)
    MemManage_Handler                        0x08004099   Thumb Code     2  stm32f1xx_it.o(i.MemManage_Handler)
    ModBus_CRC16                             0x0800409d   Thumb Code    56  main.o(i.ModBus_CRC16)
    NMI_Handler                              0x080040d9   Thumb Code     2  stm32f1xx_it.o(i.NMI_Handler)
    PWM_Reference                            0x080040dd   Thumb Code    12  tim.o(i.PWM_Reference)
    PWM_Sample                               0x080040ed   Thumb Code    12  tim.o(i.PWM_Sample)
    PWM_dark                                 0x080040fd   Thumb Code    12  tim.o(i.PWM_dark)
    PendSV_Handler                           0x0800410d   Thumb Code     2  stm32f1xx_it.o(i.PendSV_Handler)
    SVC_Handler                              0x0800410f   Thumb Code     2  stm32f1xx_it.o(i.SVC_Handler)
    SysTick_Handler                          0x08004111   Thumb Code     4  stm32f1xx_it.o(i.SysTick_Handler)
    SystemClock_Config                       0x08004115   Thumb Code   120  main.o(i.SystemClock_Config)
    SystemInit                               0x0800418d   Thumb Code     2  system_stm32f1xx.o(i.SystemInit)
    TIM2_IRQHandler                          0x08004191   Thumb Code     6  stm32f1xx_it.o(i.TIM2_IRQHandler)
    TIM_Base_SetConfig                       0x0800419d   Thumb Code    94  stm32f1xx_hal_tim.o(i.TIM_Base_SetConfig)
    TIM_CCxChannelCmd                        0x08004209   Thumb Code    26  stm32f1xx_hal_tim.o(i.TIM_CCxChannelCmd)
    TIM_ETR_SetConfig                        0x08004223   Thumb Code    20  stm32f1xx_hal_tim.o(i.TIM_ETR_SetConfig)
    TIM_OC2_SetConfig                        0x08004299   Thumb Code    84  stm32f1xx_hal_tim.o(i.TIM_OC2_SetConfig)
    UART_Start_Receive_DMA                   0x08004651   Thumb Code    98  stm32f1xx_hal_uart.o(i.UART_Start_Receive_DMA)
    USART1_IRQHandler                        0x08004725   Thumb Code    76  stm32f1xx_it.o(i.USART1_IRQHandler)
    USART2_IRQHandler                        0x08004785   Thumb Code    86  stm32f1xx_it.o(i.USART2_IRQHandler)
    UsageFault_Handler                       0x080047f5   Thumb Code     2  stm32f1xx_it.o(i.UsageFault_Handler)
    __ARM_fpclassify                         0x080047f7   Thumb Code    40  fpclassify.o(i.__ARM_fpclassify)
    _is_digit                                0x0800483f   Thumb Code    14  __printf_wp.o(i._is_digit)
    fputc                                    0x0800484d   Thumb Code    18  usart.o(i.fputc)
    main                                     0x08004865   Thumb Code  3372  main.o(i.main)
    memv                                     0x080055a1   Thumb Code    34  main.o(i.memv)
    _get_lc_numeric                          0x080055c9   Thumb Code    44  lc_numeric_c.o(locale$$code)
    __aeabi_d2f                              0x080055f5   Thumb Code     0  d2f.o(x$fpl$d2f)
    _d2f                                     0x080055f5   Thumb Code    98  d2f.o(x$fpl$d2f)
    __aeabi_dadd                             0x08005659   Thumb Code     0  daddsub_clz.o(x$fpl$dadd)
    _dadd                                    0x08005659   Thumb Code   332  daddsub_clz.o(x$fpl$dadd)
    __aeabi_ddiv                             0x080057a9   Thumb Code     0  ddiv.o(x$fpl$ddiv)
    _ddiv                                    0x080057a9   Thumb Code   552  ddiv.o(x$fpl$ddiv)
    __aeabi_i2d                              0x08005a59   Thumb Code     0  dflt_clz.o(x$fpl$dflt)
    _dflt                                    0x08005a59   Thumb Code    46  dflt_clz.o(x$fpl$dflt)
    __aeabi_dmul                             0x08005a89   Thumb Code     0  dmul.o(x$fpl$dmul)
    _dmul                                    0x08005a89   Thumb Code   332  dmul.o(x$fpl$dmul)
    __fpl_dnaninf                            0x08005bdd   Thumb Code   156  dnaninf.o(x$fpl$dnaninf)
    __fpl_dretinf                            0x08005c79   Thumb Code    12  dretinf.o(x$fpl$dretinf)
    __aeabi_drsub                            0x08005c85   Thumb Code     0  daddsub_clz.o(x$fpl$drsb)
    _drsb                                    0x08005c85   Thumb Code    22  daddsub_clz.o(x$fpl$drsb)
    __aeabi_dsub                             0x08005c9d   Thumb Code     0  daddsub_clz.o(x$fpl$dsub)
    _dsub                                    0x08005c9d   Thumb Code   464  daddsub_clz.o(x$fpl$dsub)
    __aeabi_f2d                              0x08005e71   Thumb Code     0  f2d.o(x$fpl$f2d)
    _f2d                                     0x08005e71   Thumb Code    86  f2d.o(x$fpl$f2d)
    __fpl_fnaninf                            0x08005ec7   Thumb Code   140  fnaninf.o(x$fpl$fnaninf)
    __fpl_fretinf                            0x08005f53   Thumb Code    10  fretinf.o(x$fpl$fretinf)
    _printf_fp_dec                           0x08005f5d   Thumb Code     4  printf1.o(x$fpl$printf1)
    AHBPrescTable                            0x08005f60   Data          16  system_stm32f1xx.o(.constdata)
    __I$use$fp                               0x08005f60   Number         0  usenofp.o(x$fpl$usenofp)
    APBPrescTable                            0x08005f70   Data           8  system_stm32f1xx.o(.constdata)
    __stdin_name                             0x0800600c   Data           4  sys_io.o(.constdata)
    __stdout_name                            0x08006010   Data           4  sys_io.o(.constdata)
    __stderr_name                            0x08006014   Data           4  sys_io.o(.constdata)
    Region$$Table$$Base                      0x08006018   Number         0  anon$$obj.o(Region$$Table)
    Region$$Table$$Limit                     0x08006038   Number         0  anon$$obj.o(Region$$Table)
    CRC16                                    0x20000000   Data           2  main.o(.data)
    U1_Spec_pul1                             0x20000002   Data           2  main.o(.data)
    U1_Spec_pix                              0x20000004   Data           2  main.o(.data)
    U1_Spec_ave                              0x20000006   Data           2  main.o(.data)
    U2_Spec_reset                            0x20000008   Data           3  main.o(.data)
    U2_Spec_mac                              0x2000000b   Data           3  main.o(.data)
    U2_Spec_get_par                          0x2000000e   Data           3  main.o(.data)
    U2_Spec_getdata                          0x20000011   Data           3  main.o(.data)
    Spec_OK                                  0x20000014   Data           3  main.o(.data)
    x                                        0x20000018   Data           4  main.o(.data)
    CRC_i                                    0x2000001c   Data           4  main.o(.data)
    CRC_j                                    0x20000020   Data           4  main.o(.data)
    U2_Spec_vinteg                           0x20000024   Data           4  main.o(.data)
    U2_Spec_vpul                             0x20000028   Data           4  main.o(.data)
    U2_Spec_vpix                             0x2000002c   Data           4  main.o(.data)
    U2_Spec_vave                             0x20000030   Data           4  main.o(.data)
    U2_Spec_vwavelength                      0x20000034   Data           4  main.o(.data)
    U2_Spec_xenonoff                         0x20000038   Data           4  main.o(.data)
    U2_Spec_xenonon                          0x2000003c   Data           4  main.o(.data)
    memv_i                                   0x20000040   Data           4  main.o(.data)
    U2_Spec_ave                              0x20000044   Data           5  main.o(.data)
    U2_Spec_integ                            0x20000049   Data           7  main.o(.data)
    U1_Spec_reset                            0x20000050   Data           8  main.o(.data)
    U1_Spec_mac                              0x20000058   Data           8  main.o(.data)
    U1_Spec_integ                            0x20000060   Data           8  main.o(.data)
    U1_Spec_vinteg                           0x20000068   Data           8  main.o(.data)
    U1_Spec_vpul                             0x20000070   Data           8  main.o(.data)
    U1_Spec_vpix                             0x20000078   Data           8  main.o(.data)
    U1_Spec_vave                             0x20000080   Data           8  main.o(.data)
    U1_Spec_get_par                          0x20000088   Data           8  main.o(.data)
    U1_Spec_vwavelength                      0x20000090   Data           8  main.o(.data)
    U1_Spec_darkdata                         0x20000098   Data           8  main.o(.data)
    U1_Spec_referdata                        0x200000a0   Data           8  main.o(.data)
    U1_Spec_samdata                          0x200000a8   Data           8  main.o(.data)
    U1_Spec_totaldata                        0x200000b0   Data           8  main.o(.data)
    U1_SPec_intemp                           0x200000b8   Data           8  main.o(.data)
    MAC                                      0x200000c0   Data          25  main.o(.data)
    U2_Spec_pul                              0x200000d9   Data          11  main.o(.data)
    U2_Spec_pix                              0x200000e4   Data          11  main.o(.data)
    AD_Value                                 0x200000f0   Data           4  adc.o(.data)
    Vol_Value                                0x200000f4   Data           4  adc.o(.data)
    ADC_Temperature                          0x200000f8   Data           4  adc.o(.data)
    Rx1_Len                                  0x200000fc   Data           1  usart.o(.data)
    Rx2_Len                                  0x200000fd   Data           1  usart.o(.data)
    Rx2_lendemo                              0x200000fe   Data           1  usart.o(.data)
    Error                                    0x20000100   Data           1  sht30_i2c_driver.o(.data)
    Temperature                              0x20000104   Data           4  sht30_i2c_driver.o(.data)
    Humidity                                 0x20000108   Data           4  sht30_i2c_driver.o(.data)
    I2CRXBuffer                              0x2000010c   Data           6  sht30_i2c_driver.o(.data)
    uwTickFreq                               0x20000114   Data           1  stm32f1xx_hal.o(.data)
    uwTickPrio                               0x20000118   Data           4  stm32f1xx_hal.o(.data)
    uwTick                                   0x2000011c   Data           4  stm32f1xx_hal.o(.data)
    SystemCoreClock                          0x20000120   Data           4  system_stm32f1xx.o(.data)
    __aeabi_stdin                            0x20000124   Data           4  stdio_streams.o(.data)
    __aeabi_stdout                           0x20000128   Data           4  stdio_streams.o(.data)
    __aeabi_stderr                           0x2000012c   Data           4  stdio_streams.o(.data)
    CRC_Data                                 0x20000130   Data          16  main.o(.bss)
    Ver                                      0x20000140   Data          47  main.o(.bss)
    hadc1                                    0x20000170   Data          48  adc.o(.bss)
    hi2c1                                    0x200001a0   Data          84  i2c.o(.bss)
    htim2                                    0x200001f4   Data          72  tim.o(.bss)
    Rx1_Buffer                               0x2000023c   Data          16  usart.o(.bss)
    Rx2_Buffer                               0x2000024c   Data        6144  usart.o(.bss)
    Dec                                      0x20001a4c   Data          16  usart.o(.bss)
    Data                                     0x20001a5c   Data        6144  usart.o(.bss)
    huart1                                   0x2000325c   Data          68  usart.o(.bss)
    huart2                                   0x200032a0   Data          68  usart.o(.bss)
    hdma_usart1_rx                           0x200032e4   Data          68  usart.o(.bss)
    hdma_usart1_tx                           0x20003328   Data          68  usart.o(.bss)
    hdma_usart2_rx                           0x2000336c   Data          68  usart.o(.bss)
    hdma_usart2_tx                           0x200033b0   Data          68  usart.o(.bss)
    __stdin                                  0x200033f4   Data          84  stdio_streams.o(.bss)
    __stdout                                 0x20003448   Data          84  stdio_streams.o(.bss)
    __stderr                                 0x2000349c   Data          84  stdio_streams.o(.bss)
    __libspace_start                         0x200034f0   Data          96  libspace.o(.bss)
    __temporary_stack_top$libspace           0x20003550   Data           0  libspace.o(.bss)



==============================================================================

Memory Map of the image

  Image Entry point : 0x080000ed

  Load Region LR_IROM1 (Base: 0x08000000, Size: 0x00006184, Max: 0x00010000, ABSOLUTE, COMPRESSED[0x00006114])

    Execution Region ER_IROM1 (Base: 0x08000000, Size: 0x00006054, Max: 0x00010000, ABSOLUTE)

    Base Addr    Size         Type   Attr      Idx    E Section Name        Object

    0x08000000   0x000000ec   Data   RO            3    RESET               startup_stm32f103xb.o
    0x080000ec   0x00000008   Code   RO         3797  * !!!main             c_w.l(__main.o)
    0x080000f4   0x00000034   Code   RO         4220    !!!scatter          c_w.l(__scatter.o)
    0x08000128   0x0000003a   Code   RO         4218    !!dczerorl          c_w.l(__dczerorl.o)
    0x08000162   0x00000002   PAD
    0x08000164   0x0000001c   Code   RO         4222    !!handler_zi        c_w.l(__scatter_zi.o)
    0x08000180   0x00000000   Code   RO         3784    .ARM.Collect$$_printf_percent$$00000000  c_w.l(_printf_percent.o)
    0x08000180   0x00000006   Code   RO         3783    .ARM.Collect$$_printf_percent$$00000003  c_w.l(_printf_f.o)
    0x08000186   0x00000006   Code   RO         3782    .ARM.Collect$$_printf_percent$$00000009  c_w.l(_printf_d.o)
    0x0800018c   0x00000004   Code   RO         3846    .ARM.Collect$$_printf_percent$$00000017  c_w.l(_printf_percent_end.o)
    0x08000190   0x00000002   Code   RO         4028    .ARM.Collect$$libinit$$00000000  c_w.l(libinit.o)
    0x08000192   0x00000000   Code   RO         4030    .ARM.Collect$$libinit$$00000002  c_w.l(libinit2.o)
    0x08000192   0x00000000   Code   RO         4032    .ARM.Collect$$libinit$$00000004  c_w.l(libinit2.o)
    0x08000192   0x00000008   Code   RO         4033    .ARM.Collect$$libinit$$00000005  c_w.l(libinit2.o)
    0x0800019a   0x00000000   Code   RO         4035    .ARM.Collect$$libinit$$0000000A  c_w.l(libinit2.o)
    0x0800019a   0x00000000   Code   RO         4037    .ARM.Collect$$libinit$$0000000C  c_w.l(libinit2.o)
    0x0800019a   0x00000000   Code   RO         4039    .ARM.Collect$$libinit$$0000000E  c_w.l(libinit2.o)
    0x0800019a   0x00000006   Code   RO         4040    .ARM.Collect$$libinit$$0000000F  c_w.l(libinit2.o)
    0x080001a0   0x00000000   Code   RO         4042    .ARM.Collect$$libinit$$00000011  c_w.l(libinit2.o)
    0x080001a0   0x00000000   Code   RO         4044    .ARM.Collect$$libinit$$00000013  c_w.l(libinit2.o)
    0x080001a0   0x00000000   Code   RO         4046    .ARM.Collect$$libinit$$00000015  c_w.l(libinit2.o)
    0x080001a0   0x0000000a   Code   RO         4047    .ARM.Collect$$libinit$$00000016  c_w.l(libinit2.o)
    0x080001aa   0x00000000   Code   RO         4048    .ARM.Collect$$libinit$$00000017  c_w.l(libinit2.o)
    0x080001aa   0x00000000   Code   RO         4050    .ARM.Collect$$libinit$$00000019  c_w.l(libinit2.o)
    0x080001aa   0x00000000   Code   RO         4052    .ARM.Collect$$libinit$$0000001B  c_w.l(libinit2.o)
    0x080001aa   0x00000000   Code   RO         4054    .ARM.Collect$$libinit$$0000001D  c_w.l(libinit2.o)
    0x080001aa   0x00000000   Code   RO         4056    .ARM.Collect$$libinit$$0000001F  c_w.l(libinit2.o)
    0x080001aa   0x00000000   Code   RO         4058    .ARM.Collect$$libinit$$00000021  c_w.l(libinit2.o)
    0x080001aa   0x00000000   Code   RO         4060    .ARM.Collect$$libinit$$00000023  c_w.l(libinit2.o)
    0x080001aa   0x00000004   Code   RO         4061    .ARM.Collect$$libinit$$00000024  c_w.l(libinit2.o)
    0x080001ae   0x00000000   Code   RO         4062    .ARM.Collect$$libinit$$00000025  c_w.l(libinit2.o)
    0x080001ae   0x00000000   Code   RO         4066    .ARM.Collect$$libinit$$0000002C  c_w.l(libinit2.o)
    0x080001ae   0x00000000   Code   RO         4068    .ARM.Collect$$libinit$$0000002E  c_w.l(libinit2.o)
    0x080001ae   0x00000000   Code   RO         4070    .ARM.Collect$$libinit$$00000030  c_w.l(libinit2.o)
    0x080001ae   0x00000000   Code   RO         4072    .ARM.Collect$$libinit$$00000032  c_w.l(libinit2.o)
    0x080001ae   0x00000002   Code   RO         4073    .ARM.Collect$$libinit$$00000033  c_w.l(libinit2.o)
    0x080001b0   0x00000002   Code   RO         4197    .ARM.Collect$$libshutdown$$00000000  c_w.l(libshutdown.o)
    0x080001b2   0x00000000   Code   RO         4075    .ARM.Collect$$libshutdown$$00000002  c_w.l(libshutdown2.o)
    0x080001b2   0x00000004   Code   RO         4076    .ARM.Collect$$libshutdown$$00000003  c_w.l(libshutdown2.o)
    0x080001b6   0x00000000   Code   RO         4077    .ARM.Collect$$libshutdown$$00000004  c_w.l(libshutdown2.o)
    0x080001b6   0x00000000   Code   RO         4080    .ARM.Collect$$libshutdown$$00000007  c_w.l(libshutdown2.o)
    0x080001b6   0x00000000   Code   RO         4083    .ARM.Collect$$libshutdown$$0000000A  c_w.l(libshutdown2.o)
    0x080001b6   0x00000000   Code   RO         4085    .ARM.Collect$$libshutdown$$0000000C  c_w.l(libshutdown2.o)
    0x080001b6   0x00000000   Code   RO         4088    .ARM.Collect$$libshutdown$$0000000F  c_w.l(libshutdown2.o)
    0x080001b6   0x00000002   Code   RO         4089    .ARM.Collect$$libshutdown$$00000010  c_w.l(libshutdown2.o)
    0x080001b8   0x00000000   Code   RO         3839    .ARM.Collect$$rtentry$$00000000  c_w.l(__rtentry.o)
    0x080001b8   0x00000000   Code   RO         3867    .ARM.Collect$$rtentry$$00000002  c_w.l(__rtentry2.o)
    0x080001b8   0x00000006   Code   RO         3879    .ARM.Collect$$rtentry$$00000004  c_w.l(__rtentry4.o)
    0x080001be   0x00000000   Code   RO         3869    .ARM.Collect$$rtentry$$00000009  c_w.l(__rtentry2.o)
    0x080001be   0x00000004   Code   RO         3870    .ARM.Collect$$rtentry$$0000000A  c_w.l(__rtentry2.o)
    0x080001c2   0x00000000   Code   RO         3872    .ARM.Collect$$rtentry$$0000000C  c_w.l(__rtentry2.o)
    0x080001c2   0x00000008   Code   RO         3873    .ARM.Collect$$rtentry$$0000000D  c_w.l(__rtentry2.o)
    0x080001ca   0x00000002   Code   RO         4095    .ARM.Collect$$rtexit$$00000000  c_w.l(rtexit.o)
    0x080001cc   0x00000000   Code   RO         4143    .ARM.Collect$$rtexit$$00000002  c_w.l(rtexit2.o)
    0x080001cc   0x00000004   Code   RO         4144    .ARM.Collect$$rtexit$$00000003  c_w.l(rtexit2.o)
    0x080001d0   0x00000006   Code   RO         4145    .ARM.Collect$$rtexit$$00000004  c_w.l(rtexit2.o)
    0x080001d6   0x00000002   PAD
    0x080001d8   0x00000000   Code   RO         4149    .emb_text           c_w.l(maybetermalloc1.o)
    0x080001d8   0x00000040   Code   RO            4    .text               startup_stm32f103xb.o
    0x08000218   0x00000018   Code   RO         3756    .text               c_w.l(noretval__2printf.o)
    0x08000230   0x00000078   Code   RO         3760    .text               c_w.l(_printf_dec.o)
    0x080002a8   0x0000010e   Code   RO         3770    .text               c_w.l(__printf_wp.o)
    0x080003b6   0x00000058   Code   RO         3785    .text               c_w.l(memcmp.o)
    0x0800040e   0x00000018   Code   RO         3787    .text               c_w.l(strcat.o)
    0x08000426   0x0000008a   Code   RO         3789    .text               c_w.l(rt_memcpy_v6.o)
    0x080004b0   0x00000044   Code   RO         3791    .text               c_w.l(rt_memclr.o)
    0x080004f4   0x0000004e   Code   RO         3793    .text               c_w.l(rt_memclr_w.o)
    0x08000542   0x00000006   Code   RO         3795    .text               c_w.l(heapauxi.o)
    0x08000548   0x000000b2   Code   RO         3840    .text               c_w.l(_printf_intcommon.o)
    0x080005fa   0x0000041a   Code   RO         3842    .text               c_w.l(_printf_fp_dec.o)
    0x08000a14   0x00000024   Code   RO         3844    .text               c_w.l(_printf_char_file.o)
    0x08000a38   0x00000064   Code   RO         3853    .text               c_w.l(rt_memcpy_w.o)
    0x08000a9c   0x00000008   Code   RO         3884    .text               c_w.l(rt_locale_intlibspace.o)
    0x08000aa4   0x0000008a   Code   RO         3886    .text               c_w.l(lludiv10.o)
    0x08000b2e   0x00000002   PAD
    0x08000b30   0x00000030   Code   RO         3888    .text               c_w.l(_printf_char_common.o)
    0x08000b60   0x00000080   Code   RO         3890    .text               c_w.l(_printf_fp_infnan.o)
    0x08000be0   0x000000dc   Code   RO         3892    .text               c_w.l(bigflt0.o)
    0x08000cbc   0x00000008   Code   RO         3917    .text               c_w.l(ferror.o)
    0x08000cc4   0x00000138   Code   RO         3919    .text               c_w.l(initio.o)
    0x08000dfc   0x00000066   Code   RO         3934    .text               c_w.l(sys_io.o)
    0x08000e62   0x00000002   PAD
    0x08000e64   0x00000008   Code   RO         3939    .text               c_w.l(libspace.o)
    0x08000e6c   0x0000004a   Code   RO         3944    .text               c_w.l(sys_stackheap_outer.o)
    0x08000eb6   0x0000004e   Code   RO         3948    .text               c_w.l(h1_free.o)
    0x08000f04   0x00000046   Code   RO         4004    .text               c_w.l(setvbuf.o)
    0x08000f4a   0x00000002   PAD
    0x08000f4c   0x000000ec   Code   RO         4007    .text               c_w.l(fopen.o)
    0x08001038   0x0000004c   Code   RO         4009    .text               c_w.l(fclose.o)
    0x08001084   0x00000012   Code   RO         4015    .text               c_w.l(exit.o)
    0x08001096   0x0000000e   Code   RO         4017    .text               c_w.l(defsig_rtred_outer.o)
    0x080010a4   0x00000080   Code   RO         4021    .text               c_w.l(strcmpv7m.o)
    0x08001124   0x00000002   Code   RO         4092    .text               c_w.l(use_no_semi.o)
    0x08001126   0x00000000   Code   RO         4094    .text               c_w.l(indicate_semi.o)
    0x08001126   0x00000002   PAD
    0x08001128   0x00000008   Code   RO         4102    .text               c_w.l(rt_heap_descriptor_intlibspace.o)
    0x08001130   0x00000004   Code   RO         4104    .text               c_w.l(hguard.o)
    0x08001134   0x0000008a   Code   RO         4106    .text               c_w.l(init_alloc.o)
    0x080011be   0x0000005e   Code   RO         4112    .text               c_w.l(h1_alloc.o)
    0x0800121c   0x000000f8   Code   RO         4126    .text               c_w.l(fseek.o)
    0x08001314   0x000000f0   Code   RO         4128    .text               c_w.l(stdio.o)
    0x08001404   0x0000000a   Code   RO         4130    .text               c_w.l(defsig_exit.o)
    0x0800140e   0x00000002   PAD
    0x08001410   0x00000034   Code   RO         4132    .text               c_w.l(defsig_rtred_inner.o)
    0x08001444   0x0000003e   Code   RO         4134    .text               c_w.l(strlen.o)
    0x08001482   0x00000002   PAD
    0x08001484   0x0000000c   Code   RO         4140    .text               c_w.l(sys_exit.o)
    0x08001490   0x0000000e   Code   RO         4151    .text               c_w.l(h1_init.o)
    0x0800149e   0x00000034   Code   RO         4153    .text               c_w.l(h1_extend.o)
    0x080014d2   0x00000042   Code   RO         4159    .text               c_w.l(ftell.o)
    0x08001514   0x00000032   Code   RO         4163    .text               c_w.l(defsig_general.o)
    0x08001546   0x0000000e   Code   RO         4165    .text               c_w.l(defsig_rtmem_outer.o)
    0x08001554   0x0000000e   Code   RO         4178    .text               c_w.l(sys_wrch.o)
    0x08001562   0x00000002   PAD
    0x08001564   0x00000008   Code   RO         4185    .text               c_w.l(rt_errno_addr_intlibspace.o)
    0x0800156c   0x00000050   Code   RO         4191    .text               c_w.l(defsig_rtmem_inner.o)
    0x080015bc   0x0000003e   Code   RO         3895    CL$$btod_d2e        c_w.l(btod.o)
    0x080015fa   0x00000046   Code   RO         3897    CL$$btod_d2e_denorm_low  c_w.l(btod.o)
    0x08001640   0x00000060   Code   RO         3896    CL$$btod_d2e_norm_op1  c_w.l(btod.o)
    0x080016a0   0x00000338   Code   RO         3905    CL$$btod_div_common  c_w.l(btod.o)
    0x080019d8   0x000000c6   Code   RO         3902    CL$$btod_e2e        c_w.l(btod.o)
    0x08001a9e   0x00000028   Code   RO         3899    CL$$btod_ediv       c_w.l(btod.o)
    0x08001ac6   0x00000028   Code   RO         3898    CL$$btod_emul       c_w.l(btod.o)
    0x08001aee   0x00000244   Code   RO         3904    CL$$btod_mult_common  c_w.l(btod.o)
    0x08001d32   0x00000002   PAD
    0x08001d34   0x00000056   Code   RO          702    i.ADC_ConversionStop_Disable  stm32f1xx_hal_adc.o
    0x08001d8a   0x00000002   PAD
    0x08001d8c   0x0000007c   Code   RO          706    i.ADC_Enable        stm32f1xx_hal_adc.o
    0x08001e08   0x00000002   Code   RO          467    i.BusFault_Handler  stm32f1xx_it.o
    0x08001e0a   0x00000002   PAD
    0x08001e0c   0x0000000c   Code   RO          468    i.DMA1_Channel4_IRQHandler  stm32f1xx_it.o
    0x08001e18   0x0000000c   Code   RO          469    i.DMA1_Channel5_IRQHandler  stm32f1xx_it.o
    0x08001e24   0x0000000c   Code   RO          470    i.DMA1_Channel6_IRQHandler  stm32f1xx_it.o
    0x08001e30   0x0000000c   Code   RO          471    i.DMA1_Channel7_IRQHandler  stm32f1xx_it.o
    0x08001e3c   0x0000002a   Code   RO         1356    i.DMA_SetConfig     stm32f1xx_hal_dma.o
    0x08001e66   0x00000002   Code   RO          472    i.DebugMon_Handler  stm32f1xx_it.o
    0x08001e68   0x00000004   Code   RO           13    i.Error_Handler     main.o
    0x08001e6c   0x000000fc   Code   RO          708    i.HAL_ADC_ConfigChannel  stm32f1xx_hal_adc.o
    0x08001f68   0x00000006   Code   RO          715    i.HAL_ADC_GetValue  stm32f1xx_hal_adc.o
    0x08001f6e   0x00000002   PAD
    0x08001f70   0x0000011c   Code   RO          717    i.HAL_ADC_Init      stm32f1xx_hal_adc.o
    0x0800208c   0x00000028   Code   RO          226    i.HAL_ADC_MspInit   adc.o
    0x080020b4   0x0000013c   Code   RO          721    i.HAL_ADC_PollForConversion  stm32f1xx_hal_adc.o
    0x080021f0   0x000000c0   Code   RO          723    i.HAL_ADC_Start     stm32f1xx_hal_adc.o
    0x080022b0   0x00000046   Code   RO         1357    i.HAL_DMA_Abort     stm32f1xx_hal_dma.o
    0x080022f6   0x00000002   PAD
    0x080022f8   0x00000098   Code   RO         1358    i.HAL_DMA_Abort_IT  stm32f1xx_hal_dma.o
    0x08002390   0x00000154   Code   RO         1362    i.HAL_DMA_IRQHandler  stm32f1xx_hal_dma.o
    0x080024e4   0x0000005c   Code   RO         1363    i.HAL_DMA_Init      stm32f1xx_hal_dma.o
    0x08002540   0x00000070   Code   RO         1367    i.HAL_DMA_Start_IT  stm32f1xx_hal_dma.o
    0x080025b0   0x00000024   Code   RO          985    i.HAL_Delay         stm32f1xx_hal.o
    0x080025d4   0x000001e0   Code   RO         1293    i.HAL_GPIO_Init     stm32f1xx_hal_gpio.o
    0x080027b4   0x0000000a   Code   RO         1297    i.HAL_GPIO_WritePin  stm32f1xx_hal_gpio.o
    0x080027be   0x00000002   PAD
    0x080027c0   0x0000000c   Code   RO          989    i.HAL_GetTick       stm32f1xx_hal.o
    0x080027cc   0x00000188   Code   RO         1964    i.HAL_I2C_Init      stm32f1xx_hal_i2c.o
    0x08002954   0x0000005c   Code   RO          299    i.HAL_I2C_MspInit   i2c.o
    0x080029b0   0x00000010   Code   RO          995    i.HAL_IncTick       stm32f1xx_hal.o
    0x080029c0   0x00000024   Code   RO          996    i.HAL_Init          stm32f1xx_hal.o
    0x080029e4   0x00000040   Code   RO          997    i.HAL_InitTick      stm32f1xx_hal.o
    0x08002a24   0x0000003c   Code   RO          585    i.HAL_MspInit       stm32f1xx_hal_msp.o
    0x08002a60   0x0000001a   Code   RO         1453    i.HAL_NVIC_EnableIRQ  stm32f1xx_hal_cortex.o
    0x08002a7a   0x00000002   PAD
    0x08002a7c   0x00000040   Code   RO         1459    i.HAL_NVIC_SetPriority  stm32f1xx_hal_cortex.o
    0x08002abc   0x00000024   Code   RO         1460    i.HAL_NVIC_SetPriorityGrouping  stm32f1xx_hal_cortex.o
    0x08002ae0   0x000000c8   Code   RO         1255    i.HAL_RCCEx_GetPeriphCLKFreq  stm32f1xx_hal_rcc_ex.o
    0x08002ba8   0x000000ec   Code   RO         1256    i.HAL_RCCEx_PeriphCLKConfig  stm32f1xx_hal_rcc_ex.o
    0x08002c94   0x0000012c   Code   RO         1153    i.HAL_RCC_ClockConfig  stm32f1xx_hal_rcc.o
    0x08002dc0   0x00000020   Code   RO         1160    i.HAL_RCC_GetPCLK1Freq  stm32f1xx_hal_rcc.o
    0x08002de0   0x00000020   Code   RO         1161    i.HAL_RCC_GetPCLK2Freq  stm32f1xx_hal_rcc.o
    0x08002e00   0x0000006c   Code   RO         1162    i.HAL_RCC_GetSysClockFreq  stm32f1xx_hal_rcc.o
    0x08002e6c   0x00000320   Code   RO         1165    i.HAL_RCC_OscConfig  stm32f1xx_hal_rcc.o
    0x0800318c   0x00000028   Code   RO         1464    i.HAL_SYSTICK_Config  stm32f1xx_hal_cortex.o
    0x080031b4   0x00000002   Code   RO         3091    i.HAL_TIMEx_BreakCallback  stm32f1xx_hal_tim_ex.o
    0x080031b6   0x00000002   Code   RO         3092    i.HAL_TIMEx_CommutCallback  stm32f1xx_hal_tim_ex.o
    0x080031b8   0x00000068   Code   RO         3110    i.HAL_TIMEx_MasterConfigSynchronization  stm32f1xx_hal_tim_ex.o
    0x08003220   0x0000005a   Code   RO         2387    i.HAL_TIM_Base_Init  stm32f1xx_hal_tim.o
    0x0800327a   0x00000002   PAD
    0x0800327c   0x00000038   Code   RO          341    i.HAL_TIM_Base_MspInit  tim.o
    0x080032b4   0x000000d6   Code   RO         2396    i.HAL_TIM_ConfigClockSource  stm32f1xx_hal_tim.o
    0x0800338a   0x00000002   Code   RO         2421    i.HAL_TIM_IC_CaptureCallback  stm32f1xx_hal_tim.o
    0x0800338c   0x00000166   Code   RO         2435    i.HAL_TIM_IRQHandler  stm32f1xx_hal_tim.o
    0x080034f2   0x00000002   PAD
    0x080034f4   0x00000048   Code   RO          342    i.HAL_TIM_MspPostInit  tim.o
    0x0800353c   0x00000002   Code   RO         2438    i.HAL_TIM_OC_DelayElapsedCallback  stm32f1xx_hal_tim.o
    0x0800353e   0x000000c6   Code   RO         2459    i.HAL_TIM_PWM_ConfigChannel  stm32f1xx_hal_tim.o
    0x08003604   0x0000005a   Code   RO         2462    i.HAL_TIM_PWM_Init  stm32f1xx_hal_tim.o
    0x0800365e   0x00000002   Code   RO         2464    i.HAL_TIM_PWM_MspInit  stm32f1xx_hal_tim.o
    0x08003660   0x00000002   Code   RO         2465    i.HAL_TIM_PWM_PulseFinishedCallback  stm32f1xx_hal_tim.o
    0x08003662   0x00000002   PAD
    0x08003664   0x0000009c   Code   RO         2467    i.HAL_TIM_PWM_Start  stm32f1xx_hal_tim.o
    0x08003700   0x00000002   Code   RO         2473    i.HAL_TIM_PeriodElapsedCallback  stm32f1xx_hal_tim.o
    0x08003702   0x00000002   Code   RO         2478    i.HAL_TIM_TriggerCallback  stm32f1xx_hal_tim.o
    0x08003704   0x00000002   Code   RO         3369    i.HAL_UARTEx_RxEventCallback  stm32f1xx_hal_uart.o
    0x08003706   0x00000058   Code   RO         3381    i.HAL_UART_DMAStop  stm32f1xx_hal_uart.o
    0x0800375e   0x00000002   Code   RO         3383    i.HAL_UART_ErrorCallback  stm32f1xx_hal_uart.o
    0x08003760   0x0000020c   Code   RO         3386    i.HAL_UART_IRQHandler  stm32f1xx_hal_uart.o
    0x0800396c   0x00000062   Code   RO         3387    i.HAL_UART_Init     stm32f1xx_hal_uart.o
    0x080039ce   0x00000002   PAD
    0x080039d0   0x000001ac   Code   RO          407    i.HAL_UART_MspInit  usart.o
    0x08003b7c   0x000000c0   Code   RO         3390    i.HAL_UART_Receive  stm32f1xx_hal_uart.o
    0x08003c3c   0x0000002a   Code   RO         3391    i.HAL_UART_Receive_DMA  stm32f1xx_hal_uart.o
    0x08003c66   0x00000002   Code   RO         3393    i.HAL_UART_RxCpltCallback  stm32f1xx_hal_uart.o
    0x08003c68   0x00000002   Code   RO         3394    i.HAL_UART_RxHalfCpltCallback  stm32f1xx_hal_uart.o
    0x08003c6a   0x00000002   PAD
    0x08003c6c   0x000000b2   Code   RO         3395    i.HAL_UART_Transmit  stm32f1xx_hal_uart.o
    0x08003d1e   0x00000002   Code   RO         3398    i.HAL_UART_TxCpltCallback  stm32f1xx_hal_uart.o
    0x08003d20   0x00000002   Code   RO          473    i.HardFault_Handler  stm32f1xx_it.o
    0x08003d22   0x00000002   PAD
    0x08003d24   0x000000f0   Code   RO          227    i.InsideTemperature  adc.o
    0x08003e14   0x00000050   Code   RO          228    i.MX_ADC1_Init      adc.o
    0x08003e64   0x0000005c   Code   RO          274    i.MX_DMA_Init       dma.o
    0x08003ec0   0x00000080   Code   RO          201    i.MX_GPIO_Init      gpio.o
    0x08003f40   0x00000040   Code   RO          300    i.MX_I2C1_Init      i2c.o
    0x08003f80   0x00000098   Code   RO          343    i.MX_TIM2_Init      tim.o
    0x08004018   0x00000040   Code   RO          408    i.MX_USART1_UART_Init  usart.o
    0x08004058   0x00000040   Code   RO          409    i.MX_USART2_UART_Init  usart.o
    0x08004098   0x00000002   Code   RO          474    i.MemManage_Handler  stm32f1xx_it.o
    0x0800409a   0x00000002   PAD
    0x0800409c   0x0000003c   Code   RO           14    i.ModBus_CRC16      main.o
    0x080040d8   0x00000002   Code   RO          475    i.NMI_Handler       stm32f1xx_it.o
    0x080040da   0x00000002   PAD
    0x080040dc   0x00000010   Code   RO          344    i.PWM_Reference     tim.o
    0x080040ec   0x00000010   Code   RO          345    i.PWM_Sample        tim.o
    0x080040fc   0x00000010   Code   RO          346    i.PWM_dark          tim.o
    0x0800410c   0x00000002   Code   RO          476    i.PendSV_Handler    stm32f1xx_it.o
    0x0800410e   0x00000002   Code   RO          477    i.SVC_Handler       stm32f1xx_it.o
    0x08004110   0x00000004   Code   RO          478    i.SysTick_Handler   stm32f1xx_it.o
    0x08004114   0x00000078   Code   RO           15    i.SystemClock_Config  main.o
    0x0800418c   0x00000002   Code   RO         3716    i.SystemInit        system_stm32f1xx.o
    0x0800418e   0x00000002   PAD
    0x08004190   0x0000000c   Code   RO          479    i.TIM2_IRQHandler   stm32f1xx_it.o
    0x0800419c   0x0000006c   Code   RO         2480    i.TIM_Base_SetConfig  stm32f1xx_hal_tim.o
    0x08004208   0x0000001a   Code   RO         2481    i.TIM_CCxChannelCmd  stm32f1xx_hal_tim.o
    0x08004222   0x00000014   Code   RO         2491    i.TIM_ETR_SetConfig  stm32f1xx_hal_tim.o
    0x08004236   0x00000010   Code   RO         2492    i.TIM_ITRx_SetConfig  stm32f1xx_hal_tim.o
    0x08004246   0x00000002   PAD
    0x08004248   0x00000050   Code   RO         2493    i.TIM_OC1_SetConfig  stm32f1xx_hal_tim.o
    0x08004298   0x00000058   Code   RO         2494    i.TIM_OC2_SetConfig  stm32f1xx_hal_tim.o
    0x080042f0   0x00000058   Code   RO         2495    i.TIM_OC3_SetConfig  stm32f1xx_hal_tim.o
    0x08004348   0x00000044   Code   RO         2496    i.TIM_OC4_SetConfig  stm32f1xx_hal_tim.o
    0x0800438c   0x00000022   Code   RO         2498    i.TIM_TI1_ConfigInputStage  stm32f1xx_hal_tim.o
    0x080043ae   0x00000024   Code   RO         2500    i.TIM_TI2_ConfigInputStage  stm32f1xx_hal_tim.o
    0x080043d2   0x00000010   Code   RO         3400    i.UART_DMAAbortOnError  stm32f1xx_hal_uart.o
    0x080043e2   0x0000004a   Code   RO         3401    i.UART_DMAError     stm32f1xx_hal_uart.o
    0x0800442c   0x0000005a   Code   RO         3402    i.UART_DMAReceiveCplt  stm32f1xx_hal_uart.o
    0x08004486   0x0000001a   Code   RO         3404    i.UART_DMARxHalfCplt  stm32f1xx_hal_uart.o
    0x080044a0   0x00000030   Code   RO         3410    i.UART_EndRxTransfer  stm32f1xx_hal_uart.o
    0x080044d0   0x00000012   Code   RO         3411    i.UART_EndTxTransfer  stm32f1xx_hal_uart.o
    0x080044e2   0x000000b6   Code   RO         3412    i.UART_Receive_IT   stm32f1xx_hal_uart.o
    0x08004598   0x000000b8   Code   RO         3413    i.UART_SetConfig    stm32f1xx_hal_uart.o
    0x08004650   0x00000070   Code   RO         3414    i.UART_Start_Receive_DMA  stm32f1xx_hal_uart.o
    0x080046c0   0x00000064   Code   RO         3416    i.UART_WaitOnFlagUntilTimeout  stm32f1xx_hal_uart.o
    0x08004724   0x00000060   Code   RO          480    i.USART1_IRQHandler  stm32f1xx_it.o
    0x08004784   0x00000070   Code   RO          481    i.USART2_IRQHandler  stm32f1xx_it.o
    0x080047f4   0x00000002   Code   RO          482    i.UsageFault_Handler  stm32f1xx_it.o
    0x080047f6   0x00000028   Code   RO         3932    i.__ARM_fpclassify  m_ws.l(fpclassify.o)
    0x0800481e   0x00000020   Code   RO         1466    i.__NVIC_SetPriority  stm32f1xx_hal_cortex.o
    0x0800483e   0x0000000e   Code   RO         3772    i._is_digit         c_w.l(__printf_wp.o)
    0x0800484c   0x00000018   Code   RO          410    i.fputc             usart.o
    0x08004864   0x00000d3c   Code   RO           16    i.main              main.o
    0x080055a0   0x00000028   Code   RO           17    i.memv              main.o
    0x080055c8   0x0000002c   Code   RO         3926    locale$$code        c_w.l(lc_numeric_c.o)
    0x080055f4   0x00000062   Code   RO         3799    x$fpl$d2f           fz_ws.l(d2f.o)
    0x08005656   0x00000002   PAD
    0x08005658   0x00000150   Code   RO         3801    x$fpl$dadd          fz_ws.l(daddsub_clz.o)
    0x080057a8   0x000002b0   Code   RO         3808    x$fpl$ddiv          fz_ws.l(ddiv.o)
    0x08005a58   0x0000002e   Code   RO         3812    x$fpl$dflt          fz_ws.l(dflt_clz.o)
    0x08005a86   0x00000002   PAD
    0x08005a88   0x00000154   Code   RO         3817    x$fpl$dmul          fz_ws.l(dmul.o)
    0x08005bdc   0x0000009c   Code   RO         3855    x$fpl$dnaninf       fz_ws.l(dnaninf.o)
    0x08005c78   0x0000000c   Code   RO         3857    x$fpl$dretinf       fz_ws.l(dretinf.o)
    0x08005c84   0x00000016   Code   RO         3802    x$fpl$drsb          fz_ws.l(daddsub_clz.o)
    0x08005c9a   0x00000002   PAD
    0x08005c9c   0x000001d4   Code   RO         3803    x$fpl$dsub          fz_ws.l(daddsub_clz.o)
    0x08005e70   0x00000056   Code   RO         3819    x$fpl$f2d           fz_ws.l(f2d.o)
    0x08005ec6   0x0000008c   Code   RO         3861    x$fpl$fnaninf       fz_ws.l(fnaninf.o)
    0x08005f52   0x0000000a   Code   RO         3863    x$fpl$fretinf       fz_ws.l(fretinf.o)
    0x08005f5c   0x00000004   Code   RO         3835    x$fpl$printf1       fz_ws.l(printf1.o)
    0x08005f60   0x00000000   Code   RO         3865    x$fpl$usenofp       fz_ws.l(usenofp.o)
    0x08005f60   0x00000010   Data   RO         3717    .constdata          system_stm32f1xx.o
    0x08005f70   0x00000008   Data   RO         3718    .constdata          system_stm32f1xx.o
    0x08005f78   0x00000094   Data   RO         3893    .constdata          c_w.l(bigflt0.o)
    0x0800600c   0x00000004   Data   RO         3935    .constdata          c_w.l(sys_io.o)
    0x08006010   0x00000004   Data   RO         3936    .constdata          c_w.l(sys_io.o)
    0x08006014   0x00000004   Data   RO         3937    .constdata          c_w.l(sys_io.o)
    0x08006018   0x00000020   Data   RO         4216    Region$$Table       anon$$obj.o
    0x08006038   0x0000001c   Data   RO         3925    locale$$data        c_w.l(lc_numeric_c.o)


    Execution Region RW_IRAM1 (Base: 0x20000000, Size: 0x00003b50, Max: 0x00005000, ABSOLUTE, COMPRESSED[0x000000c0])

    Base Addr    Size         Type   Attr      Idx    E Section Name        Object

    0x20000000   0x000000ef   Data   RW           21    .data               main.o
    0x200000ef   0x00000001   PAD
    0x200000f0   0x0000000c   Data   RW          230    .data               adc.o
    0x200000fc   0x00000001   Data   RW          416    .data               usart.o
    0x200000fd   0x00000001   Data   RW          417    .data               usart.o
    0x200000fe   0x00000001   Data   RW          418    .data               usart.o
    0x200000ff   0x00000001   PAD
    0x20000100   0x00000012   Data   RW          614    .data               sht30_i2c_driver.o
    0x20000112   0x00000002   PAD
    0x20000114   0x0000000c   Data   RW         1003    .data               stm32f1xx_hal.o
    0x20000120   0x00000004   Data   RW         3719    .data               system_stm32f1xx.o
    0x20000124   0x00000004   Data   RW         3850    .data               c_w.l(stdio_streams.o)
    0x20000128   0x00000004   Data   RW         3851    .data               c_w.l(stdio_streams.o)
    0x2000012c   0x00000004   Data   RW         3852    .data               c_w.l(stdio_streams.o)
    0x20000130   0x0000003f   Zero   RW           18    .bss                main.o
    0x2000016f   0x00000001   PAD
    0x20000170   0x00000030   Zero   RW          229    .bss                adc.o
    0x200001a0   0x00000054   Zero   RW          301    .bss                i2c.o
    0x200001f4   0x00000048   Zero   RW          347    .bss                tim.o
    0x2000023c   0x00000010   Zero   RW          411    .bss                usart.o
    0x2000024c   0x00001800   Zero   RW          412    .bss                usart.o
    0x20001a4c   0x00000010   Zero   RW          413    .bss                usart.o
    0x20001a5c   0x00001800   Zero   RW          414    .bss                usart.o
    0x2000325c   0x00000198   Zero   RW          415    .bss                usart.o
    0x200033f4   0x00000054   Zero   RW         3847    .bss                c_w.l(stdio_streams.o)
    0x20003448   0x00000054   Zero   RW         3848    .bss                c_w.l(stdio_streams.o)
    0x2000349c   0x00000054   Zero   RW         3849    .bss                c_w.l(stdio_streams.o)
    0x200034f0   0x00000060   Zero   RW         3940    .bss                c_w.l(libspace.o)
    0x20003550   0x00000200   Zero   RW            2    HEAP                startup_stm32f103xb.o
    0x20003750   0x00000400   Zero   RW            1    STACK               startup_stm32f103xb.o


==============================================================================

Image component sizes


      Code (inc. data)   RO Data    RW Data    ZI Data      Debug   Object Name

       360        134          0         12         48       2272   adc.o
        92          4          0          0          0        798   dma.o
       128         10          0          0          0        967   gpio.o
       156         26          0          0         84       1665   i2c.o
      3612        132          0        239         63     458162   main.o
         0          0          0         18          0        982   sht30_i2c_driver.o
        64         26        236          0       1536        820   startup_stm32f103xb.o
       164         28          0         12          0       5973   stm32f1xx_hal.o
      1260         54          0          0          0       6592   stm32f1xx_hal_adc.o
       198         14          0          0          0      29011   stm32f1xx_hal_cortex.o
       808         36          0          0          0       5050   stm32f1xx_hal_dma.o
       490         34          0          0          0       2916   stm32f1xx_hal_gpio.o
       392         16          0          0          0       3119   stm32f1xx_hal_i2c.o
        60          8          0          0          0        890   stm32f1xx_hal_msp.o
      1272        100          0          0          0       5248   stm32f1xx_hal_rcc.o
       436         46          0          0          0       2561   stm32f1xx_hal_rcc_ex.o
      1682         46          0          0          0      15890   stm32f1xx_hal_tim.o
       108         12          0          0          0       2405   stm32f1xx_hal_tim_ex.o
      1982         24          0          0          0      16084   stm32f1xx_hal_uart.o
       288         76          0          0          0       7992   stm32f1xx_it.o
         2          0         24          4          0       1143   system_stm32f1xx.o
       328         34          0          0         72       3628   tim.o
       580         52          0          3      12728       3550   usart.o

    ----------------------------------------------------------------------
     14494        912        292        292      14532     577718   Object Totals
         0          0         32          0          0          0   (incl. Generated)
        32          0          0          4          1          0   (incl. Padding)

    ----------------------------------------------------------------------

      Code (inc. data)   RO Data    RW Data    ZI Data      Debug   Library Member Name

        58          0          0          0          0          0   __dczerorl.o
         8          0          0          0          0         68   __main.o
       284          0          0          0          0        156   __printf_wp.o
         0          0          0          0          0          0   __rtentry.o
        12          0          0          0          0          0   __rtentry2.o
         6          0          0          0          0          0   __rtentry4.o
        52          8          0          0          0          0   __scatter.o
        28          0          0          0          0          0   __scatter_zi.o
        48          6          0          0          0         96   _printf_char_common.o
        36          4          0          0          0         80   _printf_char_file.o
         6          0          0          0          0          0   _printf_d.o
       120         16          0          0          0         92   _printf_dec.o
         6          0          0          0          0          0   _printf_f.o
      1050          0          0          0          0        216   _printf_fp_dec.o
       128         16          0          0          0         84   _printf_fp_infnan.o
       178          0          0          0          0         88   _printf_intcommon.o
         0          0          0          0          0          0   _printf_percent.o
         4          0          0          0          0          0   _printf_percent_end.o
       220          4        148          0          0         96   bigflt0.o
      1910        128          0          0          0        672   btod.o
        10          0          0          0          0         68   defsig_exit.o
        50          0          0          0          0         88   defsig_general.o
        80         58          0          0          0         76   defsig_rtmem_inner.o
        14          0          0          0          0         80   defsig_rtmem_outer.o
        52         38          0          0          0         76   defsig_rtred_inner.o
        14          0          0          0          0         80   defsig_rtred_outer.o
        18          0          0          0          0         80   exit.o
        76          0          0          0          0         88   fclose.o
         8          0          0          0          0         68   ferror.o
       236          4          0          0          0        128   fopen.o
       248          6          0          0          0         84   fseek.o
        66          0          0          0          0         76   ftell.o
        94          0          0          0          0         80   h1_alloc.o
        52          0          0          0          0         68   h1_extend.o
        78          0          0          0          0         80   h1_free.o
        14          0          0          0          0         84   h1_init.o
         6          0          0          0          0        152   heapauxi.o
         4          0          0          0          0        136   hguard.o
         0          0          0          0          0          0   indicate_semi.o
       138          0          0          0          0        168   init_alloc.o
       312         46          0          0          0        112   initio.o
        44         10         28          0          0         76   lc_numeric_c.o
         2          0          0          0          0          0   libinit.o
        30          0          0          0          0          0   libinit2.o
         2          0          0          0          0          0   libshutdown.o
         6          0          0          0          0          0   libshutdown2.o
         8          4          0          0         96         68   libspace.o
       138          0          0          0          0         80   lludiv10.o
         0          0          0          0          0          0   maybetermalloc1.o
        88          0          0          0          0         76   memcmp.o
        24          4          0          0          0         84   noretval__2printf.o
         8          4          0          0          0         68   rt_errno_addr_intlibspace.o
         8          4          0          0          0         68   rt_heap_descriptor_intlibspace.o
         8          4          0          0          0         68   rt_locale_intlibspace.o
        68          0          0          0          0         68   rt_memclr.o
        78          0          0          0          0         80   rt_memclr_w.o
       138          0          0          0          0         68   rt_memcpy_v6.o
       100          0          0          0          0         80   rt_memcpy_w.o
         2          0          0          0          0          0   rtexit.o
        10          0          0          0          0          0   rtexit2.o
        70          0          0          0          0         80   setvbuf.o
       240          6          0          0          0        156   stdio.o
         0          0          0         12        252          0   stdio_streams.o
        24          0          0          0          0         68   strcat.o
       128          0          0          0          0         68   strcmpv7m.o
        62          0          0          0          0         76   strlen.o
        12          4          0          0          0         68   sys_exit.o
       102          0         12          0          0        240   sys_io.o
        74          0          0          0          0         80   sys_stackheap_outer.o
        14          0          0          0          0         76   sys_wrch.o
         2          0          0          0          0         68   use_no_semi.o
        98          4          0          0          0         92   d2f.o
       826         16          0          0          0        348   daddsub_clz.o
       688        140          0          0          0        208   ddiv.o
        46          0          0          0          0         68   dflt_clz.o
       340         12          0          0          0        104   dmul.o
       156          4          0          0          0         92   dnaninf.o
        12          0          0          0          0         68   dretinf.o
        86          4          0          0          0         84   f2d.o
       140          4          0          0          0         84   fnaninf.o
        10          0          0          0          0         68   fretinf.o
         4          0          0          0          0         68   printf1.o
         0          0          0          0          0          0   usenofp.o
        40          0          0          0          0         68   fpclassify.o

    ----------------------------------------------------------------------
      9686        558        188         12        348       6736   Library Totals
        26          0          0          0          0          0   (incl. Padding)

    ----------------------------------------------------------------------

      Code (inc. data)   RO Data    RW Data    ZI Data      Debug   Library Name

      7214        374        188         12        348       5384   c_w.l
      2406        184          0          0          0       1284   fz_ws.l
        40          0          0          0          0         68   m_ws.l

    ----------------------------------------------------------------------
      9686        558        188         12        348       6736   Library Totals

    ----------------------------------------------------------------------

==============================================================================


      Code (inc. data)   RO Data    RW Data    ZI Data      Debug   

     24180       1470        480        304      14880     574830   Grand Totals
     24180       1470        480        192      14880     574830   ELF Image Totals (compressed)
     24180       1470        480        192          0          0   ROM Totals

==============================================================================

    Total RO  Size (Code + RO Data)                24660 (  24.08kB)
    Total RW  Size (RW Data + ZI Data)             15184 (  14.83kB)
    Total ROM Size (Code + RO Data + RW Data)      24852 (  24.27kB)

==============================================================================

